(Alentus:123.5,(Chanbria:104.0,((Rhiphicephalus:149.0,(Artemia:193.0,((Limulus:126.0,Mastigoproctus:117.0)HTU29:30.0,(Hypochilus:115.0,Thelichoris:91.0)HTU30:41.0)HTU26:35.0)HTU28:21.0)HTU27:43.5,((Gea:162.5,((Amblypygid:82.0,(Americhernus:171.5,Aportus:175.0)HTU20:73.0)HTU19:66.5,(Vonones:103.0,(Pauroctonus:97.0,Thermobius:157.0)HTU23:49.5)HTU24:41.5)HTU18:72.5)HTU21:39.0,(Centruoides:88.0,Hadrurus:143.0)HTU22:76.0)HTU32:49.0)HTU25:45.0)HTU31:181.5)HTU17[1740.0];
(Alentus:104.0,(Chanbria:91.5,((Rhiphicephalus:142.5,(Artemia:165.5,(Mastigoproctus:98.5,(Hypochilus:94.5,Thelichoris:73.5)HTU30:54.5)HTU27:43.5)HTU29:31.0)HTU28:50.5,((Gea:160.5,((Limulus:81.5,(Vonones:96.5,(Pauroctonus:94.5,Thermobius:148.5)HTU24:49.5)HTU25:27.0)HTU19:27.5,(Amblypygid:107.0,(Americhernus:189.0,Aportus:169.0)HTU21:87.0)HTU20:67.5)HTU18:50.0)HTU22:48.0,(Centruoides:75.0,Hadrurus:113.0)HTU23:79.5)HTU32:47.0)HTU26:36.5)HTU31:112.0)HTU17[1734.0];
(Alentus:179.5,(Chanbria:90.0,((Rhiphicephalus:148.5,(Artemia:182.5,((Gea:162.0,(Hypochilus:75.5,Thelichoris:109.5)HTU30:37.0)HTU25:38.5,(Limulus:103.0,Mastigoproctus:116.0)HTU29:34.5)HTU26:41.5)HTU28:24.0)HTU27:45.5,(((Amblypygid:82.0,(Americhernus:233.0,Aportus:124.0)HTU20:51.0)HTU19:37.0,(Vonones:84.0,(Pauroctonus:85.0,Thermobius:145.0)HTU22:55.0)HTU23:28.0)HTU18:48.0,(Centruoides:75.0,Hadrurus:124.0)HTU21:78.0)HTU32:46.5)HTU24:44.5)HTU31:174.0)HTU17[1719.0];
(Alentus:115.5,(Chanbria:100.0,((Rhiphicephalus:152.0,(Artemia:172.5,(Mastigoproctus:114.5,(Gea:163.0,(Hypochilus:98.0,Thelichoris:121.0)HTU30:47.0)HTU26:46.5)HTU27:37.5)HTU29:32.5)HTU28:44.0,(((Limulus:90.5,(Vonones:103.0,(Pauroctonus:105.5,Thermobius:163.5)HTU23:45.0)HTU24:34.5)HTU19:41.0,(Amblypygid:86.0,(Americhernus:185.5,Aportus:171.0)HTU21:63.5)HTU20:65.5)HTU18:47.0,(Centruoides:90.0,Hadrurus:139.0)HTU22:79.0)HTU32:43.0)HTU25:36.5)HTU31:179.0)HTU17[1711.0];
(Alentus:187.5,(Chanbria:98.0,((Rhiphicephalus:158.5,(Artemia:162.0,(Mastigoproctus:91.5,(Gea:144.0,(Hypochilus:68.5,Thelichoris:97.5)HTU22:44.0)HTU23:52.5)HTU24:32.5)HTU25:37.0)HTU26:35.5,((Limulus:71.5,((Vonones:88.0,(Pauroctonus:76.0,Thermobius:152.0)HTU18:58.5)HTU19:28.5,(Aportus:134.0,(Amblypygid:115.0,Americhernus:225.5)HTU32:70.5)HTU30:72.5)HTU31:31.5)HTU20:35.0,(Centruoides:84.0,Hadrurus:114.0)HTU21:73.5)HTU27:27.5)HTU28:38.0)HTU29:125.0)HTU17[1708.0];
(Alentus:187.5,(Chanbria:98.0,((Rhiphicephalus:158.5,(Artemia:162.0,(Mastigoproctus:91.5,(Gea:144.0,(Hypochilus:68.5,Thelichoris:97.5)HTU22:44.0)HTU23:52.5)HTU24:32.5)HTU25:37.0)HTU26:35.5,((Limulus:72.0,((Pauroctonus:72.5,Thermobius:154.5)HTU18:51.5,(Vonones:83.0,(Aportus:128.5,(Amblypygid:117.5,Americhernus:229.0)HTU32:59.5)HTU30:64.0)HTU31:49.0)HTU19:38.0)HTU20:33.5,(Centruoides:85.0,Hadrurus:113.0)HTU21:74.5)HTU27:28.5)HTU28:38.0)HTU29:125.0)HTU17[1706.0];
(Alentus:120.0,(Chanbria:110.0,((Rhiphicephalus:144.0,(Artemia:176.5,(Mastigoproctus:112.5,(Gea:162.0,(Hypochilus:97.5,Thelichoris:120.5)HTU22:48.0)HTU23:46.5)HTU24:36.5)HTU25:37.5)HTU26:39.0,((Limulus:91.0,(Vonones:103.0,(Pauroctonus:104.5,Thermobius:164.5)HTU18:43.0)HTU19:37.0)HTU20:34.0,((Centruoides:96.0,Hadrurus:140.0)HTU21:80.0,(Amblypygid:80.0,(Americhernus:179.5,Aportus:176.0)HTU32:78.0)HTU30:61.5)HTU31:46.0)HTU27:38.0)HTU28:35.5)HTU29:177.0)HTU17[1701.0];
(Alentus:205.0,(Chanbria:111.0,((Limulus:78.5,(Vonones:94.5,(Pauroctonus:93.5,Thermobius:148.5)HTU21:49.5)HTU22:34.0)HTU23:30.5,((Amblypygid:90.0,(Americhernus:198.5,Aportus:159.5)HTU18:89.5)HTU20:60.5,((Centruoides:69.0,Hadrurus:125.0)HTU19:50.0,(Artemia:154.0,(Rhiphicephalus:158.0,(Mastigoproctus:82.0,(Gea:156.0,(Hypochilus:66.5,Thelichoris:83.5)HTU29:43.0)HTU30:54.0)HTU31:44.0)HTU32:59.0)HTU27:39.0)HTU28:65.5)HTU24:30.5)HTU25:37.5)HTU26:133.5)HTU17[1700.0];
(Alentus:208.5,(Chanbria:111.0,((Limulus:78.5,(Vonones:94.5,(Pauroctonus:93.5,Thermobius:148.5)HTU24:49.5)HTU25:34.0)HTU26:32.5,((Amblypygid:90.0,(Americhernus:198.5,Aportus:159.5)HTU21:87.5)HTU22:58.5,((Centruoides:67.0,Hadrurus:127.0)HTU19:48.5,(Artemia:152.0,(Rhiphicephalus:150.0,(Mastigoproctus:101.0,(Thelichoris:54.5,(Gea:171.5,Hypochilus:56.5)HTU32:48.5)HTU30:50.0)HTU31:31.0)HTU18:63.0)HTU20:40.0)HTU23:63.5)HTU27:28.5)HTU28:35.5)HTU29:132.5)HTU17[1699.0];
(Alentus:120.0,(Chanbria:127.0,((Limulus:91.5,(Vonones:103.5,(Pauroctonus:108.5,Thermobius:159.5)HTU22:46.5)HTU23:35.0)HTU24:30.5,((Artemia:159.0,(Centruoides:92.5,Hadrurus:145.0)HTU18:57.0)HTU21:61.5,((Amblypygid:80.0,(Americhernus:171.0,Aportus:177.5)HTU19:71.5)HTU20:76.5,(Gea:173.0,((Hypochilus:111.5,Thelichoris:77.5)HTU30:42.5,(Mastigoproctus:124.5,Rhiphicephalus:149.5)HTU32:43.5)HTU31:54.5)HTU28:61.0)HTU29:35.0)HTU25:31.0)HTU26:33.5)HTU27:158.5)HTU17[1696.0];
