Alentus,Amblypygid,Americhernus,Aportus,Artemia,Centruoides,Chanbria,Gea,Hadrurus,Hypochilus,Limulus,Mastigoproctus,Pauroctonus,Rhiphicephalus,Thelichoris,Thermobius,Vonones
"0.0","48.0","76.0","23.0","70.0","59.0","61.0","69.0","58.0","53.0","54.0","57.0","57.0","59.0","56.0","58.0","48.0"
"48.0","0.0","64.0","51.0","60.0","42.0","39.0","57.0","48.0","29.0","37.0","36.0","44.0","51.0","27.0","54.0","34.0"
"76.0","64.0","0.0","75.0","75.0","70.0","73.0","71.0","68.0","69.0","68.0","72.0","67.0","73.0","66.0","72.0","66.0"
"23.0","51.0","75.0","0.0","70.0","58.0","60.0","69.0","62.0","59.0","55.0","55.0","60.0","63.0","56.0","61.0","52.0"
"70.0","60.0","75.0","70.0","0.0","55.0","54.0","62.0","59.0","55.0","56.0","52.0","56.0","62.0","55.0","56.0","56.0"
"59.0","42.0","70.0","58.0","55.0","0.0","44.0","56.0","43.0","40.0","38.0","37.0","36.0","56.0","40.0","54.0","46.0"
"61.0","39.0","73.0","60.0","54.0","44.0","0.0","60.0","55.0","37.0","32.0","34.0","47.0","56.0","38.0","57.0","41.0"
"69.0","57.0","71.0","69.0","62.0","56.0","60.0","0.0","55.0","44.0","54.0","52.0","50.0","66.0","45.0","62.0","57.0"
"58.0","48.0","68.0","62.0","59.0","43.0","55.0","55.0","0.0","47.0","48.0","48.0","24.0","57.0","46.0","55.0","50.0"
"53.0","29.0","69.0","59.0","55.0","40.0","37.0","44.0","47.0","0.0","33.0","31.0","40.0","52.0","9.0","53.0","37.0"
"54.0","37.0","68.0","55.0","56.0","38.0","32.0","54.0","48.0","33.0","0.0","37.0","39.0","51.0","37.0","52.0","34.0"
"57.0","36.0","72.0","55.0","52.0","37.0","34.0","52.0","48.0","31.0","37.0","0.0","42.0","49.0","34.0","55.0","43.0"
"57.0","44.0","67.0","60.0","56.0","36.0","47.0","50.0","24.0","40.0","39.0","42.0","0.0","54.0","39.0","54.0","44.0"
"59.0","51.0","73.0","63.0","62.0","56.0","56.0","66.0","57.0","52.0","51.0","49.0","54.0","0.0","55.0","55.0","50.0"
"56.0","27.0","66.0","56.0","55.0","40.0","38.0","45.0","46.0","9.0","37.0","34.0","39.0","55.0","0.0","57.0","40.0"
"58.0","54.0","72.0","61.0","56.0","54.0","57.0","62.0","55.0","53.0","52.0","55.0","54.0","55.0","57.0","0.0","51.0"
"48.0","34.0","66.0","52.0","56.0","46.0","41.0","57.0","50.0","37.0","34.0","43.0","44.0","50.0","40.0","51.0","0.0"
