(AlbanianTosk:396.55,(KolschColognian:6186.4,(AncientIonicGreek:3471.3,(SanskritVedic:3318.6,(EasternFrisianSaterland:2403.1,(Danish:2414.95,(ArmenianWestern:2831.45,((Manx:1329.15,(Cornish:1487.6,(Faroese:1776.1999999999998,Yiddish:4099.65)HTU19:1245.7)HTU18:423.1)HTU28:1594.1,((Irish:1774.45,Scots:2108.8)HTU26:1679.1,(Assamese:5870.200000000001,(Icelandic:6501.45,OldPrussian:1677.65)HTU20:2352.1)HTU27:1450.6499999999999)HTU29:1205.6)HTU17:899.1)HTU22:897.65)HTU23:1139.1)HTU24:2292.4)HTU25:1421.6)HTU21:1195.95)HTU30:425.05)HTU16[48504.4];
(AlbanianTosk:396.55,(KolschColognian:6186.4,(AncientIonicGreek:3471.3,(SanskritVedic:3318.6,(EasternFrisianSaterland:2403.1,(Danish:2414.95,(ArmenianWestern:2831.45,((Manx:1329.15,(Cornish:1487.6,(Faroese:1776.1999999999998,Yiddish:4099.65)HTU19:1245.7)HTU18:423.1)HTU28:1594.1,((Irish:1774.45,Scots:2108.8)HTU26:1679.1,(Assamese:5870.200000000001,(Icelandic:6501.45,OldPrussian:1677.65)HTU20:2352.1)HTU27:1450.6499999999999)HTU29:1205.6)HTU17:899.1)HTU22:897.65)HTU23:1139.1)HTU24:2292.4)HTU25:1421.6)HTU21:1195.95)HTU30:425.05)HTU16[48504.4];
(AlbanianTosk:398.05,(KolschColognian:6197.4,(AncientIonicGreek:3471.3,(SanskritVedic:3336.6,(EasternFrisianSaterland:2383.6,(Danish:2378.45,(ArmenianWestern:2784.45,((Manx:1289.15,(Cornish:1667.6,Faroese:2057.8)HTU18:492.1)HTU28:1587.6,((Irish:1750.35,Scots:2032.9)HTU26:1707.6,((Assamese:4828.6,Yiddish:5268.1)HTU19:2554.2999999999997,(Icelandic:6172.55,OldPrussian:2173.05)HTU20:2630.6)HTU27:1880.1499999999999)HTU29:1336.0)HTU17:1022.6)HTU22:949.6500000000001)HTU23:1190.6)HTU24:2304.9)HTU25:1432.1)HTU21:1175.95)HTU30:326.05)HTU16[47887.3];
(AlbanianTosk:398.05,(KolschColognian:6197.4,(AncientIonicGreek:3471.3,(SanskritVedic:3336.6,(EasternFrisianSaterland:2383.6,(Danish:2378.45,(ArmenianWestern:2784.45,((Manx:1289.15,(Cornish:1667.6,Faroese:2057.8)HTU18:492.1)HTU28:1587.6,((Irish:1750.35,Scots:2032.9)HTU26:1707.6,((Assamese:4828.6,Yiddish:5268.1)HTU19:2554.2999999999997,(Icelandic:6172.55,OldPrussian:2173.05)HTU20:2630.6)HTU27:1880.1499999999999)HTU29:1336.0)HTU17:1022.6)HTU22:949.6500000000001)HTU23:1190.6)HTU24:2304.9)HTU25:1432.1)HTU21:1175.95)HTU30:326.05)HTU16[47887.3];
(AlbanianTosk:399.55,(KolschColognian:6207.9,(AncientIonicGreek:3480.8,(SanskritVedic:3355.6,(EasternFrisianSaterland:2423.6,(Danish:2355.95,(ArmenianWestern:2887.45,((Manx:1402.8000000000002,(Cornish:1611.1,((Faroese:792.6,(Yiddish:1.0)#HTU29:1.0)HTU20:418.1,(Scots:488.6)#HTU28:488.6)HTU19:1344.3000000000002)HTU18:509.45)HTU32:1486.1,((Irish:2240.1,#HTU28:0.0)HTU30:1283.6,((Assamese:4722.1,#HTU29:3801.6)HTU21:2305.3,(Icelandic:6261.05,OldPrussian:2198.05)HTU22:2462.1)HTU31:1711.9)HTU33:1163.1)HTU17:926.6)HTU24:993.8000000000001)HTU25:1215.1)HTU26:2288.9)HTU27:1404.6)HTU23:1194.95)HTU34:428.05)HTU16[47358.95];
(AlbanianTosk:397.55,(KolschColognian:6208.4,(AncientIonicGreek:3478.3,(SanskritVedic:3355.1,(EasternFrisianSaterland:2424.1,(Danish:2357.45,(ArmenianWestern:2888.45,((Manx:1403.3000000000002,(Cornish:1610.6,(Faroese:1129.1,Scots:1558.1)HTU19:1344.3000000000002)HTU18:509.95)HTU28:1485.1,(Irish:2758.1,((Assamese:4721.1,Yiddish:5133.6)HTU20:2308.3,(Icelandic:6261.55,OldPrussian:2197.55)HTU21:2461.1)HTU27:1712.4)HTU29:1162.1)HTU17:928.6)HTU23:991.8000000000001)HTU24:1216.6)HTU25:2287.4)HTU26:1405.1)HTU22:1193.95)HTU30:425.55)HTU16[47350.2];
