(AlbanianTosk:45.0,(Danish:32.0,(((OldPrussian:26.0,(Faroese:18.0,Icelandic:50.0)HTU21:9.0)HTU20:1.0,(((Cornish:23.0,Manx:14.0)HTU24:14.0,(EasternFrisianSaterland:20.0,Yiddish:36.0)HTU25:6.0)HTU23:1.0,(Assamese:50.0,Scots:24.0)HTU26:4.0)HTU22:4.0)HTU19:0.0,(ArmenianWestern:18.0,(KolschColognian:36.0,(SanskritVedic:21.0,(AncientIonicGreek:34.0,Irish:28.0)HTU30:9.0)HTU29:6.0)HTU28:6.0)HTU27:8.0)HTU18:7.0)HTU17:18.0)HTU16[773.0];
(AlbanianTosk:38.0,(Danish:36.0,(((OldPrussian:26.0,(Faroese:17.0,Icelandic:52.0)HTU21:9.0)HTU20:1.0,(((Irish:18.0,(Cornish:22.0,Manx:17.0)HTU25:14.0)HTU24:5.0,(Yiddish:21.0,(EasternFrisianSaterland:25.0,KolschColognian:40.0)HTU27:6.0)HTU26:3.0)HTU23:4.0,(Assamese:35.0,Scots:28.0)HTU28:6.0)HTU22:3.0)HTU19:13.0,(ArmenianWestern:21.0,(AncientIonicGreek:42.0,SanskritVedic:17.0)HTU30:15.0)HTU29:5.0)HTU18:8.0)HTU17:8.0)HTU16[769.0];
