(Alentus:69.0,((Americhernus:111.0,(Venerupis_decussatus:121.0,(Chanbria:75.0,(Aplysia_californica:112.5,(Venerupis_philippinarum:97.0,(Hadrurus:84.5,(Artemia:110.5,(Gea:86.5,(Yoldia_limatula:80.0,(Helobdella_robusta:90.0,(Crassostrea_virginica:113.5,(Hypochilus:64.5,(Rhiphicephalus:100.0,(Limulus:69.5,(Siphonaria_pectinata:107.0,(Perotrochus_lucaya:76.5,(Scaphopods:86.0,(Thelichoris:71.0,(Aportus:96.0,(Centruoides:69.5,(Lingula_anatina:106.5,(Lymnaea_stagnalis:84.5,(Thermobius:90.5,(Littorina_littorea:75.0,(Mastigoproctus:72.0,(Ilyanassa_obsoleta:74.5,Pauroctonus:67.5)HTU33:8.0)HTU34:4.0)HTU35:6.0)HTU36:3.5)HTU37:2.5)HTU38:6.0)HTU39:7.0)HTU40:7.5)HTU41:4.0)HTU42:2.5)HTU43:5.0)HTU44:4.5)HTU45:3.0)HTU46:5.5)HTU47:6.0)HTU48:4.0)HTU49:9.5)HTU50:7.5)HTU51:9.5)HTU52:4.5)HTU53:5.0)HTU54:2.5)HTU55:7.5)HTU56:11.5)HTU57:7.0)HTU58:6.5,(Mytilus_californianus:90.0,(Lottia_gigantea:83.0,(Amblypygid:72.5,Vonones:70.5)HTU61:5.5)HTU60:14.5)HTU62:4.0)HTU59:13.5)HTU32[815.0];
(Alentus:69.0,((Americhernus:111.0,(Venerupis_decussatus:121.0,(Chanbria:75.0,(Aplysia_californica:112.5,(Venerupis_philippinarum:97.0,(Hadrurus:84.5,(Artemia:110.5,(Gea:86.5,(Yoldia_limatula:80.0,(Helobdella_robusta:90.0,(Crassostrea_virginica:113.5,(Hypochilus:64.5,(Rhiphicephalus:100.0,(Limulus:69.5,(Siphonaria_pectinata:107.0,(Perotrochus_lucaya:76.5,(Scaphopods:86.0,(Thelichoris:71.0,(Aportus:96.0,(Centruoides:69.5,(Lingula_anatina:106.5,(Lymnaea_stagnalis:84.5,(Thermobius:90.5,(Littorina_littorea:75.0,(Mastigoproctus:72.0,(Ilyanassa_obsoleta:74.5,Pauroctonus:67.5)HTU33:8.0)HTU34:4.0)HTU35:6.0)HTU36:3.5)HTU37:2.5)HTU38:6.0)HTU39:7.0)HTU40:7.5)HTU41:4.0)HTU42:2.5)HTU43:5.0)HTU44:4.5)HTU45:3.0)HTU46:5.5)HTU47:6.0)HTU48:4.0)HTU49:9.5)HTU50:7.5)HTU51:9.5)HTU52:4.5)HTU53:5.0)HTU54:2.5)HTU55:7.5)HTU56:11.5)HTU57:7.0)HTU58:6.5,(Mytilus_californianus:90.0,(Lottia_gigantea:83.0,(Amblypygid:72.5,Vonones:70.5)HTU61:5.5)HTU60:14.5)HTU62:4.0)HTU59:13.5)HTU32[815.0];
(Alentus:69.0,((Venerupis_decussatus:122.5,(Chanbria:75.5,(Aplysia_californica:113.0,(Venerupis_philippinarum:97.5,(Hadrurus:85.0,(Artemia:111.0,(Gea:86.5,(Yoldia_limatula:80.0,(Helobdella_robusta:90.0,(Crassostrea_virginica:113.5,(Hypochilus:64.5,(Rhiphicephalus:100.0,(Limulus:69.5,(Siphonaria_pectinata:107.0,(Perotrochus_lucaya:76.5,(Scaphopods:86.0,(Thelichoris:71.0,(Aportus:96.0,(Centruoides:69.5,(Lingula_anatina:106.5,(Lymnaea_stagnalis:84.5,(Thermobius:90.5,(Littorina_littorea:75.0,(Mastigoproctus:72.0,(Ilyanassa_obsoleta:74.5,Pauroctonus:67.5)HTU33:8.0)HTU34:4.0)HTU35:6.0)HTU36:3.5)HTU37:2.5)HTU38:6.0)HTU39:7.0)HTU40:7.5)HTU41:4.0)HTU42:2.5)HTU43:5.0)HTU44:4.5)HTU45:3.0)HTU46:5.5)HTU47:6.0)HTU48:4.0)HTU49:9.5)HTU50:7.5)HTU51:8.5)HTU52:5.0)HTU53:5.0)HTU54:2.5)HTU55:6.5)HTU56:11.5)HTU57:8.5,(Mytilus_californianus:90.0,(Americhernus:115.5,(Lottia_gigantea:83.0,(Amblypygid:71.5,Vonones:71.5)HTU61:5.5)HTU59:3.5)HTU60:15.0)HTU62:5.5)HTU58:13.0)HTU32[815.0];
(Alentus:69.0,((Americhernus:111.0,(Venerupis_decussatus:121.0,(Chanbria:75.0,(Aplysia_californica:112.5,(Venerupis_philippinarum:97.0,(Hadrurus:84.5,(Artemia:110.5,(Gea:86.5,(Yoldia_limatula:80.0,(Helobdella_robusta:90.0,(Crassostrea_virginica:113.5,(Hypochilus:64.5,(Rhiphicephalus:100.0,(Limulus:69.5,(Siphonaria_pectinata:107.0,(Perotrochus_lucaya:76.5,(Scaphopods:86.0,(Thelichoris:71.0,(Aportus:96.0,(Centruoides:69.5,(Lingula_anatina:106.5,(Lymnaea_stagnalis:84.5,(Thermobius:90.5,(Littorina_littorea:75.0,(Mastigoproctus:72.0,(Ilyanassa_obsoleta:74.5,Pauroctonus:67.5)HTU33:8.0)HTU34:4.0)HTU35:6.0)HTU36:3.5)HTU37:2.5)HTU38:6.0)HTU39:7.0)HTU40:7.5)HTU41:4.0)HTU42:2.5)HTU43:5.0)HTU44:4.5)HTU45:3.0)HTU46:5.5)HTU47:6.0)HTU48:4.0)HTU49:9.5)HTU50:7.5)HTU51:9.5)HTU52:4.5)HTU53:5.0)HTU54:2.5)HTU55:7.5)HTU56:11.5)HTU57:7.0)HTU58:6.5,(Mytilus_californianus:90.0,(Lottia_gigantea:83.0,(Amblypygid:72.5,Vonones:70.5)HTU61:5.5)HTU60:14.5)HTU62:4.0)HTU59:13.5)HTU32[815.0];
(Alentus:69.0,((Venerupis_decussatus:122.5,(Chanbria:76.0,(Aplysia_californica:113.0,(Venerupis_philippinarum:97.5,(Hadrurus:85.0,(Artemia:111.0,(Gea:86.5,(Yoldia_limatula:80.0,(Helobdella_robusta:90.0,(Crassostrea_virginica:113.5,(Hypochilus:64.5,(Rhiphicephalus:99.5,(Limulus:69.0,(Siphonaria_pectinata:107.0,(Perotrochus_lucaya:76.5,(Scaphopods:86.0,(Thelichoris:71.5,(Aportus:95.0,(Centruoides:73.0,(Lingula_anatina:106.5,(Lymnaea_stagnalis:84.5,(Thermobius:89.5,(Littorina_littorea:76.5,(Mastigoproctus:70.5,(Ilyanassa_obsoleta:76.0,(Amblypygid:70.5,Pauroctonus:77.5)HTU34:3.5)HTU33:3.5)HTU35:4.5)HTU36:5.0)HTU37:4.0)HTU38:2.5)HTU39:5.5)HTU40:4.5)HTU41:8.0)HTU42:4.0)HTU43:2.5)HTU44:5.0)HTU45:4.5)HTU46:3.0)HTU47:6.0)HTU48:6.0)HTU49:4.0)HTU50:9.5)HTU51:7.5)HTU52:8.5)HTU53:5.0)HTU54:5.0)HTU55:2.5)HTU56:6.5)HTU57:10.5)HTU58:8.5,(Mytilus_californianus:90.0,(Americhernus:116.5,(Lottia_gigantea:83.0,Vonones:65.0)HTU60:7.0)HTU61:15.0)HTU62:5.5)HTU59:14.0)HTU32[813.0];
(Alentus:69.0,((Venerupis_decussatus:122.5,(Chanbria:76.0,(Aplysia_californica:113.0,(Venerupis_philippinarum:97.5,(Hadrurus:85.0,(Artemia:111.0,(Gea:86.5,(Yoldia_limatula:80.0,(Helobdella_robusta:90.0,(Crassostrea_virginica:113.5,(Hypochilus:64.5,(Rhiphicephalus:99.5,(Limulus:69.0,(Siphonaria_pectinata:107.0,(Perotrochus_lucaya:76.5,(Scaphopods:86.0,(Thelichoris:71.5,(Aportus:95.0,(Centruoides:73.0,(Lingula_anatina:106.5,(Lymnaea_stagnalis:84.5,(Thermobius:89.5,(Littorina_littorea:76.5,(Mastigoproctus:70.5,(Ilyanassa_obsoleta:76.0,(Amblypygid:70.5,Pauroctonus:77.5)HTU34:3.5)HTU33:3.5)HTU35:4.5)HTU36:5.0)HTU37:4.0)HTU38:2.5)HTU39:5.5)HTU40:4.5)HTU41:8.0)HTU42:4.0)HTU43:2.5)HTU44:5.0)HTU45:4.5)HTU46:3.0)HTU47:6.0)HTU48:6.0)HTU49:4.0)HTU50:9.5)HTU51:7.5)HTU52:8.5)HTU53:5.0)HTU54:5.0)HTU55:2.5)HTU56:6.5)HTU57:10.5)HTU58:8.5,(Mytilus_californianus:90.0,(Americhernus:116.5,(Lottia_gigantea:83.0,Vonones:65.0)HTU60:7.0)HTU61:15.0)HTU62:5.5)HTU59:14.0)HTU32[813.0];
(Alentus:71.0,((Venerupis_decussatus:115.5,(Chanbria:74.5,(Aplysia_californica:113.5,(Venerupis_philippinarum:97.0,(Hadrurus:85.0,(Artemia:111.0,(Gea:86.5,(Yoldia_limatula:80.0,(Helobdella_robusta:90.0,(Crassostrea_virginica:114.0,(Hypochilus:64.5,(Rhiphicephalus:100.0,(Limulus:69.5,(Lottia_gigantea:80.5,(Siphonaria_pectinata:109.0,(Perotrochus_lucaya:76.5,(Scaphopods:86.0,(Thelichoris:71.0,(Aportus:96.0,(Centruoides:69.5,(Lingula_anatina:106.5,(Lymnaea_stagnalis:84.5,(Thermobius:90.5,(Littorina_littorea:75.0,(Mastigoproctus:72.0,(Ilyanassa_obsoleta:74.5,Pauroctonus:67.5)HTU33:8.0)HTU34:4.0)HTU35:6.0)HTU36:3.5)HTU37:2.5)HTU38:6.0)HTU39:7.0)HTU40:7.5)HTU41:4.0)HTU42:2.5)HTU43:3.5)HTU44:3.0)HTU45:5.0)HTU46:3.0)HTU47:5.5)HTU48:6.5)HTU49:3.5)HTU50:9.5)HTU51:8.0)HTU52:8.5)HTU53:5.0)HTU54:5.0)HTU55:2.5)HTU56:7.5)HTU57:18.0)HTU58:11.5,(Mytilus_californianus:78.5,(Americhernus:114.5,(Amblypygid:70.5,Vonones:70.5)HTU61:6.5)HTU60:3.0)HTU62:5.0)HTU59:13.0)HTU32[794.0];
(Alentus:71.0,((Venerupis_decussatus:115.5,(Chanbria:74.5,(Aplysia_californica:113.5,(Venerupis_philippinarum:97.0,(Hadrurus:85.0,(Artemia:111.0,(Gea:86.5,(Yoldia_limatula:80.0,(Helobdella_robusta:90.0,(Crassostrea_virginica:114.0,(Hypochilus:64.5,(Rhiphicephalus:100.0,(Limulus:69.5,(Lottia_gigantea:80.5,(Siphonaria_pectinata:109.0,(Perotrochus_lucaya:76.5,(Scaphopods:86.0,(Thelichoris:71.0,(Aportus:96.0,(Centruoides:69.5,(Lingula_anatina:106.5,(Lymnaea_stagnalis:84.5,(Thermobius:90.5,(Littorina_littorea:75.0,(Mastigoproctus:72.0,(Ilyanassa_obsoleta:74.5,Pauroctonus:67.5)HTU33:8.0)HTU34:4.0)HTU35:6.0)HTU36:3.5)HTU37:2.5)HTU38:6.0)HTU39:7.0)HTU40:7.5)HTU41:4.0)HTU42:2.5)HTU43:3.5)HTU44:3.0)HTU45:5.0)HTU46:3.0)HTU47:5.5)HTU48:6.5)HTU49:3.5)HTU50:9.5)HTU51:8.0)HTU52:8.5)HTU53:5.0)HTU54:5.0)HTU55:2.5)HTU56:7.5)HTU57:18.0)HTU58:11.5,(Mytilus_californianus:78.5,(Americhernus:114.5,(Amblypygid:70.5,Vonones:70.5)HTU61:6.5)HTU60:3.0)HTU62:5.0)HTU59:13.0)HTU32[794.0];
(Alentus:71.0,((Venerupis_decussatus:115.5,(Chanbria:75.0,(Aplysia_californica:113.5,(Venerupis_philippinarum:97.0,(Hadrurus:85.0,(Artemia:111.0,(Gea:86.5,(Yoldia_limatula:80.0,(Helobdella_robusta:90.0,(Crassostrea_virginica:114.0,(Hypochilus:64.5,(Rhiphicephalus:99.5,(Limulus:69.0,(Lottia_gigantea:80.5,(Siphonaria_pectinata:109.0,(Perotrochus_lucaya:76.5,(Scaphopods:86.0,(Thelichoris:71.5,(Aportus:95.0,(Centruoides:73.0,(Lingula_anatina:106.5,(Lymnaea_stagnalis:84.5,(Thermobius:89.5,(Littorina_littorea:76.5,(Mastigoproctus:70.5,(Ilyanassa_obsoleta:76.0,(Amblypygid:70.5,Pauroctonus:77.5)HTU34:3.5)HTU33:3.5)HTU35:4.5)HTU36:5.0)HTU37:4.0)HTU38:2.5)HTU39:5.5)HTU40:4.5)HTU41:8.0)HTU42:4.0)HTU43:2.5)HTU44:3.5)HTU45:3.0)HTU46:5.0)HTU47:3.0)HTU48:6.0)HTU49:6.5)HTU50:3.5)HTU51:9.5)HTU52:8.0)HTU53:8.5)HTU54:5.0)HTU55:5.0)HTU56:2.5)HTU57:7.5)HTU58:17.0)HTU59:11.5,(Mytilus_californianus:78.5,(Americhernus:115.5,Vonones:68.5)HTU61:3.0)HTU62:5.0)HTU60:14.0)HTU32[792.0];
(Alentus:67.0,((Venerupis_decussatus:114.5,(Chanbria:74.5,(Aplysia_californica:113.0,(Venerupis_philippinarum:96.5,(Hadrurus:85.0,(Artemia:111.0,(Gea:86.0,(Yoldia_limatula:80.0,(Helobdella_robusta:90.0,(Crassostrea_virginica:114.0,(Hypochilus:64.0,(Rhiphicephalus:100.5,(Limulus:69.5,(Lottia_gigantea:80.5,(Siphonaria_pectinata:109.0,(Perotrochus_lucaya:76.5,(Scaphopods:86.0,(Thelichoris:69.5,(Centruoides:72.5,(Lingula_anatina:106.5,(Lymnaea_stagnalis:84.5,(Thermobius:92.0,(Littorina_littorea:76.5,(Mastigoproctus:68.5,(Ilyanassa_obsoleta:75.5,(Amblypygid:72.0,Pauroctonus:76.0)HTU34:3.5)HTU33:4.5)HTU35:4.0)HTU36:4.5)HTU37:4.0)HTU38:2.5)HTU39:3.5)HTU40:6.0)HTU41:5.0)HTU42:2.5)HTU43:3.5)HTU44:3.0)HTU45:5.0)HTU46:3.0)HTU47:5.5)HTU48:6.5)HTU49:3.5)HTU50:9.5)HTU51:8.0)HTU52:9.0)HTU53:5.0)HTU54:5.0)HTU55:2.5)HTU56:7.5)HTU57:19.0)HTU58:16.5,(Mytilus_californianus:78.5,(Americhernus:113.5,(Aportus:81.5,Vonones:74.5)HTU60:5.0)HTU61:3.0)HTU62:3.0)HTU59:10.5)HTU32[777.0];
