(Afrikaans:145.7,(Welsh:145.15,(OldPrussian:73.15,(Samogitian:168.75,(Breton:169.3,((ArmenianEastern:28.35,TocharianB:79.69999999999999)HTU73:23.85,((Latgalian:216.4,(ClassicalArmenian:168.25,((Manx:179.75,(AlbanianTosk:53.65,TocharianA:38.550000000000004)HTU54:41.15)HTU53:11.799999999999999,(OldIrish:173.05,(Irish:215.25,ScottishGaelic:172.55)HTU71:7.15)HTU70:25.15)HTU69:15.950000000000001)HTU68:7.65)HTU56:50.15,(Cornish:181.95000000000002,(ArmenianWestern:105.05,(Lithuanian:201.9,(Latvian:168.85,((((SouthernTsakonian:47.85,((Danish:39.35,(PennsylvaniaDutch:53.25,(EnglishAmerican:30.15,(CentralFranconianRipuarian:168.65,Gothic:168.54999999999998)HTU91:16.65)HTU64:47.35)HTU59:28.15)HTU79:31.15,((GreekModern:51.65,((AncientGreek:167.85,(PharasaGreek:108.45,Yiddish:113.65)HTU80:9.65)HTU60:11.85,((Dutch:156.75,(OldHighGerman:20.15,(Luxemburgish:61.65,SchwyzerdutschSwissGerman:62.85)HTU96:33.25)HTU58:16.15)HTU63:29.55,(Norweigan:105.95,Swedish:95.25)HTU94:20.15)HTU82:11.35)HTU83:31.75)HTU62:29.65,(LowSaxon:31.85,(KolschColognian:33.95,(Icelandic:66.15,(German:31.35,NorthFrisianOomrang:126.05)HTU97:36.65)HTU95:30.65)HTU90:27.65)HTU67:14.5)HTU89:29.85)HTU92:9.15)HTU65:17.35,(AncientIonicGreek:25.35,(EnglishBritish:44.0,(Faroese:46.65,Scots:88.65)HTU87:34.5)HTU84:40.65)HTU85:38.25)HTU66:20.65,(SanskritVedic:44.25,(Assamese:30.65,(Avestan:23.1,Luwian:122.45)HTU98:9.75)HTU76:22.2)HTU88:24.65)HTU61:10.1,(EasternFrisianSaterland:106.55,WesternFrisian:23.85)HTU81:21.05)HTU86:38.15)HTU72:17.950000000000003)HTU75:34.15)HTU77:30.65)HTU74:49.15)HTU93:19.0)HTU78:9.65)HTU55:17.85)HTU57:39.75)HTU51:61.05)HTU52:8.7)HTU50[2510.5000000000005];
