(AlbanianTosk:71.0,(Icelandic:53.5,((ArmenianWestern:27.5,(Assamese:23.5,SanskritVedic:21.5)HTU23:28.5)HTU22:23.0,(Scots:26.0,(Faroese:23.5,(EasternFrisianSaterland:30.0,(((Cornish:26.5,Manx:23.5)HTU26:18.5,(AncientIonicGreek:41.0,(Danish:31.0,OldPrussian:27.0)HTU19:14.0)HTU29:18.0)HTU17:16.5,(Irish:40.0,(KolschColognian:41.5,Yiddish:30.5)HTU28:20.5)HTU27:13.0)HTU20:10.5)HTU25:13.0)HTU21:19.0)HTU24:23.0)HTU18:27.0)HTU30:65.0)HTU16[696.0];
(AlbanianTosk:27.0,(Icelandic:35.5,(KolschColognian:38.5,(Yiddish:27.5,((Faroese:19.5,((EasternFrisianSaterland:29.0,Scots:34.0)HTU18:15.0,(Irish:29.0,((AncientIonicGreek:37.5,(Danish:31.5,OldPrussian:26.5)HTU23:19.5)HTU22:19.5,(Cornish:25.0,Manx:25.0)HTU26:19.0)HTU19:18.5)HTU25:17.5)HTU27:15.5)HTU17:15.5,(ArmenianWestern:26.5,(Assamese:23.5,SanskritVedic:21.5)HTU29:28.0)HTU28:21.0)HTU20:21.0)HTU21:22.0)HTU24:21.5)HTU30:27.0)HTU16[696.0];
(AlbanianTosk:74.5,(Icelandic:52.5,(Scots:29.0,((ArmenianWestern:28.0,(Assamese:22.5,SanskritVedic:22.5)HTU22:27.0)HTU17:19.5,((Faroese:22.5,(EasternFrisianSaterland:26.5,(Irish:33.5,(KolschColognian:45.0,Yiddish:27.0)HTU24:23.5)HTU28:18.0)HTU25:15.0)HTU23:10.0,(AncientIonicGreek:55.0,((Cornish:30.0,Manx:20.0)HTU26:16.5,(Danish:27.5,OldPrussian:30.5)HTU29:11.5)HTU19:11.5)HTU27:13.0)HTU18:13.5)HTU20:17.5)HTU21:25.5)HTU30:62.0)HTU16[694.0];
