(AlbanianTosk:0.0,(OldPrussian:38.3,(Manx:4.1,((ArmenianWestern:13.0,Cornish:27.0)HTU17:42.0,(Irish:2.9,((EasternFrisianSaterland:6.9,((Yiddish:43.2,((Assamese:33.7,SanskritVedic:14.0)HTU20:15.0,(AncientIonicGreek:24.2,Danish:38.0)HTU28:13.0)HTU24:12.0)HTU23:3.7,(Icelandic:75.3,KolschColognian:7.0)HTU30:34.0)HTU21:6.3)HTU25:34.2,(Faroese:26.0,Scots:11.0)HTU26:32.2)HTU27:4.5)HTU18:44.0)HTU29:12.5)HTU19:23.1)HTU22:0.0)HTU16[1111.0000000000002];
