(AlbanianTosk:49.5,(Danish:41.5,(((OldPrussian:32.5,(Faroese:25.5,Icelandic:58.5)HTU21:18.5)HTU20:11.0,(((Cornish:29.5,Manx:20.5)HTU24:24.5,(Yiddish:33.0,(EasternFrisianSaterland:33.5,KolschColognian:47.5)HTU26:15.5)HTU25:23.0)HTU23:18.0,(Assamese:43.5,Scots:38.5)HTU27:19.5)HTU22:16.5)HTU19:25.0,(ArmenianWestern:28.5,(SanskritVedic:29.0,(AncientIonicGreek:42.0,Irish:32.0)HTU30:30.0)HTU29:23.5)HTU28:21.0)HTU18:17.0)HTU17:27.0)HTU16[774.0];
(AlbanianTosk:66.5,(Danish:38.5,(((OldPrussian:33.0,(Faroese:26.5,Icelandic:57.5)HTU21:20.0)HTU20:12.0,(((Cornish:29.0,Manx:21.0)HTU24:25.5,(EasternFrisianSaterland:27.0,Yiddish:44.0)HTU25:18.0)HTU23:17.0,(Assamese:53.5,Scots:32.5)HTU26:16.0)HTU22:15.5)HTU19:12.0,(ArmenianWestern:27.0,(KolschColognian:50.0,(SanskritVedic:31.5,(AncientIonicGreek:41.0,Irish:33.0)HTU30:22.0)HTU29:22.5)HTU28:23.0)HTU27:20.5)HTU18:18.5)HTU17:52.0)HTU16[773.0];
(AlbanianTosk:50.5,(Danish:42.0,(((OldPrussian:33.5,(Faroese:25.0,Icelandic:59.0)HTU21:19.5)HTU20:13.0,(((Irish:25.5,(Cornish:27.0,Manx:23.0)HTU25:25.5)HTU24:19.0,(Yiddish:31.0,(EasternFrisianSaterland:33.0,KolschColognian:48.0)HTU27:16.5)HTU26:19.5)HTU23:20.0,(Assamese:42.5,Scots:39.5)HTU28:16.5)HTU22:16.5)HTU19:21.0,(ArmenianWestern:29.0,(AncientIonicGreek:50.5,SanskritVedic:23.5)HTU30:24.0)HTU29:19.0)HTU18:21.0)HTU17:26.5)HTU16[769.0];
