(Alentus:28.0,(Aportus:4.0,(Vonones:9.0,(Amblypygid:7.0,((Rhiphicephalus:19.0,(Artemia:24.0,Thermobius:10.0)HTU32:6.0)HTU20:6.0,(Mastigoproctus:12.0,(((Centruoides:10.0,(Hadrurus:8.0,Pauroctonus:3.0)HTU25:13.0)HTU24:6.0,(Chanbria:21.0,Limulus:10.0)HTU26:4.0)HTU23:4.0,(Thelichoris:4.0,(Hypochilus:1.0,(Americhernus:33.0,Gea:9.0)HTU31:11.0)HTU30:1.0)HTU29:5.0)HTU27:3.0)HTU22:3.0)HTU21:5.0)HTU28:3.0)HTU19:11.0)HTU18:27.0)HTU17[507.0];
(Alentus:28.0,(Aportus:4.0,(Vonones:9.0,(Amblypygid:7.0,((Rhiphicephalus:19.0,(Artemia:24.0,Thermobius:10.0)HTU32:6.0)HTU20:6.0,(Mastigoproctus:12.0,(((Centruoides:10.0,(Hadrurus:8.0,Pauroctonus:3.0)HTU25:13.0)HTU24:6.0,(Chanbria:21.0,Limulus:10.0)HTU26:4.0)HTU23:4.0,(Hypochilus:1.0,(Thelichoris:2.0,(Americhernus:31.0,Gea:11.0)HTU31:10.0)HTU30:1.0)HTU29:5.0)HTU27:3.0)HTU22:3.0)HTU21:5.0)HTU28:3.0)HTU19:11.0)HTU18:27.0)HTU17[507.0];
