(Afrikaans:4081.15,(Manx:287.15,(OldPrussian:794.15,((Cornish:759.6,(Danish:473.15,Dutch:651.65)HTU78:448.65)HTU81:377.45000000000005,(Breton:872.8,(Welsh:1124.15,((OldIrish:602.05,(Irish:248.75,ScottishGaelic:209.05)HTU69:355.15)HTU79:996.15,(((ArmenianEastern:1632.9499999999998,TocharianB:1585.1)HTU75:1059.65,(AlbanianTosk:1297.15,TocharianA:947.55)HTU88:971.85)HTU90:2222.7000000000003,((EasternFrisianSaterland:919.55,(Faroese:579.15,Scots:835.15)HTU80:514.05)HTU86:2819.65,((German:1208.35,WesternFrisian:1921.35)HTU93:3145.65,(((ArmenianWestern:675.8499999999999,ClassicalArmenian:801.15)HTU72:690.35,(Latvian:651.95,Lithuanian:1118.1)HTU74:715.15)HTU89:3613.65,((Latgalian:978.35,Samogitian:1464.35)HTU77:4082.15,((EnglishAmerican:1029.85,(EnglishBritish:181.7,PennsylvaniaDutch:130.25)HTU59:776.35)HTU70:4785.25,(NorthFrisianOomrang:11400.1,(((Swedish:2738.75,((Icelandic:1140.15,(LowSaxon:1177.85,OldHighGerman:823.5)HTU73:806.15)HTU51:2017.8000000000002,((KolschColognian:1885.5,Norweigan:747.85)HTU52:515.15,(Luxemburgish:989.15,SchwyzerdutschSwissGerman:1504.35)HTU53:584.25)HTU54:1923.15)HTU56:2471.25)HTU62:2162.15,(AncientGreek:2591.65,(Gothic:2617.05,(CentralFranconianRipuarian:1152.15,Yiddish:1271.4499999999998)HTU60:1069.65)HTU63:1094.65)HTU64:2001.75)HTU66:3317.65,(Luwian:3498.5,((Assamese:1093.2,(Avestan:557.65,SanskritVedic:666.75)HTU55:725.15)HTU57:2246.15,((AncientIonicGreek:1310.65,PharasaGreek:2009.55)HTU58:1682.4499999999998,(GreekModern:4167.15,SouthernTsakonian:2515.55)HTU61:1104.65)HTU65:1209.15)HTU67:1244.25)HTU68:3347.15)HTU71:7105.35)HTU76:6123.15)HTU91:3199.65)HTU92:2525.9)HTU94:2441.35)HTU97:2016.65)HTU96:1908.35)HTU95:2055.0499999999997)HTU87:1056.4)HTU85:535.15)HTU84:473.65)HTU83:468.55)HTU82:454.65)HTU98:3878.15)HTU50[81600.8];
