(AlbanianTosk:1125.05,(ArmenianWestern:3957.55,(Danish:3803.1499999999996,((Irish:1580.1999999999998,(Manx:31313.0)#HTU34:31313.0)HTU30:2577.0,(((Yiddish:3508.6,(AncientIonicGreek:4553.5,(Faroese:22690.5)#HTU28:22690.5)HTU22:1166.1)HTU23:1275.25,#HTU34:31423.5)HTU31:2451.6,(((OldPrussian:2429.9,Scots:1457.1)HTU24:388.6,#HTU28:22413.0)HTU25:2008.5,((Icelandic:3016.1,KolschColognian:3689.4)HTU17:4464.1,(EasternFrisianSaterland:2638.95,(Assamese:2399.2,(Cornish:4574.55,SanskritVedic:1876.6)HTU19:1485.2)HTU20:2217.45)HTU21:1718.6)HTU29:1863.1)HTU32:1956.1)HTU33:1891.45)HTU18:2007.1)HTU27:2217.0)HTU26:3744.05)HTU16[48521.4];
(AlbanianTosk:1112.5,(ArmenianWestern:3989.65,(Danish:3653.25,(Irish:3469.5,((Manx:1746.75,(AncientIonicGreek:3903.1,Yiddish:3512.0)HTU22:1691.05)HTU28:2586.0,((Faroese:1136.1,(OldPrussian:2380.9,Scots:1497.6)HTU23:358.1)HTU24:2040.5,((Icelandic:3057.1,KolschColognian:3659.4)HTU17:4583.6,(EasternFrisianSaterland:2661.45,(Assamese:2402.2,(Cornish:4574.55,SanskritVedic:1879.6)HTU19:1487.7)HTU20:2178.95)HTU21:1642.1)HTU27:1817.1)HTU29:2029.4)HTU30:1948.45)HTU18:1836.1)HTU26:2246.8)HTU25:3748.5)HTU16[44720.7];
(AlbanianTosk:1112.5,(ArmenianWestern:3989.65,(Danish:3653.25,(Irish:3469.5,((Manx:1746.75,(AncientIonicGreek:3903.1,Yiddish:3512.0)HTU22:1691.05)HTU28:2586.0,((Faroese:1136.1,(OldPrussian:2380.9,Scots:1497.6)HTU23:358.1)HTU24:2040.5,((Icelandic:3057.1,KolschColognian:3659.4)HTU17:4583.6,(EasternFrisianSaterland:2661.45,(Assamese:2402.2,(Cornish:4574.55,SanskritVedic:1879.6)HTU19:1487.7)HTU20:2178.95)HTU21:1642.1)HTU27:1817.1)HTU29:2029.4)HTU30:1948.45)HTU18:1836.1)HTU26:2246.8)HTU25:3748.5)HTU16[44720.7];
(AlbanianTosk:1112.5,(ArmenianWestern:3989.65,(Danish:3653.25,(Irish:3469.5,((Manx:1746.75,(AncientIonicGreek:3903.1,Yiddish:3512.0)HTU22:1691.05)HTU28:2586.0,((Faroese:1136.1,(OldPrussian:2380.9,Scots:1497.6)HTU23:358.1)HTU24:2040.5,((Icelandic:3057.1,KolschColognian:3659.4)HTU17:4583.6,(EasternFrisianSaterland:2661.45,(Assamese:2402.2,(Cornish:4574.55,SanskritVedic:1879.6)HTU19:1487.7)HTU20:2178.95)HTU21:1642.1)HTU27:1817.1)HTU29:2029.4)HTU30:1948.45)HTU18:1836.1)HTU26:2246.8)HTU25:3748.5)HTU16[44720.7];
(AlbanianTosk:1117.55,(ArmenianWestern:3993.05,(Danish:3788.6499999999996,((Irish:1528.6999999999998,Manx:1490.1999999999998)HTU28:2646.0,((AncientIonicGreek:3802.7999999999997,Yiddish:3536.3)HTU22:3145.55,((Faroese:1154.6,(OldPrussian:2384.9,Scots:1553.6)HTU23:422.1)HTU24:2384.0,((Icelandic:3081.6,KolschColognian:3687.9)HTU17:4212.1,(EasternFrisianSaterland:2831.45,(Assamese:2402.7,(Cornish:4586.55,SanskritVedic:1882.1)HTU19:1481.2)HTU20:1953.45)HTU21:1396.1)HTU27:1918.6)HTU29:1973.1)HTU30:2450.95)HTU18:1988.6)HTU26:2209.0)HTU25:3765.05)HTU16[44540.1];
(AlbanianTosk:1117.55,(ArmenianWestern:3993.05,(Danish:3788.6499999999996,((Irish:1528.6999999999998,Manx:1490.1999999999998)HTU28:2646.0,((AncientIonicGreek:3802.7999999999997,Yiddish:3536.3)HTU22:3145.55,((Faroese:1154.6,(OldPrussian:2384.9,Scots:1553.6)HTU23:422.1)HTU24:2384.0,((Icelandic:3081.6,KolschColognian:3687.9)HTU17:4212.1,(EasternFrisianSaterland:2831.45,(Assamese:2402.7,(Cornish:4586.55,SanskritVedic:1882.1)HTU19:1481.2)HTU20:1953.45)HTU21:1396.1)HTU27:1918.6)HTU29:1973.1)HTU30:2450.95)HTU18:1988.6)HTU26:2209.0)HTU25:3765.05)HTU16[44540.1];
