(AlbanianTosk:2409.0,(KolschColognian:5274.8,(AncientIonicGreek:2447.2,(SanskritVedic:1974.0,(EasternFrisianSaterland:982.0,(Danish:1017.9,(ArmenianWestern:1543.0,((Manx:341.2,(Cornish:670.0,(Faroese:510.0,Scots:933.0)HTU26:975.7)HTU25:77.4)HTU24:199.0,(Irish:768.5,((Assamese:2667.5,Yiddish:2791.0)HTU29:476.2,(Icelandic:5178.0,OldPrussian:1016.0)HTU30:310.0)HTU28:139.9)HTU27:96.0)HTU23:52.0)HTU22:178.2)HTU21:383.0)HTU20:1135.9)HTU19:270.0)HTU18:490.9)HTU17:1557.0)HTU16[47350.2];
