(Alentus:28.0,(Aportus:28.0,(Vonones:8.0,(Amblypygid:8.0,((Mastigoproctus:13.0,((Gea:25.0,(Hypochilus:1.0,Thelichoris:4.0)HTU21:4.0)HTU22:3.0,((Chanbria:21.0,Limulus:9.0)HTU20:4.0,(Centruoides:9.0,(Hadrurus:8.0,Pauroctonus:3.0)HTU29:12.0)HTU28:5.0)HTU27:6.0)HTU19:1.0)HTU26:4.0,(Rhiphicephalus:21.0,(Thermobius:13.0,(Americhernus:38.0,Artemia:14.0)HTU31:7.0)HTU32:6.0)HTU30:5.0)HTU25:6.0)HTU23:2.0)HTU24:12.0)HTU18:30.0)HTU17[505.0];
