(AlbanianTosk:0.0,(((Irish:274.9,(Cornish:185.0,(Manx:168.5,(Faroese:325.2,(SanskritVedic:158.2,(Yiddish:554.0,#HTU34:0.0)HTU33:40.0)HTU22:324.0)HTU23:183.6)HTU20:39.1)HTU24:137.0)HTU21:85.2,((((Icelandic:483.3,KolschColognian:434.0)HTU25:247.6,#HTU36:0.0)HTU35:12.0,(Assamese:0.0)#HTU34:0.0)HTU26:15.9,#HTU32:0.0)HTU31:161.5)HTU29:94.0,((ArmenianWestern:353.2,(OldPrussian:246.3,((AncientIonicGreek:651.3,Danish:237.9)HTU17:0.0)#HTU36:0.0)HTU18:156.0)HTU28:65.4,((EasternFrisianSaterland:291.9,Scots:274.4)HTU27:0.0)#HTU32:0.0)HTU30:6.0)HTU19:0.0)HTU16[11091.5];
