(Antarctic_neomeniomorph:327.0,((Greenland_neomeniomorph:209.0,Lymnaea_stagnalis:271.0)HTU45:20.5,(((Littorina_littorea:142.0,(Perotrochus_lucaya:167.5,(Ilyanassa_obsoleta:301.0,(Scaphopods:35.5,(Helobdella_robusta:18.5,(Venerupis_decussatus:40.5,Venerupis_philippinarum:3.5)HTU33:27.0)HTU32:303.0)HTU31:17.5)HTU30:16.0)HTU29:116.5)HTU28:165.0,(Aplysia_californica:114.0,(Nucula:7.0,(Cerebratulus_lacteus:104.5,Octopus:113.5)HTU27:59.5)HTU26:320.5)HTU34:65.0)HTU25:90.0,(Siphonaria_pectinata:201.0,((Lingula_anatina:25.0,Yoldia_limatula:5.0)HTU38:200.0,(Euprymna_scolopes:308.5,(Lottia_gigantea:67.0,(Solemya:254.5,(Mytilus_californianus:84.0,(Nautilus:251.0,(Chaetopleura_apiculata:248.5,Crassostrea_virginica:166.0)HTU44:47.5)HTU43:66.5)HTU42:60.0)HTU41:54.5)HTU40:46.5)HTU39:51.5)HTU36:59.5)HTU37:80.0)HTU46:91.5)HTU35:144.0)HTU24[1605.0];
(Antarctic_neomeniomorph:326.5,((Cerebratulus_lacteus:217.0,Lymnaea_stagnalis:176.0)HTU45:43.0,(((Littorina_littorea:114.5,(Perotrochus_lucaya:158.5,(Ilyanassa_obsoleta:289.0,(Scaphopods:139.0,(Helobdella_robusta:289.5,(Venerupis_philippinarum:274.5,(Greenland_neomeniomorph:144.0,Venerupis_decussatus:271.0)HTU35:40.5)HTU34:31.5)HTU33:92.0)HTU32:74.5)HTU31:72.0)HTU30:120.0)HTU29:119.5,((Aplysia_californica:154.5,Euprymna_scolopes:304.0)HTU26:43.0,(Nucula:39.5,(Chaetopleura_apiculata:105.0,Octopus:22.5)HTU25:50.0)HTU28:273.5)HTU36:55.5)HTU27:58.5,(Siphonaria_pectinata:242.0,((Lingula_anatina:25.0,Yoldia_limatula:5.0)HTU40:248.0,(Lottia_gigantea:67.0,(Solemya:256.0,(Mytilus_californianus:86.0,(Crassostrea_virginica:202.0,Nautilus:244.0)HTU44:67.5)HTU43:56.5)HTU42:51.0)HTU41:33.0)HTU38:40.5)HTU39:42.5)HTU46:83.5)HTU37:135.0)HTU24[1573.0];
(Antarctic_neomeniomorph:271.0,((Cerebratulus_lacteus:217.0,Lymnaea_stagnalis:176.0)HTU45:40.0,(((Littorina_littorea:118.0,(Perotrochus_lucaya:143.0,(Scaphopods:129.5,(Helobdella_robusta:282.5,(Mytilus_californianus:71.5,(Venerupis_philippinarum:274.5,(Greenland_neomeniomorph:144.0,Venerupis_decussatus:271.0)HTU34:56.0)HTU33:49.0)HTU32:59.5)HTU31:105.0)HTU30:78.5)HTU29:112.0)HTU28:99.0,((Aplysia_californica:128.5,Euprymna_scolopes:235.5)HTU25:106.5,(Nucula:54.5,Octopus:48.5)HTU27:260.0)HTU35:46.0)HTU26:74.0,(((Lingula_anatina:25.0,Yoldia_limatula:5.0)HTU40:253.5,(Lottia_gigantea:64.0,(Solemya:261.5,(Nautilus:253.0,(Chaetopleura_apiculata:247.0,Crassostrea_virginica:166.0)HTU44:47.0)HTU43:61.0)HTU42:44.5)HTU41:37.5)HTU37:35.5,(Ilyanassa_obsoleta:29.5,Siphonaria_pectinata:7.5)HTU39:244.0)HTU38:32.5)HTU46:113.0)HTU36:65.0)HTU24[1558.0];
