(Alentus:50.0,(Aportus:26.5,(Rhiphicephalus:32.5,((Vonones:21.5,((Amblypygid:17.0,(Hypochilus:9.0,Thelichoris:10.0)HTU18:11.0)HTU21:9.0,(Mastigoproctus:17.5,(Chanbria:19.0,Limulus:19.0)HTU20:9.0)HTU23:8.5)HTU24:9.5)HTU25:7.0,((Centruoides:18.5,(Hadrurus:18.0,Pauroctonus:10.0)HTU19:17.0)HTU22:13.0,((Americhernus:43.5,Gea:27.5)HTU26:30.5,(Artemia:34.5,Thermobius:31.5)HTU27:17.0)HTU28:11.0)HTU29:9.0)HTU31:15.0)HTU30:18.0)HTU32:43.0)HTU17[520.0];
