(AlbanianTosk:3153.0,((Irish:355.5,((Cornish:503.5,Manx:273.1)HTU25:238.0,(Danish:561.9,OldPrussian:661.3)HTU27:38.1)HTU23:306.1)HTU21:236.7,(ArmenianWestern:1108.0,(Faroese:350.2,((EasternFrisianSaterland:691.9,Scots:659.4)HTU20:152.0,((AncientIonicGreek:1911.2,(Assamese:685.7,SanskritVedic:526.0)HTU30:1400.0)HTU19:880.0,(Yiddish:1109.2,(Icelandic:1658.3,KolschColognian:2735.0)HTU17:2656.7)HTU28:831.0)HTU29:965.0)HTU26:68.2)HTU22:316.2)HTU24:173.0)HTU18:2171.0)HTU16[28975.6];
