(Alentus:101.0,((((Vonones:145.0,(Limulus:165.0,(Pauroctonus:1009.5)#HTU38:1009.5)HTU17:69.5)HTU22:43.0,(Amblypygid:1011.5)#HTU35:1011.5)HTU18:42.0,((Rhiphicephalus:162.0,(Artemia:131.5,Thermobius:130.5)HTU24:64.0)HTU23:64.5,(Americhernus:1055.0)#HTU36:1055.0)HTU21:65.0)HTU19:36.0,(Aportus:188.0,((((Thelichoris:171.0,(Hypochilus:1103.0)#HTU37:1103.0)HTU20:39.0,(((Gea:1144.0,#HTU37:42.0)HTU33:0.0,#HTU36:81.0)HTU29:1090.5)#HTU39:1090.5)HTU26:55.0,#HTU38:1023.5)HTU28:52.0,((Centruoides:172.0,Hadrurus:142.0)HTU32:69.5,((Mastigoproctus:100.5,#HTU35:988.5)HTU31:64.5,#HTU39:1091.0)HTU34:34.0)HTU40:32.5)HTU30:34.5)HTU27:48.0)HTU25:105.0)HTU16[3578.0];
(Alentus:94.0,(((Amblypygid:130.5,(Vonones:146.0,(Limulus:164.0,Pauroctonus:189.0)HTU17:70.0)HTU22:46.5)HTU18:49.5,(Americhernus:154.0,(Rhiphicephalus:160.5,(Artemia:129.0,Thermobius:131.0)HTU24:64.5)HTU23:64.0)HTU21:59.0)HTU19:43.0,(Aportus:177.5,((Hypochilus:181.0,Thelichoris:150.0)HTU20:74.0,((Centruoides:177.0,Hadrurus:153.0)HTU28:64.0,(Gea:193.5,Mastigoproctus:157.5)HTU29:42.5)HTU30:45.5)HTU27:46.0)HTU26:54.0)HTU25:100.0)HTU16[2883.0];
(Alentus:90.0,(((Amblypygid:123.0,(Limulus:164.0,Vonones:162.0)HTU20:68.5)HTU17:33.5,(Americhernus:162.5,(Rhiphicephalus:168.0,(Artemia:130.5,Thermobius:131.5)HTU22:63.0)HTU21:70.0)HTU19:64.5)HTU18:44.5,(Aportus:172.5,((Pauroctonus:163.0,Thelichoris:174.0)HTU25:61.0,((Centruoides:163.0,Hadrurus:147.0)HTU27:73.5,(Mastigoproctus:132.0,(Gea:160.0,Hypochilus:188.0)HTU28:82.0)HTU29:44.5)HTU30:45.5)HTU26:45.5)HTU24:43.5)HTU23:97.0)HTU16[2852.0];
(Alentus:91.0,(((Amblypygid:130.0,(Vonones:146.5,(Limulus:157.0,Pauroctonus:196.0)HTU17:65.5)HTU20:43.0)HTU18:35.5,(Rhiphicephalus:136.0,(Artemia:112.5,Thermobius:114.5)HTU22:82.5)HTU21:68.0)HTU19:43.0,(Aportus:161.0,(Thelichoris:171.5,((Centruoides:169.0,Hadrurus:147.0)HTU27:72.0,(Mastigoproctus:131.5,(Americhernus:162.5,(Gea:164.0,Hypochilus:209.0)HTU28:57.0)HTU25:81.0)HTU29:44.0)HTU30:58.0)HTU26:58.0)HTU24:54.5)HTU23:92.0)HTU16[2830.0];
(Alentus:91.0,(((Amblypygid:130.0,(Vonones:146.5,(Limulus:157.0,Pauroctonus:196.0)HTU17:65.5)HTU20:43.0)HTU18:35.5,(Rhiphicephalus:136.0,(Artemia:112.5,Thermobius:114.5)HTU22:82.5)HTU21:68.0)HTU19:43.0,(Aportus:161.0,(Thelichoris:171.5,((Centruoides:169.0,Hadrurus:147.0)HTU27:72.0,(Mastigoproctus:131.5,(Americhernus:162.5,(Gea:164.0,Hypochilus:209.0)HTU28:57.0)HTU25:81.0)HTU29:44.0)HTU30:58.0)HTU26:58.0)HTU24:54.5)HTU23:92.0)HTU16[2830.0];
(Alentus:89.0,(((Amblypygid:131.5,(Limulus:157.5,Vonones:155.5)HTU19:66.0)HTU17:32.5,(Rhiphicephalus:139.0,(Artemia:115.0,Thermobius:121.0)HTU21:80.5)HTU20:61.5)HTU18:40.0,(Aportus:164.0,((Pauroctonus:156.5,Thelichoris:183.5)HTU24:63.0,((Centruoides:170.0,Hadrurus:149.0)HTU27:70.5,(Mastigoproctus:140.0,(Americhernus:158.0,(Gea:160.0,Hypochilus:208.0)HTU28:59.5)HTU25:75.5)HTU29:48.5)HTU30:48.0)HTU26:49.5)HTU23:51.0)HTU22:95.0)HTU16[2803.0];
(Alentus:93.0,(((Amblypygid:133.5,(Vonones:145.5,(Limulus:155.0,Pauroctonus:191.0)HTU17:63.5)HTU20:41.0)HTU18:36.5,(Rhiphicephalus:138.5,(Artemia:113.5,Thermobius:113.5)HTU22:80.0)HTU21:64.5)HTU19:35.0,(Aportus:175.5,((Thelichoris:154.0,(Americhernus:146.5,(Gea:151.5,Hypochilus:194.5)HTU29:61.5)HTU26:52.0)HTU24:75.0,(Mastigoproctus:121.5,(Centruoides:163.0,Hadrurus:147.0)HTU28:75.0)HTU30:53.0)HTU27:44.5)HTU25:37.0)HTU23:101.0)HTU16[2791.0];
(Alentus:93.0,(((Amblypygid:133.5,(Vonones:145.5,(Limulus:155.0,Pauroctonus:191.0)HTU17:63.5)HTU20:41.0)HTU18:36.5,(Rhiphicephalus:138.5,(Artemia:113.5,Thermobius:113.5)HTU22:80.0)HTU21:64.5)HTU19:35.0,(Aportus:175.5,((Thelichoris:154.0,(Americhernus:146.5,(Gea:151.5,Hypochilus:194.5)HTU29:61.5)HTU26:52.0)HTU24:75.0,(Mastigoproctus:121.5,(Centruoides:163.0,Hadrurus:147.0)HTU28:75.0)HTU30:53.0)HTU27:44.5)HTU25:37.0)HTU23:101.0)HTU16[2791.0];
(Alentus:93.0,(((Amblypygid:128.0,(Limulus:162.5,Vonones:150.5)HTU20:65.0)HTU17:31.0,(Rhiphicephalus:138.0,(Artemia:116.5,Thermobius:115.5)HTU22:80.5)HTU21:66.5)HTU18:36.5,(Aportus:168.0,((Pauroctonus:152.5,((Hypochilus:184.5,Thelichoris:164.5)HTU19:55.5,(Americhernus:156.0,Gea:156.0)HTU27:56.0)HTU24:61.0)HTU26:57.5,(Mastigoproctus:129.0,(Centruoides:165.5,Hadrurus:150.5)HTU29:73.0)HTU30:59.0)HTU28:38.5)HTU25:41.5)HTU23:101.0)HTU16[2758.0];
(Alentus:84.0,(((Vonones:127.5,(Limulus:141.0,Pauroctonus:187.0)HTU17:67.0)HTU19:36.5,(Rhiphicephalus:129.5,(Artemia:114.0,Thermobius:117.0)HTU21:90.0)HTU20:49.5)HTU18:38.0,(Aportus:167.5,((Thelichoris:158.0,(Americhernus:150.0,(Gea:155.0,Hypochilus:201.0)HTU29:56.5)HTU25:51.0)HTU23:79.0,((Amblypygid:105.0,Mastigoproctus:97.0)HTU27:58.5,(Centruoides:165.0,Hadrurus:152.0)HTU28:68.5)HTU30:52.5)HTU26:48.5)HTU24:56.0)HTU22:93.0)HTU16[2695.0];
(Alentus:82.5,(((Limulus:151.5,Vonones:146.5)HTU18:50.0,(Rhiphicephalus:129.0,(Artemia:115.0,Thermobius:120.0)HTU20:86.0)HTU19:55.5)HTU17:31.0,(Aportus:166.5,((Pauroctonus:160.5,(Thelichoris:159.0,(Americhernus:157.5,(Gea:167.0,Hypochilus:203.0)HTU29:58.0)HTU25:51.5)HTU22:66.5)HTU24:55.5,((Amblypygid:101.0,Mastigoproctus:101.0)HTU27:58.5,(Centruoides:168.0,Hadrurus:155.0)HTU28:75.0)HTU30:49.0)HTU26:49.0)HTU23:58.5)HTU21:92.5)HTU16[2668.0];
