(Afrikaans:5336.2,(PharasaGreek:4539.35,(Luxemburgish:3080.15,(KolschColognian:4316.0,(GreekModern:6168.549999999999,(ArmenianEastern:3966.05,(AncientGreek:5547.950000000001,(AlbanianTosk:3794.55,(((EnglishBritish:2791.0,(Luwian:4115.5,Yiddish:4234.65)HTU67:2423.35)HTU68:2561.65,((Dutch:1851.15,OldPrussian:1952.35)HTU75:2279.15,((EasternFrisianSaterland:1885.55,Scots:2092.05)HTU71:1774.35,((German:2619.15,(Latgalian:2430.2,Lithuanian:2884.1000000000004)HTU97:1103.55)HTU73:1524.65,(SchwyzerdutschSwissGerman:5546.450000000001,(CentralFranconianRipuarian:3315.15,SouthernTsakonian:4538.55)HTU98:1820.35)HTU74:3308.6)HTU72:1613.65)HTU96:1779.7)HTU76:2010.35)HTU94:2957.15,((WesternFrisian:4302.75,(Latvian:3877.85,(Breton:3158.55,(((Cornish:2358.15,Irish:2117.55)HTU78:1072.95,(AncientIonicGreek:5150.1,ClassicalArmenian:2741.15)HTU80:1619.65)HTU81:1636.85,(Assamese:4331.85,(Faroese:2731.85,Icelandic:6093.85)HTU79:2198.15)HTU82:2692.55)HTU83:1593.05)HTU84:1810.35)HTU85:2205.15)HTU77:4976.7,(((Manx:2580.15,(Samogitian:3447.95,(OldIrish:1541.55,ScottishGaelic:1455.05)HTU51:1190.8000000000002)HTU52:1028.15)HTU53:7288.950000000001,(ArmenianWestern:9304.6,(PennsylvaniaDutch:9526.55,((LowSaxon:3050.35,(NorthFrisianOomrang:7778.55,OldHighGerman:3002.5)HTU54:2047.15)HTU58:10621.8,((SanskritVedic:11744.25,(EnglishAmerican:11291.65,(Norweigan:12936.449999999999,(Gothic:4004.15,Swedish:3191.25)HTU55:10340.15)HTU56:7725.75)HTU59:6940.65)HTU60:6182.15,(Avestan:3688.75,Danish:3840.65)HTU61:9185.55)HTU62:6136.35)HTU63:7126.85)HTU64:5271.45)HTU65:4927.15)HTU57:4978.35,(TocharianB:3199.2,(TocharianA:2132.65,Welsh:2339.85)HTU69:1481.15)HTU70:6269.65)HTU93:4324.05)HTU95:4419.15)HTU66:3516.25)HTU86:2122.15)HTU87:2298.15)HTU88:3076.75)HTU89:3490.4500000000003)HTU90:2689.75)HTU91:3258.75)HTU92:4538.2)HTU50[157437.0];
(Afrikaans:5490.7,(PharasaGreek:4538.35,(Luxemburgish:3074.65,(KolschColognian:4310.5,(GreekModern:6203.049999999999,(ArmenianEastern:4048.55,(AncientGreek:5485.450000000001,(AlbanianTosk:3936.55,((((Luwian:3813.5,(SanskritVedic:3888.35,Yiddish:4041.65)HTU64:1855.15)HTU65:2488.35,(EnglishBritish:3635.1,Gothic:4674.25)HTU66:2096.5499999999997)HTU68:8693.75,((Dutch:1770.25,OldPrussian:1950.25)HTU76:8892.15,((EasternFrisianSaterland:1859.05,Scots:2110.55)HTU73:9074.75,((SchwyzerdutschSwissGerman:13856.85,(CentralFranconianRipuarian:3290.65,SouthernTsakonian:4561.05)HTU98:10051.95)HTU75:7352.8,(Latgalian:2390.2,Lithuanian:3009.6000000000004)HTU97:9431.25)HTU74:6151.65)HTU96:5533.9)HTU77:5333.15)HTU94:5667.65,((WesternFrisian:4478.55,(Breton:3142.45,(((Cornish:2402.15,Irish:2098.05)HTU79:1124.95,(AncientIonicGreek:5154.6,ClassicalArmenian:2800.15)HTU81:1640.15)HTU82:1687.35,(Assamese:4366.85,(Faroese:2735.35,Icelandic:6100.35)HTU80:2174.15)HTU83:2725.05)HTU84:1738.15)HTU85:1843.65)HTU78:5137.55,(((OldIrish:1605.05,ScottishGaelic:1519.05)HTU51:2986.65,(ArmenianWestern:4103.15,(PennsylvaniaDutch:4088.55,((German:3388.65,(LowSaxon:3624.35,(NorthFrisianOomrang:7233.05,OldHighGerman:3624.0)HTU52:2771.65)HTU55:4012.85)HTU57:2393.6,((EnglishAmerican:2505.25,(Norweigan:3755.4500000000003,Swedish:2879.75)HTU53:3234.15)HTU56:1681.65,(Avestan:4222.15,Danish:3169.25)HTU58:1803.55)HTU59:2244.25)HTU60:1993.35)HTU61:2373.4)HTU62:2323.65)HTU54:3043.5499999999997,((Samogitian:2989.35,TocharianB:3296.8)HTU69:1602.15,(Latvian:2309.4,(Welsh:1740.4499999999998,(Manx:1927.25,TocharianA:2630.05)HTU67:1041.15)HTU70:1020.4499999999999)HTU71:1349.15)HTU72:3635.6)HTU93:4535.55)HTU95:4871.8)HTU63:7239.85)HTU86:2300.65)HTU87:2153.15)HTU88:2993.25)HTU89:3530.9500000000003)HTU90:2699.25)HTU91:3266.25)HTU92:4934.7)HTU50[157119.4];
(Afrikaans:4712.2,(PharasaGreek:4556.35,(Luxemburgish:3090.15,(KolschColognian:4328.5,(GreekModern:6217.049999999999,(ArmenianEastern:4014.05,(AncientGreek:5563.450000000001,(AlbanianTosk:3880.55,((((SanskritVedic:3965.15,Yiddish:3917.35)HTU65:1724.15,(EnglishBritish:3547.1,Gothic:4809.75)HTU66:1520.05)HTU67:8524.65,((Dutch:1761.75,OldPrussian:1968.25)HTU73:8743.15,(EasternFrisianSaterland:9765.65,((SchwyzerdutschSwissGerman:13109.85,(SouthernTsakonian:11961.05,(CentralFranconianRipuarian:3632.65,Luwian:4048.1)HTU75:10292.65)HTU98:6723.45)HTU72:7602.3,(Latgalian:2306.2,Lithuanian:3066.1000000000004)HTU97:9009.75)HTU71:5929.65)HTU96:5451.9)HTU74:5425.75)HTU94:5452.15,((WesternFrisian:4719.75,(Latvian:3963.35,(Breton:3395.05,(((Cornish:2436.15,Irish:2006.55)HTU77:1010.9499999999999,(AncientIonicGreek:5093.6,ClassicalArmenian:2802.15)HTU79:1684.65)HTU81:1874.35,((Faroese:2023.85,Icelandic:6635.35)HTU78:1504.15,(Assamese:5086.85,Scots:2364.35)HTU80:1285.65)HTU82:2280.5499999999997)HTU83:1592.55)HTU84:1883.85)HTU85:2082.65)HTU76:5334.2,(((Manx:2180.75,(OldIrish:1577.05,ScottishGaelic:1421.05)HTU51:931.2)HTU52:2995.9500000000003,(ArmenianWestern:4015.2,(PennsylvaniaDutch:4103.55,((German:3406.65,(LowSaxon:3599.35,(NorthFrisianOomrang:7270.55,OldHighGerman:3598.0)HTU53:2748.65)HTU56:4001.85)HTU58:2429.6,((EnglishAmerican:2536.75,(Norweigan:3749.4500000000003,Swedish:2872.75)HTU54:3182.15)HTU57:1709.65,(Avestan:4250.65,Danish:3126.75)HTU59:1825.05)HTU60:2254.75)HTU61:2021.35)HTU62:2398.35)HTU63:2368.65)HTU55:3009.15,((Samogitian:3091.85,TocharianB:3222.8)HTU68:1388.15,(TocharianA:2253.95,Welsh:2233.05)HTU69:1401.15)HTU70:3735.65)HTU93:4730.65)HTU95:5066.65)HTU64:7530.75)HTU86:2257.65)HTU87:2174.65)HTU88:3003.25)HTU89:3537.9500000000003)HTU90:2700.25)HTU91:3265.25)HTU92:4445.7)HTU50[156868.1];
(Afrikaans:4296.2,(PharasaGreek:4558.35,(Luxemburgish:3081.65,(KolschColognian:4323.0,(GreekModern:6199.049999999999,(ArmenianEastern:4006.55,(AncientGreek:5501.950000000001,(AlbanianTosk:3806.55,(((EnglishBritish:3163.1,(Luwian:3799.0,(SanskritVedic:3619.35,Yiddish:4346.65)HTU65:1733.15)HTU66:2536.75)HTU67:9087.65,(Welsh:10341.95,((Dutch:1767.55,OldPrussian:1944.4499999999998)HTU74:9263.65,(EasternFrisianSaterland:10631.85,((German:2196.15,(Latgalian:2553.7,Lithuanian:2904.6000000000004)HTU97:1501.05)HTU72:9913.65,(SchwyzerdutschSwissGerman:13803.449999999999,(CentralFranconianRipuarian:3358.65,SouthernTsakonian:4375.55)HTU98:11136.35)HTU73:8044.6)HTU71:6070.55)HTU96:5925.7)HTU75:5491.25)HTU70:5800.25)HTU94:5523.45,((WesternFrisian:4608.75,(Latvian:3927.85,(Breton:3393.55,(((Cornish:2402.65,Irish:1988.55)HTU77:1012.4499999999999,(AncientIonicGreek:5145.1,ClassicalArmenian:2745.15)HTU79:1635.15)HTU81:1881.85,((Faroese:2013.35,Icelandic:6636.85)HTU78:1511.65,(Assamese:5073.85,Scots:2347.85)HTU80:1283.65)HTU82:2286.0499999999997)HTU83:1600.55)HTU84:1945.35)HTU85:2144.15)HTU76:6157.7,(((Manx:2050.15,(OldIrish:1580.55,ScottishGaelic:1421.55)HTU51:1061.8000000000002)HTU52:3704.9500000000003,(ArmenianWestern:4702.6,(PennsylvaniaDutch:4653.55,((LowSaxon:3204.85,(NorthFrisianOomrang:7594.55,OldHighGerman:3245.0)HTU53:2314.65)HTU57:5290.799999999999,((EnglishAmerican:3582.25,(Norweigan:4246.950000000001,(Gothic:3886.65,Swedish:3039.25)HTU54:1918.15)HTU55:3007.65)HTU58:2241.15,(Avestan:4253.65,Danish:3205.25)HTU59:2803.55)HTU60:2870.75)HTU61:2515.85)HTU62:2844.4500000000003)HTU63:2795.65)HTU56:3379.85,(TocharianA:2624.65,(Samogitian:3223.95,TocharianB:3089.2)HTU68:1397.15)HTU69:4612.65)HTU93:5141.55)HTU95:5404.75)HTU64:7972.15)HTU86:2315.15)HTU87:2235.65)HTU88:3012.75)HTU89:3537.9500000000003)HTU90:2698.75)HTU91:3259.75)HTU92:4186.2)HTU50[156528.2];
(Afrikaans:4370.7,(PharasaGreek:4586.35,(Luxemburgish:2898.65,(KolschColognian:4464.5,(GreekModern:6225.549999999999,(ArmenianEastern:3956.55,(AncientGreek:5589.950000000001,(AlbanianTosk:3839.05,(((EnglishBritish:2689.0,(SanskritVedic:3821.15,Yiddish:4104.35)HTU66:2073.15)HTU67:8675.65,(Welsh:9688.35,((Dutch:1803.15,OldPrussian:1981.35)HTU74:8858.65,((EasternFrisianSaterland:1945.55,Scots:2110.05)HTU71:9148.15,((SchwyzerdutschSwissGerman:13596.35,(SouthernTsakonian:12541.05,(CentralFranconianRipuarian:3663.15,Luwian:4060.6)HTU76:10855.65)HTU98:7071.95)HTU73:8003.8,(Latgalian:2372.2,Lithuanian:2981.6000000000004)HTU97:9637.75)HTU72:6245.75)HTU96:5598.9)HTU75:5078.25)HTU70:5373.75)HTU94:5349.55,((WesternFrisian:4453.75,(Latvian:3807.35,(Breton:3188.55,(((Cornish:2352.15,Irish:2122.05)HTU78:1074.95,(AncientIonicGreek:5139.1,ClassicalArmenian:2753.15)HTU80:1614.15)HTU81:1639.35,(Assamese:4340.85,(Faroese:2717.85,Icelandic:6101.35)HTU79:2182.65)HTU82:2718.05)HTU83:1555.05)HTU84:1795.85)HTU85:2043.65)HTU77:5975.7,(((Manx:2200.65,(OldIrish:1583.05,ScottishGaelic:1426.05)HTU51:924.8000000000001)HTU52:3690.4500000000003,(ArmenianWestern:4749.6,(PennsylvaniaDutch:4816.55,((German:3502.65,(LowSaxon:3586.85,(NorthFrisianOomrang:7260.55,OldHighGerman:3587.5)HTU53:2742.15)HTU57:3989.35)HTU59:3092.6,((EnglishAmerican:3256.25,(Norweigan:4319.950000000001,(Gothic:3875.65,Swedish:3073.25)HTU54:1856.15)HTU55:3411.15)HTU58:2091.65,(Avestan:4367.15,Danish:3069.75)HTU60:2417.55)HTU61:2704.75)HTU62:2349.35)HTU63:2722.9500000000003)HTU64:2805.65)HTU56:3341.35,(TocharianA:2589.15,(Samogitian:3224.95,TocharianB:3099.2)HTU68:1430.15)HTU69:4545.65)HTU93:5001.05)HTU95:5335.25)HTU65:7832.65)HTU86:2115.15)HTU87:2192.65)HTU88:3016.75)HTU89:3659.9500000000003)HTU90:2682.25)HTU91:3188.75)HTU92:4386.7)HTU50[156504.3];
