(Antarctic_neomeniomorph:0.0,(Greenland_neomeniomorph:47.0,((Helobdella_robusta:13.0,Scaphopods:5.0)HTU29:45.0,((Siphonaria_pectinata:2.0,(Octopus:48.0,(Lymnaea_stagnalis:0.0,(Cerebratulus_lacteus:56.0,Euprymna_scolopes:39.0)HTU41:0.0)HTU45:7.0)HTU28:0.0)HTU30:5.0,((Venerupis_decussatus:53.0,Venerupis_philippinarum:0.0)HTU27:3.0,(Lottia_gigantea:37.0,(((Crassostrea_virginica:6.0,Mytilus_californianus:2.0)HTU31:2.0,(Yoldia_limatula:0.0,(Nucula:15.0,Solemya:16.0)HTU38:0.0)HTU34:2.0)HTU36:0.0,((Ilyanassa_obsoleta:0.0,Nautilus:0.0)HTU40:0.0,(Perotrochus_lucaya:7.0,(Chaetopleura_apiculata:4.0,(Lingula_anatina:8.0,(Aplysia_californica:46.0,Littorina_littorea:14.0)HTU37:0.0)HTU35:15.0)HTU44:1.0)HTU43:9.0)HTU39:30.0)HTU25:2.0)HTU32:1.0)HTU33:2.0)HTU42:5.0)HTU46:4.0)HTU26:0.0)HTU24[1316.0];
(Antarctic_neomeniomorph:0.0,(Greenland_neomeniomorph:47.0,((Helobdella_robusta:13.0,Scaphopods:5.0)HTU29:45.0,((Siphonaria_pectinata:2.0,(Octopus:48.0,(Lymnaea_stagnalis:0.0,(Cerebratulus_lacteus:56.0,Euprymna_scolopes:39.0)HTU41:0.0)HTU45:7.0)HTU28:0.0)HTU30:5.0,((Venerupis_decussatus:53.0,Venerupis_philippinarum:0.0)HTU27:3.0,(Lottia_gigantea:37.0,((Yoldia_limatula:3.0,(Mytilus_californianus:32.0,(Crassostrea_virginica:0.0,(Nucula:15.0,Solemya:16.0)HTU38:0.0)HTU34:1.0)HTU31:2.0)HTU36:0.0,((Ilyanassa_obsoleta:0.0,Nautilus:0.0)HTU40:0.0,(Perotrochus_lucaya:7.0,(Chaetopleura_apiculata:4.0,(Lingula_anatina:8.0,(Aplysia_californica:46.0,Littorina_littorea:14.0)HTU37:0.0)HTU35:15.0)HTU44:1.0)HTU43:9.0)HTU39:30.0)HTU25:2.0)HTU32:1.0)HTU33:2.0)HTU42:5.0)HTU46:4.0)HTU26:0.0)HTU24[1316.0];
