digraph G {
	rankdir = LR;	edge [colorscheme=spectral11];	node [shape = none];

    0 [label=AlbanianTosk];
    1 [label=AncientIonicGreek];
    2 [label=ArmenianWestern];
    3 [label=Assamese];
    4 [label=Cornish];
    5 [label=Danish];
    6 [label=EasternFrisianSaterland];
    7 [label=Faroese];
    8 [label=Icelandic];
    9 [label=Irish];
    10 [label=KolschColognian];
    11 [label=Manx];
    12 [label=OldPrussian];
    13 [label=SanskritVedic];
    14 [label=Scots];
    15 [label=Yiddish];
    16 [label=HTU16];
    17 [label=HTU17];
    18 [label=HTU18];
    19 [label=HTU19];
    20 [label=HTU20];
    21 [label=HTU21];
    22 [label=HTU22];
    23 [label=HTU23];
    24 [label=HTU24];
    25 [label=HTU25];
    26 [label=HTU26];
    27 [label=HTU27];
    28 [label=HTU28];
    29 [label=HTU29];
    30 [label=HTU30];
    31 [label=HTU31];
    32 [label=HTU32];
    33 [label=HTU33];
    34 [label=HTU34];
    35 [label=HTU35];
    36 [label=HTU36];
    16 -> 0 [label=0.0];
    16 -> 17 [label=1.0];
    17 -> 2 [label=118.2];
    17 -> 18 [label=44.0];
    18 -> 19 [label=75.0];
    18 -> 32 [label=70.9];
    19 -> 9 [label=68.7];
    19 -> 20 [label=8.0];
    20 -> 21 [label=5.0];
    21 -> 22 [label=26.9];
    21 -> 31 [label=0.0];
    22 -> 7 [label=116.4];
    22 -> 23 [label=21.0];
    23 -> 24 [label=78.0];
    23 -> 30 [label=18.0];
    24 -> 25 [label=106.0];
    24 -> 28 [label=48.0];
    25 -> 15 [label=105.2];
    25 -> 26 [label=75.7];
    26 -> 10 [label=128.0];
    26 -> 27 [label=0.0];
    27 -> 8 [label=193.3];
    28 -> 1 [label=171.2];
    28 -> 29 [label=91.0];
    29 -> 3 [label=72.7];
    29 -> 13 [label=51.0];
    30 -> 6 [label=60.9];
    30 -> 14 [label=93.4];
    31 -> 5 [label=76.9];
    32 -> 33 [label=36.0];
    32 -> 35 [label=22.0];
    33 -> 4 [label=77.5];
    33 -> 34 [label=0.0];
    34 -> 11 [label=54.1];
    34 -> 20 [label=0.0];
    35 -> 31 [label=0.0];
    35 -> 36 [label=0.0];
    36 -> 12 [label=70.4];
    36 -> 27 [label=0.0];
}
//3629.3
digraph G {
	rankdir = LR;	edge [colorscheme=spectral11];	node [shape = none];

    0 [label=AlbanianTosk];
    1 [label=AncientIonicGreek];
    2 [label=ArmenianWestern];
    3 [label=Assamese];
    4 [label=Cornish];
    5 [label=Danish];
    6 [label=EasternFrisianSaterland];
    7 [label=Faroese];
    8 [label=Icelandic];
    9 [label=Irish];
    10 [label=KolschColognian];
    11 [label=Manx];
    12 [label=OldPrussian];
    13 [label=SanskritVedic];
    14 [label=Scots];
    15 [label=Yiddish];
    16 [label=HTU16];
    17 [label=HTU17];
    18 [label=HTU18];
    19 [label=HTU19];
    20 [label=HTU20];
    21 [label=HTU21];
    22 [label=HTU22];
    23 [label=HTU23];
    24 [label=HTU24];
    25 [label=HTU25];
    26 [label=HTU26];
    27 [label=HTU27];
    28 [label=HTU28];
    29 [label=HTU29];
    30 [label=HTU30];
    31 [label=HTU31];
    32 [label=HTU32];
    33 [label=HTU33];
    34 [label=HTU34];
    35 [label=HTU35];
    36 [label=HTU36];
    37 [label=HTU37];
    38 [label=HTU38];
    39 [label=HTU39];
    40 [label=HTU40];
    16 -> 0 [label=0.0];
    16 -> 17 [label=0.0];
    17 -> 18 [label=64.0];
    17 -> 32 [label=20.9];
    18 -> 28 [label=1.0];
    18 -> 37 [label=37.0];
    19 -> 27 [label=0.0];
    19 -> 39 [label=10.0];
    20 -> 21 [label=59.1];
    20 -> 26 [label=0.0];
    21 -> 22 [label=49.0];
    21 -> 24 [label=119.0];
    22 -> 1 [label=175.2];
    22 -> 23 [label=99.0];
    23 -> 3 [label=70.7];
    23 -> 13 [label=50.0];
    24 -> 15 [label=112.2];
    24 -> 25 [label=69.7];
    25 -> 8 [label=197.3];
    25 -> 10 [label=136.0];
    26 -> 5 [label=97.9];
    27 -> 2 [label=84.0];
    28 -> 29 [label=34.3];
    28 -> 31 [label=0.0];
    29 -> 14 [label=64.0];
    29 -> 40 [label=0.0];
    30 -> 6 [label=99.3];
    30 -> 7 [label=80.0];
    31 -> 34 [label=20.0];
    32 -> 36 [label=73.1];
    32 -> 38 [label=0.0];
    33 -> 12 [label=84.4];
    33 -> 31 [label=0.0];
    34 -> 11 [label=54.1];
    34 -> 35 [label=11.0];
    35 -> 4 [label=77.5];
    35 -> 26 [label=0.0];
    36 -> 9 [label=91.5];
    36 -> 27 [label=0.0];
    37 -> 19 [label=2.0];
    37 -> 38 [label=0.0];
    38 -> 33 [label=80.0];
    39 -> 20 [label=28.0];
    39 -> 40 [label=0.0];
    40 -> 30 [label=22.0];
}
//3614.3
digraph G {
	rankdir = LR;	edge [colorscheme=spectral11];	node [shape = none];

    0 [label=AlbanianTosk];
    1 [label=AncientIonicGreek];
    2 [label=ArmenianWestern];
    3 [label=Assamese];
    4 [label=Cornish];
    5 [label=Danish];
    6 [label=EasternFrisianSaterland];
    7 [label=Faroese];
    8 [label=Icelandic];
    9 [label=Irish];
    10 [label=KolschColognian];
    11 [label=Manx];
    12 [label=OldPrussian];
    13 [label=SanskritVedic];
    14 [label=Scots];
    15 [label=Yiddish];
    16 [label=HTU16];
    17 [label=HTU17];
    18 [label=HTU18];
    19 [label=HTU19];
    20 [label=HTU20];
    21 [label=HTU21];
    22 [label=HTU22];
    23 [label=HTU23];
    24 [label=HTU24];
    25 [label=HTU25];
    26 [label=HTU26];
    27 [label=HTU27];
    28 [label=HTU28];
    29 [label=HTU29];
    30 [label=HTU30];
    31 [label=HTU31];
    32 [label=HTU32];
    33 [label=HTU33];
    34 [label=HTU34];
    35 [label=HTU35];
    36 [label=HTU36];
    37 [label=HTU37];
    38 [label=HTU38];
    39 [label=HTU39];
    40 [label=HTU40];
    16 -> 0 [label=0.0];
    16 -> 17 [label=0.0];
    17 -> 18 [label=31.0];
    17 -> 27 [label=59.0];
    18 -> 19 [label=27.9];
    18 -> 23 [label=0.0];
    19 -> 22 [label=0.0];
    19 -> 37 [label=16.0];
    20 -> 9 [label=82.5];
    20 -> 21 [label=0.0];
    21 -> 25 [label=9.1];
    22 -> 2 [label=138.0];
    23 -> 24 [label=32.0];
    24 -> 5 [label=76.9];
    24 -> 21 [label=0.0];
    25 -> 12 [label=66.4];
    25 -> 26 [label=38.0];
    26 -> 4 [label=71.5];
    26 -> 11 [label=57.1];
    27 -> 28 [label=34.2];
    27 -> 30 [label=48.1];
    28 -> 14 [label=51.0];
    28 -> 40 [label=0.0];
    29 -> 6 [label=83.3];
    29 -> 7 [label=75.0];
    30 -> 23 [label=0.0];
    30 -> 31 [label=2.0];
    31 -> 22 [label=0.0];
    31 -> 32 [label=49.1];
    32 -> 33 [label=53.0];
    32 -> 38 [label=0.0];
    33 -> 1 [label=175.2];
    33 -> 34 [label=107.0];
    34 -> 3 [label=71.7];
    34 -> 13 [label=46.0];
    35 -> 15 [label=114.2];
    35 -> 36 [label=68.7];
    36 -> 8 [label=193.3];
    36 -> 10 [label=130.0];
    37 -> 38 [label=0.0];
    37 -> 39 [label=4.0];
    38 -> 35 [label=92.0];
    39 -> 20 [label=45.0];
    39 -> 40 [label=0.0];
    40 -> 29 [label=28.0];
}
//3596.4
digraph G {
	rankdir = LR;	edge [colorscheme=spectral11];	node [shape = none];

    0 [label=AlbanianTosk];
    1 [label=AncientIonicGreek];
    2 [label=ArmenianWestern];
    3 [label=Assamese];
    4 [label=Cornish];
    5 [label=Danish];
    6 [label=EasternFrisianSaterland];
    7 [label=Faroese];
    8 [label=Icelandic];
    9 [label=Irish];
    10 [label=KolschColognian];
    11 [label=Manx];
    12 [label=OldPrussian];
    13 [label=SanskritVedic];
    14 [label=Scots];
    15 [label=Yiddish];
    16 [label=HTU16];
    17 [label=HTU17];
    18 [label=HTU18];
    19 [label=HTU19];
    20 [label=HTU20];
    21 [label=HTU21];
    22 [label=HTU22];
    23 [label=HTU23];
    24 [label=HTU24];
    25 [label=HTU25];
    26 [label=HTU26];
    27 [label=HTU27];
    28 [label=HTU28];
    29 [label=HTU29];
    30 [label=HTU30];
    31 [label=HTU31];
    32 [label=HTU32];
    33 [label=HTU33];
    34 [label=HTU34];
    35 [label=HTU35];
    36 [label=HTU36];
    37 [label=HTU37];
    38 [label=HTU38];
    39 [label=HTU39];
    40 [label=HTU40];
    16 -> 0 [label=0.0];
    16 -> 17 [label=0.0];
    17 -> 18 [label=33.0];
    17 -> 27 [label=55.0];
    18 -> 23 [label=0.0];
    18 -> 39 [label=11.0];
    19 -> 22 [label=0.0];
    19 -> 37 [label=16.0];
    20 -> 9 [label=74.5];
    20 -> 21 [label=0.0];
    21 -> 25 [label=13.1];
    22 -> 2 [label=142.0];
    23 -> 24 [label=34.0];
    24 -> 5 [label=74.9];
    24 -> 21 [label=0.0];
    25 -> 12 [label=64.4];
    25 -> 26 [label=34.0];
    26 -> 4 [label=71.5];
    26 -> 11 [label=59.1];
    27 -> 28 [label=34.2];
    27 -> 30 [label=48.1];
    28 -> 14 [label=51.0];
    28 -> 40 [label=0.0];
    29 -> 6 [label=93.3];
    29 -> 7 [label=77.0];
    30 -> 23 [label=0.0];
    30 -> 31 [label=2.0];
    31 -> 22 [label=0.0];
    31 -> 32 [label=49.1];
    32 -> 33 [label=53.0];
    32 -> 38 [label=0.0];
    33 -> 1 [label=175.2];
    33 -> 34 [label=107.0];
    34 -> 3 [label=73.7];
    34 -> 13 [label=48.0];
    35 -> 15 [label=104.2];
    35 -> 36 [label=72.7];
    36 -> 8 [label=193.3];
    36 -> 10 [label=124.0];
    37 -> 20 [label=45.0];
    37 -> 38 [label=0.0];
    38 -> 35 [label=95.0];
    39 -> 19 [label=27.9];
    39 -> 40 [label=0.0];
    40 -> 29 [label=18.0];
}
//3596.4
digraph G {
	rankdir = LR;	edge [colorscheme=spectral11];	node [shape = none];

    0 [label=AlbanianTosk];
    1 [label=AncientIonicGreek];
    2 [label=ArmenianWestern];
    3 [label=Assamese];
    4 [label=Cornish];
    5 [label=Danish];
    6 [label=EasternFrisianSaterland];
    7 [label=Faroese];
    8 [label=Icelandic];
    9 [label=Irish];
    10 [label=KolschColognian];
    11 [label=Manx];
    12 [label=OldPrussian];
    13 [label=SanskritVedic];
    14 [label=Scots];
    15 [label=Yiddish];
    16 [label=HTU16];
    17 [label=HTU17];
    18 [label=HTU18];
    19 [label=HTU19];
    20 [label=HTU20];
    21 [label=HTU21];
    22 [label=HTU22];
    23 [label=HTU23];
    24 [label=HTU24];
    25 [label=HTU25];
    26 [label=HTU26];
    27 [label=HTU27];
    28 [label=HTU28];
    29 [label=HTU29];
    30 [label=HTU30];
    31 [label=HTU31];
    32 [label=HTU32];
    33 [label=HTU33];
    34 [label=HTU34];
    35 [label=HTU35];
    36 [label=HTU36];
    37 [label=HTU37];
    38 [label=HTU38];
    39 [label=HTU39];
    40 [label=HTU40];
    16 -> 0 [label=0.0];
    16 -> 17 [label=0.0];
    17 -> 18 [label=16.0];
    17 -> 27 [label=79.0];
    18 -> 19 [label=15.2];
    18 -> 23 [label=0.0];
    19 -> 22 [label=0.0];
    19 -> 37 [label=4.0];
    20 -> 9 [label=62.5];
    20 -> 21 [label=0.0];
    21 -> 25 [label=9.1];
    22 -> 2 [label=130.0];
    23 -> 24 [label=34.0];
    24 -> 5 [label=77.0];
    24 -> 21 [label=0.0];
    25 -> 12 [label=69.4];
    25 -> 26 [label=39.0];
    26 -> 4 [label=72.5];
    26 -> 11 [label=57.1];
    27 -> 28 [label=40.0];
    27 -> 30 [label=51.9];
    28 -> 6 [label=53.0];
    28 -> 29 [label=43.3];
    29 -> 7 [label=76.0];
    29 -> 14 [label=90.0];
    30 -> 23 [label=0.0];
    30 -> 31 [label=15.0];
    31 -> 22 [label=0.0];
    31 -> 32 [label=49.0];
    32 -> 33 [label=23.0];
    32 -> 38 [label=0.0];
    33 -> 34 [label=114.0];
    33 -> 40 [label=0.0];
    34 -> 3 [label=73.7];
    34 -> 13 [label=49.0];
    35 -> 15 [label=116.2];
    35 -> 36 [label=61.7];
    36 -> 8 [label=197.3];
    36 -> 10 [label=130.0];
    37 -> 38 [label=0.0];
    37 -> 39 [label=18.0];
    38 -> 35 [label=90.0];
    39 -> 20 [label=45.0];
    39 -> 40 [label=0.0];
    40 -> 1 [label=197.2];
}
//3590.0
digraph G {
	rankdir = LR;	edge [colorscheme=spectral11];	node [shape = none];

    0 [label=AlbanianTosk];
    1 [label=AncientIonicGreek];
    2 [label=ArmenianWestern];
    3 [label=Assamese];
    4 [label=Cornish];
    5 [label=Danish];
    6 [label=EasternFrisianSaterland];
    7 [label=Faroese];
    8 [label=Icelandic];
    9 [label=Irish];
    10 [label=KolschColognian];
    11 [label=Manx];
    12 [label=OldPrussian];
    13 [label=SanskritVedic];
    14 [label=Scots];
    15 [label=Yiddish];
    16 [label=HTU16];
    17 [label=HTU17];
    18 [label=HTU18];
    19 [label=HTU19];
    20 [label=HTU20];
    21 [label=HTU21];
    22 [label=HTU22];
    23 [label=HTU23];
    24 [label=HTU24];
    25 [label=HTU25];
    26 [label=HTU26];
    27 [label=HTU27];
    28 [label=HTU28];
    29 [label=HTU29];
    30 [label=HTU30];
    31 [label=HTU31];
    32 [label=HTU32];
    33 [label=HTU33];
    34 [label=HTU34];
    35 [label=HTU35];
    36 [label=HTU36];
    37 [label=HTU37];
    38 [label=HTU38];
    39 [label=HTU39];
    40 [label=HTU40];
    16 -> 0 [label=0.0];
    16 -> 17 [label=0.0];
    17 -> 18 [label=53.9];
    17 -> 33 [label=55.0];
    18 -> 9 [label=69.7];
    18 -> 19 [label=5.0];
    19 -> 20 [label=20.0];
    19 -> 32 [label=0.0];
    20 -> 21 [label=29.0];
    20 -> 29 [label=0.0];
    21 -> 27 [label=20.0];
    21 -> 38 [label=22.0];
    22 -> 23 [label=47.0];
    22 -> 25 [label=112.0];
    23 -> 1 [label=172.2];
    23 -> 24 [label=96.0];
    24 -> 3 [label=70.7];
    24 -> 13 [label=49.0];
    25 -> 15 [label=108.2];
    25 -> 26 [label=81.7];
    26 -> 8 [label=195.3];
    26 -> 10 [label=132.0];
    27 -> 6 [label=53.0];
    27 -> 40 [label=0.0];
    28 -> 7 [label=75.0];
    28 -> 14 [label=92.0];
    29 -> 30 [label=60.5];
    30 -> 2 [label=112.0];
    30 -> 31 [label=0.0];
    31 -> 4 [label=109.0];
    32 -> 36 [label=5.0];
    33 -> 11 [label=56.1];
    33 -> 34 [label=22.0];
    34 -> 32 [label=0.0];
    34 -> 35 [label=4.0];
    35 -> 12 [label=96.4];
    35 -> 29 [label=0.0];
    36 -> 31 [label=0.0];
    36 -> 37 [label=0.0];
    37 -> 38 [label=0.0];
    37 -> 39 [label=20.0];
    38 -> 22 [label=39.9];
    39 -> 5 [label=83.9];
    39 -> 40 [label=0.0];
    40 -> 28 [label=61.3];
}
//3571.8
digraph G {
	rankdir = LR;	edge [colorscheme=spectral11];	node [shape = none];

    0 [label=AlbanianTosk];
    1 [label=AncientIonicGreek];
    2 [label=ArmenianWestern];
    3 [label=Assamese];
    4 [label=Cornish];
    5 [label=Danish];
    6 [label=EasternFrisianSaterland];
    7 [label=Faroese];
    8 [label=Icelandic];
    9 [label=Irish];
    10 [label=KolschColognian];
    11 [label=Manx];
    12 [label=OldPrussian];
    13 [label=SanskritVedic];
    14 [label=Scots];
    15 [label=Yiddish];
    16 [label=HTU16];
    17 [label=HTU17];
    18 [label=HTU18];
    19 [label=HTU19];
    20 [label=HTU20];
    21 [label=HTU21];
    22 [label=HTU22];
    23 [label=HTU23];
    24 [label=HTU24];
    25 [label=HTU25];
    26 [label=HTU26];
    27 [label=HTU27];
    28 [label=HTU28];
    29 [label=HTU29];
    30 [label=HTU30];
    31 [label=HTU31];
    32 [label=HTU32];
    33 [label=HTU33];
    34 [label=HTU34];
    35 [label=HTU35];
    36 [label=HTU36];
    37 [label=HTU37];
    38 [label=HTU38];
    39 [label=HTU39];
    40 [label=HTU40];
    16 -> 0 [label=0.0];
    16 -> 17 [label=1.0];
    17 -> 18 [label=8.0];
    17 -> 32 [label=45.4];
    18 -> 19 [label=1.0];
    18 -> 23 [label=0.0];
    19 -> 20 [label=52.0];
    19 -> 22 [label=0.0];
    20 -> 2 [label=98.0];
    20 -> 21 [label=0.0];
    21 -> 4 [label=118.0];
    22 -> 12 [label=68.3];
    23 -> 24 [label=18.0];
    24 -> 25 [label=50.3];
    24 -> 38 [label=18.0];
    25 -> 14 [label=72.0];
    25 -> 26 [label=20.0];
    26 -> 7 [label=76.0];
    26 -> 40 [label=0.0];
    27 -> 28 [label=46.0];
    27 -> 30 [label=123.0];
    28 -> 1 [label=177.2];
    28 -> 29 [label=102.0];
    29 -> 3 [label=72.7];
    29 -> 13 [label=48.0];
    30 -> 15 [label=112.2];
    30 -> 31 [label=66.7];
    31 -> 8 [label=195.3];
    31 -> 10 [label=131.0];
    32 -> 9 [label=66.5];
    32 -> 33 [label=45.2];
    33 -> 34 [label=62.0];
    33 -> 35 [label=53.8];
    34 -> 11 [label=65.2];
    34 -> 22 [label=0.0];
    35 -> 23 [label=7.0];
    35 -> 36 [label=4.0];
    36 -> 21 [label=0.0];
    36 -> 37 [label=16.0];
    37 -> 38 [label=0.0];
    37 -> 39 [label=12.9];
    38 -> 27 [label=64.1];
    39 -> 5 [label=52.0];
    39 -> 40 [label=0.0];
    40 -> 6 [label=74.9];
}
//3561.4
digraph G {
	rankdir = LR;	edge [colorscheme=spectral11];	node [shape = none];

    0 [label=AlbanianTosk];
    1 [label=AncientIonicGreek];
    2 [label=ArmenianWestern];
    3 [label=Assamese];
    4 [label=Cornish];
    5 [label=Danish];
    6 [label=EasternFrisianSaterland];
    7 [label=Faroese];
    8 [label=Icelandic];
    9 [label=Irish];
    10 [label=KolschColognian];
    11 [label=Manx];
    12 [label=OldPrussian];
    13 [label=SanskritVedic];
    14 [label=Scots];
    15 [label=Yiddish];
    16 [label=HTU16];
    17 [label=HTU17];
    18 [label=HTU18];
    19 [label=HTU19];
    20 [label=HTU20];
    21 [label=HTU21];
    22 [label=HTU22];
    23 [label=HTU23];
    24 [label=HTU24];
    25 [label=HTU25];
    26 [label=HTU26];
    27 [label=HTU27];
    28 [label=HTU28];
    29 [label=HTU29];
    30 [label=HTU30];
    31 [label=HTU31];
    32 [label=HTU32];
    33 [label=HTU33];
    34 [label=HTU34];
    35 [label=HTU35];
    36 [label=HTU36];
    37 [label=HTU37];
    38 [label=HTU38];
    39 [label=HTU39];
    40 [label=HTU40];
    16 -> 0 [label=0.0];
    16 -> 17 [label=1.0];
    17 -> 18 [label=10.0];
    17 -> 30 [label=50.4];
    18 -> 19 [label=42.0];
    18 -> 21 [label=0.0];
    19 -> 2 [label=98.0];
    19 -> 20 [label=0.0];
    20 -> 4 [label=91.0];
    21 -> 22 [label=26.0];
    22 -> 23 [label=39.9];
    22 -> 38 [label=24.0];
    23 -> 6 [label=52.0];
    23 -> 40 [label=0.0];
    24 -> 7 [label=82.0];
    24 -> 14 [label=89.0];
    25 -> 26 [label=111.0];
    25 -> 28 [label=47.0];
    26 -> 15 [label=113.2];
    26 -> 27 [label=80.7];
    27 -> 8 [label=199.3];
    27 -> 10 [label=133.0];
    28 -> 1 [label=177.2];
    28 -> 29 [label=97.0];
    29 -> 3 [label=72.7];
    29 -> 13 [label=49.0];
    30 -> 9 [label=77.5];
    30 -> 31 [label=34.2];
    31 -> 32 [label=29.0];
    31 -> 35 [label=54.9];
    32 -> 20 [label=0.0];
    32 -> 39 [label=0.0];
    33 -> 11 [label=42.2];
    33 -> 34 [label=0.0];
    34 -> 12 [label=68.3];
    35 -> 21 [label=5.0];
    35 -> 36 [label=23.0];
    36 -> 34 [label=0.0];
    36 -> 37 [label=15.0];
    37 -> 5 [label=74.0];
    37 -> 38 [label=0.0];
    38 -> 25 [label=58.0];
    39 -> 33 [label=54.0];
    39 -> 40 [label=0.0];
    40 -> 24 [label=41.3];
}
//3551.5
digraph G {
	rankdir = LR;	edge [colorscheme=spectral11];	node [shape = none];

    0 [label=AlbanianTosk];
    1 [label=AncientIonicGreek];
    2 [label=ArmenianWestern];
    3 [label=Assamese];
    4 [label=Cornish];
    5 [label=Danish];
    6 [label=EasternFrisianSaterland];
    7 [label=Faroese];
    8 [label=Icelandic];
    9 [label=Irish];
    10 [label=KolschColognian];
    11 [label=Manx];
    12 [label=OldPrussian];
    13 [label=SanskritVedic];
    14 [label=Scots];
    15 [label=Yiddish];
    16 [label=HTU16];
    17 [label=HTU17];
    18 [label=HTU18];
    19 [label=HTU19];
    20 [label=HTU20];
    21 [label=HTU21];
    22 [label=HTU22];
    23 [label=HTU23];
    24 [label=HTU24];
    25 [label=HTU25];
    26 [label=HTU26];
    27 [label=HTU27];
    28 [label=HTU28];
    29 [label=HTU29];
    30 [label=HTU30];
    31 [label=HTU31];
    32 [label=HTU32];
    33 [label=HTU33];
    34 [label=HTU34];
    35 [label=HTU35];
    36 [label=HTU36];
    37 [label=HTU37];
    38 [label=HTU38];
    39 [label=HTU39];
    40 [label=HTU40];
    16 -> 0 [label=0.0];
    16 -> 17 [label=1.0];
    17 -> 18 [label=10.0];
    17 -> 30 [label=50.4];
    18 -> 19 [label=42.0];
    18 -> 21 [label=0.0];
    19 -> 2 [label=98.0];
    19 -> 20 [label=0.0];
    20 -> 4 [label=91.0];
    21 -> 22 [label=26.0];
    22 -> 23 [label=39.9];
    22 -> 38 [label=24.0];
    23 -> 6 [label=50.0];
    23 -> 24 [label=41.3];
    24 -> 14 [label=89.0];
    24 -> 40 [label=0.0];
    25 -> 26 [label=111.0];
    25 -> 28 [label=47.0];
    26 -> 15 [label=113.2];
    26 -> 27 [label=80.7];
    27 -> 8 [label=199.3];
    27 -> 10 [label=133.0];
    28 -> 1 [label=177.2];
    28 -> 29 [label=97.0];
    29 -> 3 [label=72.7];
    29 -> 13 [label=49.0];
    30 -> 9 [label=76.5];
    30 -> 31 [label=34.2];
    31 -> 32 [label=28.0];
    31 -> 35 [label=54.9];
    32 -> 20 [label=0.0];
    32 -> 33 [label=54.0];
    33 -> 11 [label=41.2];
    33 -> 34 [label=0.0];
    34 -> 12 [label=69.3];
    35 -> 21 [label=5.0];
    35 -> 36 [label=24.0];
    36 -> 34 [label=0.0];
    36 -> 37 [label=15.0];
    37 -> 38 [label=0.0];
    37 -> 39 [label=0.0];
    38 -> 25 [label=57.0];
    39 -> 5 [label=75.0];
    39 -> 40 [label=0.0];
    40 -> 7 [label=82.0];
}
//3551.5
digraph G {
	rankdir = LR;	edge [colorscheme=spectral11];	node [shape = none];

    0 [label=AlbanianTosk];
    1 [label=AncientIonicGreek];
    2 [label=ArmenianWestern];
    3 [label=Assamese];
    4 [label=Cornish];
    5 [label=Danish];
    6 [label=EasternFrisianSaterland];
    7 [label=Faroese];
    8 [label=Icelandic];
    9 [label=Irish];
    10 [label=KolschColognian];
    11 [label=Manx];
    12 [label=OldPrussian];
    13 [label=SanskritVedic];
    14 [label=Scots];
    15 [label=Yiddish];
    16 [label=HTU16];
    17 [label=HTU17];
    18 [label=HTU18];
    19 [label=HTU19];
    20 [label=HTU20];
    21 [label=HTU21];
    22 [label=HTU22];
    23 [label=HTU23];
    24 [label=HTU24];
    25 [label=HTU25];
    26 [label=HTU26];
    27 [label=HTU27];
    28 [label=HTU28];
    29 [label=HTU29];
    30 [label=HTU30];
    31 [label=HTU31];
    32 [label=HTU32];
    33 [label=HTU33];
    34 [label=HTU34];
    35 [label=HTU35];
    36 [label=HTU36];
    37 [label=HTU37];
    38 [label=HTU38];
    39 [label=HTU39];
    40 [label=HTU40];
    16 -> 0 [label=0.0];
    16 -> 17 [label=1.0];
    17 -> 18 [label=10.0];
    17 -> 30 [label=50.4];
    18 -> 19 [label=42.0];
    18 -> 21 [label=0.0];
    19 -> 2 [label=98.0];
    19 -> 20 [label=0.0];
    20 -> 4 [label=91.0];
    21 -> 22 [label=26.0];
    22 -> 23 [label=39.9];
    22 -> 38 [label=24.0];
    23 -> 6 [label=52.0];
    23 -> 40 [label=0.0];
    24 -> 7 [label=81.0];
    24 -> 14 [label=92.0];
    25 -> 26 [label=111.0];
    25 -> 28 [label=47.0];
    26 -> 15 [label=113.2];
    26 -> 27 [label=80.7];
    27 -> 8 [label=199.3];
    27 -> 10 [label=133.0];
    28 -> 1 [label=177.2];
    28 -> 29 [label=97.0];
    29 -> 3 [label=72.7];
    29 -> 13 [label=49.0];
    30 -> 9 [label=76.5];
    30 -> 31 [label=34.2];
    31 -> 32 [label=29.0];
    31 -> 35 [label=54.9];
    32 -> 20 [label=0.0];
    32 -> 33 [label=54.0];
    33 -> 11 [label=41.2];
    33 -> 34 [label=0.0];
    34 -> 12 [label=69.3];
    35 -> 21 [label=5.0];
    35 -> 36 [label=23.0];
    36 -> 34 [label=0.0];
    36 -> 37 [label=15.0];
    37 -> 38 [label=0.0];
    37 -> 39 [label=0.0];
    38 -> 25 [label=57.0];
    39 -> 5 [label=75.0];
    39 -> 40 [label=0.0];
    40 -> 24 [label=41.3];
}
//3551.5
