"Input data contained:"
,"12 terminal taxa"
,"1 input data files"
,"1 character blocks"
,"1 total characters"

"Terminal taxa:"
" ","Alentus","Amblypygid","Aportus","Centruoides","Hadrurus","Limulus","Mastigoproctus","Pauroctonus","Rhiphicephalus","Thelichoris"
" ","Thermobius","Vonones"

"Excluded taxa:"
" ","Americhernus","Gea","Hypochilus","Artemia"

"Renamed taxa:","New Name","Original Name"
" ","None","None"

"Index","Block","Name","Type","Activity","Weight","Prealigned","Alphabet","TCM"
"0","../data/chel-16.fas#0","../data/chel-16.fas#0","NucSeq","active","1.0","unaligned","-,A,C,G,T","[[0],[1,0],[1,1,0],[1,1,1,0],[1,1,1,1,0]]"
