Alentus,Amblypygid,Aportus,Centruoides,Hadrurus,Limulus,Mastigoproctus,Pauroctonus,Rhiphicephalus,Thelichoris,Thermobius,Vonones
"0.0","35.0","12.0","46.0","45.0","40.0","43.0","44.0","45.0","43.0","44.0","34.0"
"35.0","0.0","37.0","29.0","36.0","24.0","23.0","31.0","38.0","20.0","41.0","23.0"
"12.0","37.0","0.0","46.0","48.0","42.0","42.0","48.0","49.0","42.0","47.0","38.0"
"46.0","29.0","46.0","0.0","30.0","29.0","24.0","23.0","43.0","27.0","41.0","33.0"
"45.0","36.0","48.0","30.0","0.0","35.0","35.0","15.0","44.0","34.0","42.0","37.0"
"40.0","24.0","42.0","29.0","35.0","0.0","24.0","26.0","38.0","24.0","39.0","21.0"
"43.0","23.0","42.0","24.0","35.0","24.0","0.0","29.0","36.0","22.0","42.0","31.0"
"44.0","31.0","48.0","23.0","15.0","26.0","29.0","0.0","41.0","26.0","41.0","31.0"
"45.0","38.0","49.0","43.0","44.0","38.0","36.0","41.0","0.0","42.0","42.0","37.0"
"43.0","20.0","42.0","27.0","34.0","24.0","22.0","26.0","42.0","0.0","44.0","28.0"
"44.0","41.0","47.0","41.0","42.0","39.0","42.0","41.0","42.0","44.0","0.0","38.0"
"34.0","23.0","38.0","33.0","37.0","21.0","31.0","31.0","37.0","28.0","38.0","0.0"
