(AlbanianTosk:259.0,((ArmenianWestern:339.0,Irish:262.5)HTU26:118.2,(EasternFrisianSaterland:272.1,(((Faroese:247.0,Scots:247.0)HTU18:123.4,((Danish:290.9,OldPrussian:289.3)HTU24:85.0,(Cornish:208.5,Manx:175.1)HTU28:108.1)HTU21:126.7)HTU17:73.0,((AncientIonicGreek:454.2,(Assamese:210.7,SanskritVedic:142.0)HTU27:275.0)HTU20:134.0,(Yiddish:297.2,(Icelandic:484.3,KolschColognian:439.0)HTU25:270.7)HTU23:216.0)HTU19:162.0)HTU22:73.8)HTU29:118.9)HTU30:158.0)HTU16[10230.5];
(AlbanianTosk:173.0,((((Yiddish:298.2,(Icelandic:485.3,KolschColognian:418.0)HTU28:240.7)HTU20:255.0,(AncientIonicGreek:494.2,(Assamese:216.7,SanskritVedic:140.0)HTU23:272.0)HTU29:119.0)HTU21:168.9,((EasternFrisianSaterland:227.0,(Faroese:242.0,Scots:230.0)HTU18:113.3)HTU17:101.9,(Danish:254.0,OldPrussian:337.2)HTU22:163.0)HTU24:66.1)HTU19:109.8,(Irish:223.5,(ArmenianWestern:334.0,(Cornish:198.4,Manx:171.2)HTU27:162.0)HTU25:84.0)HTU26:109.2)HTU30:83.0)HTU16[10209.5];
(AlbanianTosk:135.0,((((Yiddish:305.2,(Icelandic:471.3,KolschColognian:412.0)HTU24:268.7)HTU22:218.0,(AncientIonicGreek:472.2,(Assamese:205.7,SanskritVedic:140.0)HTU27:282.0)HTU25:117.0)HTU18:216.9,((Danish:240.0,(OldPrussian:196.3,(Cornish:214.5,Manx:172.1)HTU20:140.1)HTU23:167.9)HTU17:159.0,(EasternFrisianSaterland:228.0,(Faroese:247.0,Scots:243.0)HTU26:115.3)HTU29:111.9)HTU21:81.1)HTU19:101.8,(ArmenianWestern:339.0,Irish:289.5)HTU28:121.2)HTU30:31.0)HTU16[10192.6];
(AlbanianTosk:135.0,((((EasternFrisianSaterland:228.0,(Faroese:247.0,Scots:243.0)HTU24:115.3)HTU19:111.9,(Danish:240.0,(OldPrussian:196.3,(Cornish:214.5,Manx:172.1)HTU18:140.1)HTU29:167.9)HTU25:159.0)HTU17:81.1,((AncientIonicGreek:472.2,(Assamese:205.7,SanskritVedic:140.0)HTU23:282.0)HTU22:117.0,(Yiddish:305.2,(Icelandic:471.3,KolschColognian:412.0)HTU28:268.7)HTU26:218.0)HTU21:216.9)HTU20:101.8,(ArmenianWestern:339.0,Irish:289.5)HTU27:121.2)HTU30:31.0)HTU16[10192.6];
(AlbanianTosk:244.0,((Irish:244.6,(Danish:291.0,((EasternFrisianSaterland:227.9,(Faroese:240.0,Scots:250.0)HTU22:108.4)HTU19:123.9,((AncientIonicGreek:474.2,(Assamese:210.7,SanskritVedic:146.0)HTU29:261.0)HTU24:119.0,(Yiddish:293.2,(Icelandic:540.3,KolschColognian:409.0)HTU25:254.7)HTU26:219.0)HTU21:169.1)HTU28:84.9)HTU20:74.0)HTU17:113.0,(ArmenianWestern:350.1,(OldPrussian:216.4,(Cornish:202.5,Manx:156.1)HTU23:120.0)HTU27:172.0)HTU18:78.0)HTU30:144.0)HTU16[10183.0];
(AlbanianTosk:226.0,(((Danish:223.1,(OldPrussian:199.3,(Cornish:207.5,Manx:173.1)HTU23:126.1)HTU17:160.8)HTU22:128.0,((EasternFrisianSaterland:227.9,(Faroese:238.0,Scots:245.0)HTU20:107.4)HTU18:116.0,((AncientIonicGreek:461.2,(Assamese:205.7,SanskritVedic:143.0)HTU27:269.0)HTU24:125.0,(Yiddish:298.2,(Icelandic:534.3,KolschColognian:403.0)HTU28:259.7)HTU29:220.0)HTU19:162.0)HTU26:56.9)HTU21:113.8,(ArmenianWestern:331.0,Irish:277.5)HTU25:102.2)HTU30:131.0)HTU16[10181.6];
(AlbanianTosk:171.0,((Irish:272.6,((Danish:343.0,(EasternFrisianSaterland:234.0,(Faroese:246.0,Scots:246.0)HTU18:114.3)HTU23:157.9)HTU17:87.1,((Yiddish:289.2,(Icelandic:475.3,KolschColognian:399.0)HTU26:281.7)HTU24:198.0,(AncientIonicGreek:468.2,(Assamese:210.7,SanskritVedic:144.0)HTU21:273.0)HTU28:117.0)HTU20:205.9)HTU19:64.9)HTU22:126.0,(ArmenianWestern:359.1,(OldPrussian:227.4,(Cornish:207.5,Manx:163.1)HTU25:122.0)HTU29:186.0)HTU27:91.0)HTU30:57.0)HTU16[10176.9];
(AlbanianTosk:272.0,((Irish:241.5,(ArmenianWestern:370.0,(((AncientIonicGreek:468.2,(Assamese:204.7,SanskritVedic:145.0)HTU29:260.0)HTU22:128.0,(Yiddish:295.2,(Icelandic:526.3,KolschColognian:401.0)HTU24:267.7)HTU28:208.0)HTU21:156.9,(Danish:321.0,(EasternFrisianSaterland:215.0,(Faroese:239.0,Scots:223.0)HTU18:119.3)HTU17:137.9)HTU26:64.1)HTU19:139.0)HTU20:70.0)HTU25:108.1,(OldPrussian:234.4,(Cornish:201.5,Manx:163.1)HTU23:102.0)HTU27:137.0)HTU30:163.0)HTU16[10168.9];
(AlbanianTosk:175.0,(Irish:245.5,(ArmenianWestern:330.0,(((EasternFrisianSaterland:226.0,(Faroese:249.0,Scots:241.0)HTU28:112.3)HTU18:106.0,((Danish:277.9,OldPrussian:308.3)HTU24:86.0,(Cornish:198.5,Manx:164.1)HTU25:102.1)HTU19:124.8)HTU17:59.0,((AncientIonicGreek:491.2,(Assamese:207.7,SanskritVedic:141.0)HTU27:270.0)HTU23:122.0,(Yiddish:291.2,(Icelandic:493.3,KolschColognian:411.0)HTU21:248.7)HTU29:241.0)HTU22:177.9)HTU26:115.0)HTU20:102.0)HTU30:110.0)HTU16[10168.6];
(AlbanianTosk:167.0,(ArmenianWestern:358.1,((Irish:260.6,(((Yiddish:284.2,(Icelandic:475.3,KolschColognian:397.0)HTU23:277.7)HTU20:201.0,(AncientIonicGreek:456.2,(Assamese:205.7,SanskritVedic:145.0)HTU26:273.0)HTU29:120.0)HTU17:211.9,(Danish:323.0,(EasternFrisianSaterland:235.0,(Faroese:246.0,Scots:243.0)HTU25:109.3)HTU19:153.9)HTU28:73.1)HTU18:70.9)HTU21:113.0,(OldPrussian:234.4,(Cornish:204.5,Manx:167.1)HTU27:122.0)HTU24:138.0)HTU22:115.0)HTU30:71.0)HTU16[10166.9];
(AlbanianTosk:174.0,(Irish:257.5,(ArmenianWestern:332.0,(((Yiddish:307.2,(Icelandic:491.3,KolschColognian:414.0)HTU24:266.7)HTU22:222.0,(AncientIonicGreek:455.2,(Assamese:205.7,SanskritVedic:144.0)HTU26:276.0)HTU28:181.0)HTU21:161.9,((Danish:248.0,(OldPrussian:201.3,(Cornish:212.5,Manx:167.1)HTU23:135.1)HTU20:171.9)HTU17:142.0,(EasternFrisianSaterland:223.0,(Faroese:250.0,Scots:240.0)HTU29:116.3)HTU25:107.9)HTU27:69.1)HTU18:122.0)HTU19:103.0)HTU30:101.0)HTU16[10164.8];
(AlbanianTosk:174.0,(Irish:257.5,(ArmenianWestern:332.0,(((Danish:248.0,(OldPrussian:201.3,(Cornish:212.5,Manx:167.1)HTU29:135.1)HTU21:171.9)HTU18:142.0,(EasternFrisianSaterland:223.0,(Faroese:250.0,Scots:240.0)HTU19:116.3)HTU26:107.9)HTU22:69.1,((AncientIonicGreek:455.2,(Assamese:205.7,SanskritVedic:144.0)HTU27:276.0)HTU24:181.0,(Yiddish:307.2,(Icelandic:491.3,KolschColognian:414.0)HTU20:266.7)HTU28:222.0)HTU23:161.9)HTU17:122.0)HTU25:103.0)HTU30:101.0)HTU16[10164.8];
(AlbanianTosk:174.0,(Irish:257.5,(ArmenianWestern:332.0,(((Yiddish:307.2,(Icelandic:491.3,KolschColognian:414.0)HTU27:266.7)HTU21:222.0,(AncientIonicGreek:455.2,(Assamese:205.7,SanskritVedic:144.0)HTU20:276.0)HTU26:181.0)HTU19:161.9,((EasternFrisianSaterland:223.0,(Faroese:250.0,Scots:240.0)HTU24:116.3)HTU17:107.9,(Danish:248.0,(OldPrussian:201.3,(Cornish:212.5,Manx:167.1)HTU22:135.1)HTU29:171.9)HTU18:142.0)HTU28:69.1)HTU23:122.0)HTU25:103.0)HTU30:101.0)HTU16[10164.8];
(AlbanianTosk:174.0,(Irish:257.5,(ArmenianWestern:332.0,(((Danish:248.0,(OldPrussian:201.3,(Cornish:212.5,Manx:167.1)HTU27:135.1)HTU23:171.9)HTU21:142.0,(EasternFrisianSaterland:223.0,(Faroese:250.0,Scots:240.0)HTU19:116.3)HTU24:107.9)HTU20:69.1,((Yiddish:307.2,(Icelandic:491.3,KolschColognian:414.0)HTU18:266.7)HTU26:222.0,(AncientIonicGreek:455.2,(Assamese:205.7,SanskritVedic:144.0)HTU28:276.0)HTU29:181.0)HTU22:161.9)HTU17:122.0)HTU25:103.0)HTU30:101.0)HTU16[10164.8];
(AlbanianTosk:247.0,(Irish:249.7,(((EasternFrisianSaterland:214.0,(Faroese:239.0,Scots:236.0)HTU24:115.3)HTU26:105.0,(Danish:311.0,((AncientIonicGreek:465.2,(Assamese:211.7,SanskritVedic:143.0)HTU19:266.0)HTU18:120.0,(Yiddish:292.2,(Icelandic:530.3,KolschColognian:401.0)HTU25:262.7)HTU27:236.0)HTU23:180.0)HTU28:79.9)HTU20:95.0,(ArmenianWestern:366.2,(OldPrussian:222.4,(Cornish:206.5,Manx:159.1)HTU22:114.0)HTU29:181.9)HTU21:53.0)HTU17:97.0)HTU30:143.0)HTU16[10164.0];
(AlbanianTosk:247.0,(Irish:249.7,((ArmenianWestern:366.2,(OldPrussian:222.4,(Cornish:206.5,Manx:159.1)HTU19:114.0)HTU22:181.9)HTU20:53.0,((Danish:311.0,((AncientIonicGreek:465.2,(Assamese:211.7,SanskritVedic:143.0)HTU26:266.0)HTU17:120.0,(Yiddish:292.2,(Icelandic:530.3,KolschColognian:401.0)HTU29:262.7)HTU28:236.0)HTU27:180.0)HTU21:79.9,(EasternFrisianSaterland:214.0,(Faroese:239.0,Scots:236.0)HTU18:115.3)HTU24:105.0)HTU25:95.0)HTU23:97.0)HTU30:143.0)HTU16[10164.0];
(AlbanianTosk:234.0,(Irish:251.6,((((AncientIonicGreek:482.2,(Assamese:213.7,SanskritVedic:140.0)HTU26:256.0)HTU25:118.0,(Yiddish:284.2,(Icelandic:535.3,KolschColognian:388.0)HTU23:237.7)HTU29:218.0)HTU19:148.9,(Danish:311.0,(EasternFrisianSaterland:214.0,(Faroese:237.0,Scots:225.0)HTU28:118.3)HTU24:142.9)HTU21:70.1)HTU18:89.9,(ArmenianWestern:372.1,(OldPrussian:226.4,(Cornish:201.5,Manx:158.1)HTU17:114.0)HTU22:183.0)HTU27:69.0)HTU20:92.0)HTU30:161.0)HTU16[10163.9];
(AlbanianTosk:180.0,(Irish:218.7,((ArmenianWestern:340.3,((EasternFrisianSaterland:217.9,(Faroese:251.0,Scots:243.0)HTU22:114.4)HTU24:115.1,((Yiddish:292.2,(Icelandic:492.3,KolschColognian:428.0)HTU20:282.7)HTU17:238.0,(AncientIonicGreek:473.2,(Assamese:205.7,SanskritVedic:139.0)HTU25:273.0)HTU23:119.0)HTU29:171.9)HTU19:131.0)HTU27:77.7,(Danish:260.9,(OldPrussian:199.3,(Cornish:206.5,Manx:172.1)HTU21:140.1)HTU26:118.0)HTU28:114.9)HTU18:89.1)HTU30:112.0)HTU16[10160.9];
(AlbanianTosk:180.0,(Irish:218.7,((ArmenianWestern:340.3,(((Yiddish:292.2,(Icelandic:492.3,KolschColognian:428.0)HTU19:282.7)HTU22:238.0,(AncientIonicGreek:473.2,(Assamese:205.7,SanskritVedic:139.0)HTU29:273.0)HTU26:119.0)HTU17:171.9,(EasternFrisianSaterland:217.9,(Faroese:251.0,Scots:243.0)HTU27:114.4)HTU23:115.1)HTU18:131.0)HTU21:77.7,(Danish:260.9,(OldPrussian:199.3,(Cornish:206.5,Manx:172.1)HTU28:140.1)HTU24:118.0)HTU25:114.9)HTU20:89.1)HTU30:112.0)HTU16[10160.9];
(AlbanianTosk:180.0,(Irish:218.7,((ArmenianWestern:340.3,((EasternFrisianSaterland:217.9,(Faroese:251.0,Scots:243.0)HTU28:114.4)HTU23:115.1,((AncientIonicGreek:473.2,(Assamese:205.7,SanskritVedic:139.0)HTU26:273.0)HTU21:119.0,(Yiddish:292.2,(Icelandic:492.3,KolschColognian:428.0)HTU27:282.7)HTU25:238.0)HTU24:171.9)HTU20:131.0)HTU22:77.7,(Danish:260.9,(OldPrussian:199.3,(Cornish:206.5,Manx:172.1)HTU18:140.1)HTU17:118.0)HTU29:114.9)HTU19:89.1)HTU30:112.0)HTU16[10160.9];
(AlbanianTosk:180.0,(Irish:218.7,((Danish:260.9,(OldPrussian:199.3,(Cornish:206.5,Manx:172.1)HTU21:140.1)HTU25:118.0)HTU18:114.9,(ArmenianWestern:340.3,(((Yiddish:292.2,(Icelandic:492.3,KolschColognian:428.0)HTU22:282.7)HTU24:238.0,(AncientIonicGreek:473.2,(Assamese:205.7,SanskritVedic:139.0)HTU17:273.0)HTU28:119.0)HTU20:171.9,(EasternFrisianSaterland:217.9,(Faroese:251.0,Scots:243.0)HTU23:114.4)HTU29:115.1)HTU19:131.0)HTU26:77.7)HTU27:89.1)HTU30:112.0)HTU16[10160.9];
(AlbanianTosk:266.0,(Irish:237.6,((ArmenianWestern:380.1,((Danish:323.0,(EasternFrisianSaterland:220.0,(Faroese:242.0,Scots:223.0)HTU25:121.3)HTU17:132.9)HTU20:57.1,((Yiddish:294.2,(Icelandic:536.3,KolschColognian:393.0)HTU28:264.7)HTU21:203.0,(AncientIonicGreek:469.2,(Assamese:211.7,SanskritVedic:142.0)HTU26:259.0)HTU29:133.0)HTU22:158.9)HTU18:131.9)HTU19:78.0,(OldPrussian:235.4,(Cornish:203.5,Manx:159.1)HTU24:112.0)HTU27:136.0)HTU23:96.0)HTU30:153.0)HTU16[10152.9];
(AlbanianTosk:266.0,(Irish:237.6,((OldPrussian:235.4,(Cornish:203.5,Manx:159.1)HTU29:112.0)HTU26:136.0,(ArmenianWestern:380.1,((Danish:323.0,(EasternFrisianSaterland:220.0,(Faroese:242.0,Scots:223.0)HTU19:121.3)HTU20:132.9)HTU18:57.1,((AncientIonicGreek:469.2,(Assamese:211.7,SanskritVedic:142.0)HTU24:259.0)HTU25:133.0,(Yiddish:294.2,(Icelandic:536.3,KolschColognian:393.0)HTU22:264.7)HTU27:203.0)HTU21:158.9)HTU17:131.9)HTU28:78.0)HTU23:96.0)HTU30:153.0)HTU16[10152.9];
(AlbanianTosk:266.0,(Irish:237.6,((ArmenianWestern:380.1,(((AncientIonicGreek:469.2,(Assamese:211.7,SanskritVedic:142.0)HTU29:259.0)HTU23:133.0,(Yiddish:294.2,(Icelandic:536.3,KolschColognian:393.0)HTU28:264.7)HTU27:203.0)HTU21:158.9,(Danish:323.0,(EasternFrisianSaterland:220.0,(Faroese:242.0,Scots:223.0)HTU22:121.3)HTU20:132.9)HTU26:57.1)HTU24:131.9)HTU18:78.0,(OldPrussian:235.4,(Cornish:203.5,Manx:159.1)HTU19:112.0)HTU25:136.0)HTU17:96.0)HTU30:153.0)HTU16[10152.9];
(AlbanianTosk:274.0,(ArmenianWestern:337.0,(Irish:247.5,(((Danish:223.0,(OldPrussian:203.3,(Cornish:208.5,Manx:168.1)HTU29:129.1)HTU18:168.9)HTU17:141.0,(EasternFrisianSaterland:234.0,(Faroese:242.0,Scots:245.0)HTU25:106.3)HTU21:103.9)HTU19:69.1,((AncientIonicGreek:461.2,(Assamese:200.7,SanskritVedic:143.0)HTU26:260.0)HTU24:120.0,(Yiddish:298.2,(Icelandic:485.3,KolschColognian:442.0)HTU28:273.7)HTU27:209.0)HTU22:167.9)HTU20:73.0)HTU23:152.0)HTU30:166.0)HTU16[10152.8];
(AlbanianTosk:261.0,(((Danish:314.9,OldPrussian:267.3)HTU25:105.1,(Cornish:198.5,Manx:158.1)HTU28:75.0)HTU21:141.0,((((AncientIonicGreek:464.2,(Assamese:201.7,SanskritVedic:146.0)HTU19:260.0)HTU17:125.0,(Yiddish:282.2,(Icelandic:536.3,KolschColognian:399.0)HTU29:269.7)HTU22:206.0)HTU20:176.9,(EasternFrisianSaterland:224.9,(Faroese:246.0,Scots:250.0)HTU27:107.4)HTU23:110.1)HTU18:93.8,(ArmenianWestern:339.0,Irish:279.5)HTU26:120.2)HTU24:61.9)HTU30:150.0)HTU16[10148.7];
(AlbanianTosk:190.0,(ArmenianWestern:336.0,(Irish:219.5,((((Yiddish:297.2,(Icelandic:490.3,KolschColognian:428.0)HTU27:261.7)HTU25:257.0,(AncientIonicGreek:470.2,(Assamese:207.7,SanskritVedic:146.0)HTU22:280.0)HTU28:119.0)HTU18:170.0,(EasternFrisianSaterland:226.9,(Faroese:247.0,Scots:250.0)HTU21:112.4)HTU19:113.0)HTU17:70.9,(Danish:223.1,(OldPrussian:202.3,(Cornish:211.5,Manx:170.1)HTU29:125.1)HTU24:159.8)HTU23:123.0)HTU20:80.0)HTU26:165.0)HTU30:100.0)HTU16[10147.8];
(AlbanianTosk:190.0,(ArmenianWestern:336.0,(Irish:219.5,((Danish:223.1,(OldPrussian:202.3,(Cornish:211.5,Manx:170.1)HTU22:125.1)HTU29:159.8)HTU17:123.0,((EasternFrisianSaterland:226.9,(Faroese:247.0,Scots:250.0)HTU20:112.4)HTU24:113.0,((Yiddish:297.2,(Icelandic:490.3,KolschColognian:428.0)HTU26:261.7)HTU19:257.0,(AncientIonicGreek:470.2,(Assamese:207.7,SanskritVedic:146.0)HTU27:280.0)HTU28:119.0)HTU25:170.0)HTU18:70.9)HTU21:80.0)HTU23:165.0)HTU30:100.0)HTU16[10147.8];
(AlbanianTosk:203.0,(Irish:232.5,(ArmenianWestern:333.0,(OldPrussian:255.3,((Danish:223.0,(((AncientIonicGreek:470.2,(Assamese:213.7,SanskritVedic:144.0)HTU22:265.0)HTU21:115.0,(Yiddish:288.2,(Icelandic:489.3,KolschColognian:413.0)HTU25:275.7)HTU27:242.0)HTU20:161.1,(EasternFrisianSaterland:222.9,(Faroese:247.0,Scots:230.0)HTU29:114.4)HTU24:121.9)HTU23:140.9)HTU17:84.9,(Cornish:216.5,Manx:152.1)HTU28:109.1)HTU18:107.0)HTU19:143.2)HTU26:101.0)HTU30:105.0)HTU16[10147.0];
(AlbanianTosk:203.0,(Irish:232.5,(ArmenianWestern:333.0,(OldPrussian:255.3,((Cornish:216.5,Manx:152.1)HTU24:109.1,(Danish:223.0,(((AncientIonicGreek:470.2,(Assamese:213.7,SanskritVedic:144.0)HTU25:265.0)HTU23:115.0,(Yiddish:288.2,(Icelandic:489.3,KolschColognian:413.0)HTU22:275.7)HTU27:242.0)HTU21:161.1,(EasternFrisianSaterland:222.9,(Faroese:247.0,Scots:230.0)HTU29:114.4)HTU26:121.9)HTU20:140.9)HTU28:84.9)HTU17:107.0)HTU18:143.2)HTU19:101.0)HTU30:105.0)HTU16[10147.0];
(AlbanianTosk:183.0,(Irish:244.5,((Cornish:204.4,Manx:162.2)HTU20:124.0,(ArmenianWestern:364.0,((EasternFrisianSaterland:215.0,(Faroese:246.0,Scots:232.0)HTU28:115.3)HTU22:98.1,(((AncientIonicGreek:490.2,(Assamese:216.7,SanskritVedic:142.0)HTU25:273.0)HTU23:119.0,(Yiddish:295.2,(Icelandic:487.3,KolschColognian:420.0)HTU19:245.7)HTU27:255.0)HTU21:157.9,(Danish:262.1,OldPrussian:343.1)HTU26:146.0)HTU24:84.9)HTU18:132.1)HTU29:53.0)HTU17:85.0)HTU30:116.0)HTU16[10146.8];
(AlbanianTosk:266.0,((OldPrussian:231.4,(Cornish:201.5,Manx:162.1)HTU29:104.0)HTU21:126.0,(ArmenianWestern:383.0,(Irish:246.5,(Danish:279.0,(((AncientIonicGreek:467.2,(Assamese:211.7,SanskritVedic:147.0)HTU18:262.0)HTU19:123.0,(Yiddish:288.2,(Icelandic:535.3,KolschColognian:395.0)HTU27:271.7)HTU25:197.0)HTU22:171.1,(EasternFrisianSaterland:228.9,(Faroese:242.0,Scots:243.0)HTU28:102.4)HTU23:122.9)HTU20:91.9)HTU26:79.1)HTU17:148.0)HTU24:94.1)HTU30:155.0)HTU16[10145.0];
(AlbanianTosk:266.0,((OldPrussian:231.4,(Cornish:201.5,Manx:162.1)HTU28:104.0)HTU22:126.0,(ArmenianWestern:383.0,(Irish:246.5,(Danish:279.0,(((Yiddish:288.2,(Icelandic:535.3,KolschColognian:395.0)HTU21:271.7)HTU20:197.0,(AncientIonicGreek:467.2,(Assamese:211.7,SanskritVedic:147.0)HTU26:262.0)HTU23:123.0)HTU19:171.1,(EasternFrisianSaterland:228.9,(Faroese:242.0,Scots:243.0)HTU29:102.4)HTU27:122.9)HTU24:91.9)HTU18:79.1)HTU17:148.0)HTU25:94.1)HTU30:155.0)HTU16[10145.0];
(AlbanianTosk:251.0,(Irish:235.6,((Danish:263.0,(((AncientIonicGreek:466.2,(Assamese:210.7,SanskritVedic:145.0)HTU21:256.0)HTU23:122.0,(Yiddish:283.2,(Icelandic:544.3,KolschColognian:387.0)HTU26:261.7)HTU27:199.0)HTU22:168.1,(EasternFrisianSaterland:215.9,(Faroese:242.0,Scots:233.0)HTU28:107.4)HTU29:117.9)HTU18:94.9)HTU19:96.0,(ArmenianWestern:373.1,(OldPrussian:222.4,(Cornish:196.5,Manx:158.1)HTU24:119.0)HTU25:163.0)HTU20:60.0)HTU17:103.0)HTU30:159.0)HTU16[10144.0];
(AlbanianTosk:268.0,(ArmenianWestern:329.1,((Irish:249.6,(Danish:274.0,(((Yiddish:278.2,(Icelandic:479.3,KolschColognian:440.0)HTU26:264.7)HTU20:204.0,(AncientIonicGreek:460.2,(Assamese:210.7,SanskritVedic:146.0)HTU25:258.0)HTU27:121.0)HTU18:164.1,(EasternFrisianSaterland:222.9,(Faroese:243.0,Scots:238.0)HTU22:108.4)HTU28:120.9)HTU29:104.9)HTU21:68.0)HTU17:114.0,(OldPrussian:227.4,(Cornish:194.5,Manx:166.1)HTU24:115.0)HTU23:138.0)HTU19:126.0)HTU30:165.0)HTU16[10144.0];
(AlbanianTosk:201.0,(((Danish:302.9,OldPrussian:270.3)HTU27:98.1,(Cornish:192.5,Manx:166.1)HTU28:80.0)HTU21:125.0,(Irish:231.5,(ArmenianWestern:335.0,(((Yiddish:294.2,(Icelandic:497.3,KolschColognian:427.0)HTU23:281.7)HTU18:239.0,(AncientIonicGreek:475.2,(Assamese:203.7,SanskritVedic:145.0)HTU24:274.0)HTU29:121.0)HTU19:167.9,(EasternFrisianSaterland:216.9,(Faroese:254.0,Scots:259.0)HTU26:109.4)HTU20:116.1)HTU17:133.3)HTU25:89.7)HTU22:65.1)HTU30:113.0)HTU16[10142.9];
(AlbanianTosk:189.0,(Irish:251.5,(ArmenianWestern:318.0,((EasternFrisianSaterland:220.0,(Faroese:249.0,Scots:237.0)HTU29:117.3)HTU23:106.1,(((Yiddish:293.2,(Icelandic:497.3,KolschColognian:409.0)HTU21:274.7)HTU22:249.0,(AncientIonicGreek:477.2,(Assamese:213.7,SanskritVedic:143.0)HTU28:267.0)HTU24:116.0)HTU17:152.9,(Danish:248.1,(OldPrussian:207.3,(Cornish:208.5,Manx:169.1)HTU20:137.1)HTU26:168.8)HTU18:139.0)HTU27:93.9)HTU19:135.1)HTU25:113.0)HTU30:111.0)HTU16[10142.9];
(AlbanianTosk:189.0,(Irish:251.5,(ArmenianWestern:318.0,(((Danish:248.1,(OldPrussian:207.3,(Cornish:208.5,Manx:169.1)HTU29:137.1)HTU22:168.8)HTU17:139.0,((AncientIonicGreek:477.2,(Assamese:213.7,SanskritVedic:143.0)HTU25:267.0)HTU19:116.0,(Yiddish:293.2,(Icelandic:497.3,KolschColognian:409.0)HTU27:274.7)HTU20:249.0)HTU18:152.9)HTU21:93.9,(EasternFrisianSaterland:220.0,(Faroese:249.0,Scots:237.0)HTU26:117.3)HTU24:106.1)HTU23:135.1)HTU28:113.0)HTU30:111.0)HTU16[10142.9];
(AlbanianTosk:189.0,(Irish:251.5,(ArmenianWestern:318.0,((EasternFrisianSaterland:220.0,(Faroese:249.0,Scots:237.0)HTU24:117.3)HTU17:106.1,((Danish:248.1,(OldPrussian:207.3,(Cornish:208.5,Manx:169.1)HTU29:137.1)HTU27:168.8)HTU18:139.0,((AncientIonicGreek:477.2,(Assamese:213.7,SanskritVedic:143.0)HTU26:267.0)HTU22:116.0,(Yiddish:293.2,(Icelandic:497.3,KolschColognian:409.0)HTU25:274.7)HTU23:249.0)HTU19:152.9)HTU28:93.9)HTU20:135.1)HTU21:113.0)HTU30:111.0)HTU16[10142.9];
(AlbanianTosk:203.0,(((Cornish:192.5,Manx:167.1)HTU19:80.0,(Danish:302.9,OldPrussian:266.3)HTU28:98.1)HTU23:127.0,(Irish:231.5,(ArmenianWestern:335.0,((EasternFrisianSaterland:216.9,(Faroese:254.0,Scots:259.0)HTU25:109.4)HTU17:116.1,((AncientIonicGreek:475.2,(Assamese:203.7,SanskritVedic:145.0)HTU29:274.0)HTU26:121.0,(Yiddish:294.2,(Icelandic:497.3,KolschColognian:427.0)HTU22:281.7)HTU27:239.0)HTU20:167.9)HTU18:133.3)HTU21:89.7)HTU24:65.1)HTU30:115.0)HTU16[10142.9];
(AlbanianTosk:201.0,((Irish:232.5,(ArmenianWestern:334.0,((EasternFrisianSaterland:216.9,(Faroese:254.0,Scots:258.0)HTU23:109.4)HTU19:116.1,((Yiddish:294.2,(Icelandic:497.3,KolschColognian:427.0)HTU21:281.7)HTU25:239.0,(AncientIonicGreek:478.2,(Assamese:203.7,SanskritVedic:145.0)HTU22:274.0)HTU27:121.0)HTU20:167.9)HTU17:135.3)HTU18:89.7)HTU24:65.1,((Cornish:192.5,Manx:166.1)HTU26:79.0,(Danish:303.9,OldPrussian:266.3)HTU29:98.1)HTU28:125.0)HTU30:114.0)HTU16[10142.9];
(AlbanianTosk:201.0,((Irish:232.5,(ArmenianWestern:334.0,(((AncientIonicGreek:478.2,(Assamese:203.7,SanskritVedic:145.0)HTU17:274.0)HTU19:121.0,(Yiddish:294.2,(Icelandic:497.3,KolschColognian:427.0)HTU24:281.7)HTU22:239.0)HTU21:167.9,(EasternFrisianSaterland:216.9,(Faroese:254.0,Scots:258.0)HTU28:109.4)HTU26:116.1)HTU18:135.3)HTU20:89.7)HTU23:65.1,((Cornish:192.5,Manx:166.1)HTU27:79.0,(Danish:303.9,OldPrussian:266.3)HTU29:98.1)HTU25:125.0)HTU30:114.0)HTU16[10142.9];
(AlbanianTosk:189.0,(Irish:251.5,(ArmenianWestern:318.0,(((Danish:248.1,(OldPrussian:207.3,(Cornish:208.5,Manx:169.1)HTU26:137.1)HTU20:168.8)HTU19:139.0,((Yiddish:293.2,(Icelandic:497.3,KolschColognian:409.0)HTU25:274.7)HTU22:249.0,(AncientIonicGreek:477.2,(Assamese:213.7,SanskritVedic:143.0)HTU18:267.0)HTU29:116.0)HTU27:152.9)HTU17:93.9,(EasternFrisianSaterland:220.0,(Faroese:249.0,Scots:237.0)HTU23:117.3)HTU28:106.1)HTU21:135.1)HTU24:113.0)HTU30:111.0)HTU16[10142.9];
(AlbanianTosk:189.0,(Irish:251.5,(ArmenianWestern:318.0,((((Yiddish:293.2,(Icelandic:497.3,KolschColognian:409.0)HTU23:274.7)HTU18:249.0,(AncientIonicGreek:477.2,(Assamese:213.7,SanskritVedic:143.0)HTU24:267.0)HTU28:116.0)HTU17:152.9,(Danish:248.1,(OldPrussian:207.3,(Cornish:208.5,Manx:169.1)HTU27:137.1)HTU26:168.8)HTU29:139.0)HTU19:93.9,(EasternFrisianSaterland:220.0,(Faroese:249.0,Scots:237.0)HTU25:117.3)HTU21:106.1)HTU20:135.1)HTU22:113.0)HTU30:111.0)HTU16[10142.9];
(AlbanianTosk:189.0,(Irish:251.5,(ArmenianWestern:318.0,((((AncientIonicGreek:477.2,(Assamese:213.7,SanskritVedic:143.0)HTU18:267.0)HTU25:116.0,(Yiddish:293.2,(Icelandic:497.3,KolschColognian:409.0)HTU21:274.7)HTU26:249.0)HTU19:152.9,(Danish:248.1,(OldPrussian:207.3,(Cornish:208.5,Manx:169.1)HTU29:137.1)HTU23:168.8)HTU20:139.0)HTU17:93.9,(EasternFrisianSaterland:220.0,(Faroese:249.0,Scots:237.0)HTU24:117.3)HTU27:106.1)HTU22:135.1)HTU28:113.0)HTU30:111.0)HTU16[10142.9];
(AlbanianTosk:215.0,((Irish:236.7,(Danish:259.9,(OldPrussian:197.3,(Cornish:208.5,Manx:173.1)HTU29:134.1)HTU18:113.0)HTU20:121.0)HTU17:105.7,(ArmenianWestern:345.2,(((Yiddish:281.2,(Icelandic:483.3,KolschColognian:419.0)HTU23:300.7)HTU19:215.0,(AncientIonicGreek:493.2,(Assamese:214.7,SanskritVedic:142.0)HTU24:267.0)HTU28:125.0)HTU25:180.9,(EasternFrisianSaterland:216.9,(Faroese:258.0,Scots:253.0)HTU26:107.4)HTU27:115.1)HTU21:125.1)HTU22:66.0)HTU30:143.0)HTU16[10142.2];
(AlbanianTosk:187.0,(ArmenianWestern:346.0,(Irish:248.5,(((Danish:231.1,(OldPrussian:199.3,(Cornish:206.5,Manx:170.1)HTU22:140.1)HTU27:164.8)HTU18:138.0,((Yiddish:313.2,(Icelandic:467.3,KolschColognian:414.0)HTU20:254.7)HTU19:206.0,(AncientIonicGreek:454.2,(Assamese:206.7,SanskritVedic:146.0)HTU28:267.0)HTU25:114.0)HTU23:150.9)HTU17:88.9,(EasternFrisianSaterland:236.0,(Faroese:252.0,Scots:249.0)HTU29:118.3)HTU24:107.1)HTU21:78.1)HTU26:162.0)HTU30:92.0)HTU16[10138.9];
(AlbanianTosk:261.0,(Irish:244.5,(ArmenianWestern:328.0,(((EasternFrisianSaterland:215.0,(Faroese:234.0,Scots:234.0)HTU24:123.3)HTU19:102.9,(Danish:300.0,((AncientIonicGreek:468.2,(Assamese:211.7,SanskritVedic:143.0)HTU27:254.0)HTU22:126.0,(Yiddish:292.2,(Icelandic:527.3,KolschColognian:393.0)HTU29:266.7)HTU25:208.0)HTU17:191.0)HTU20:82.0)HTU26:100.9,(OldPrussian:237.3,(Cornish:205.5,Manx:165.1)HTU21:114.1)HTU28:150.0)HTU18:90.2)HTU23:102.0)HTU30:163.0)HTU16[10134.0];
(AlbanianTosk:262.0,((((Yiddish:306.2,(Icelandic:473.3,KolschColognian:452.0)HTU19:248.7)HTU18:211.0,(AncientIonicGreek:464.2,(Assamese:210.7,SanskritVedic:144.0)HTU28:261.0)HTU24:122.0)HTU22:159.0,(EasternFrisianSaterland:217.9,(Faroese:248.0,Scots:233.0)HTU25:103.4)HTU23:118.0)HTU17:127.9,((ArmenianWestern:343.0,Irish:263.5)HTU26:109.1,((Danish:305.9,OldPrussian:274.3)HTU21:95.1,(Cornish:194.5,Manx:166.1)HTU29:87.0)HTU27:105.0)HTU20:78.9)HTU30:161.0)HTU16[10133.8];
(AlbanianTosk:255.0,((Irish:248.5,(ArmenianWestern:370.0,((EasternFrisianSaterland:215.0,(Faroese:235.0,Scots:227.0)HTU29:114.3)HTU17:100.0,(Danish:320.0,((Yiddish:296.2,(Icelandic:522.3,KolschColognian:399.0)HTU27:256.7)HTU18:232.0,(AncientIonicGreek:466.2,(Assamese:211.7,SanskritVedic:144.0)HTU26:270.0)HTU21:121.0)HTU23:184.0)HTU24:89.9)HTU19:129.2)HTU20:69.0)HTU22:103.1,(OldPrussian:238.4,(Cornish:200.5,Manx:160.1)HTU28:99.0)HTU25:118.0)HTU30:146.0)HTU16[10132.1];
(AlbanianTosk:186.0,((ArmenianWestern:362.0,(Irish:273.5,((EasternFrisianSaterland:241.9,(Faroese:263.0,Scots:253.0)HTU27:107.4)HTU18:114.1,((AncientIonicGreek:462.2,(Assamese:203.7,SanskritVedic:146.0)HTU22:266.0)HTU28:175.0,(Yiddish:304.2,(Icelandic:499.3,KolschColognian:420.0)HTU25:261.7)HTU29:223.0)HTU23:159.9)HTU17:97.0)HTU19:142.0)HTU20:70.1,((Cornish:202.5,Manx:169.1)HTU24:86.0,(Danish:314.9,OldPrussian:268.3)HTU26:97.1)HTU21:143.0)HTU30:110.0)HTU16[10129.9];
(AlbanianTosk:186.0,((ArmenianWestern:362.0,(Irish:273.5,(((AncientIonicGreek:462.2,(Assamese:203.7,SanskritVedic:146.0)HTU24:266.0)HTU20:175.0,(Yiddish:304.2,(Icelandic:499.3,KolschColognian:420.0)HTU17:261.7)HTU25:223.0)HTU18:159.9,(EasternFrisianSaterland:241.9,(Faroese:263.0,Scots:253.0)HTU22:107.4)HTU26:114.1)HTU29:97.0)HTU19:142.0)HTU23:70.1,((Cornish:202.5,Manx:169.1)HTU21:86.0,(Danish:314.9,OldPrussian:268.3)HTU28:97.1)HTU27:143.0)HTU30:110.0)HTU16[10129.9];
(AlbanianTosk:217.0,((((Yiddish:326.2,(Icelandic:477.3,KolschColognian:432.0)HTU17:304.7)HTU28:201.0,(AncientIonicGreek:477.2,(Assamese:210.7,SanskritVedic:142.0)HTU27:264.0)HTU29:123.0)HTU18:165.9,(EasternFrisianSaterland:229.9,(Faroese:250.0,Scots:246.0)HTU26:98.4)HTU24:117.1)HTU21:122.9,(Irish:221.5,(ArmenianWestern:381.0,((Cornish:200.5,Manx:162.1)HTU22:94.0,(Danish:304.9,OldPrussian:272.3)HTU25:79.1)HTU19:130.1)HTU20:87.0)HTU23:77.1)HTU30:137.0)HTU16[10127.9];
(AlbanianTosk:243.0,((Irish:271.7,(((Yiddish:288.2,(Icelandic:535.3,KolschColognian:411.0)HTU20:256.7)HTU25:224.0,(AncientIonicGreek:469.2,(Assamese:204.7,SanskritVedic:144.0)HTU27:267.0)HTU26:121.0)HTU17:168.9,(EasternFrisianSaterland:235.9,(Faroese:253.0,Scots:246.0)HTU23:104.4)HTU19:109.1)HTU18:80.8)HTU22:113.0,(ArmenianWestern:364.2,((Cornish:209.5,Manx:166.1)HTU28:96.0,(Danish:309.9,OldPrussian:273.3)HTU29:86.1)HTU21:142.9)HTU24:73.0)HTU30:135.0)HTU16[10125.8];
(AlbanianTosk:243.0,((Irish:271.7,(((AncientIonicGreek:469.2,(Assamese:204.7,SanskritVedic:144.0)HTU28:267.0)HTU17:121.0,(Yiddish:288.2,(Icelandic:535.3,KolschColognian:411.0)HTU19:256.7)HTU25:224.0)HTU18:168.9,(EasternFrisianSaterland:235.9,(Faroese:253.0,Scots:246.0)HTU29:104.4)HTU24:109.1)HTU22:80.8)HTU20:113.0,(ArmenianWestern:364.2,((Cornish:209.5,Manx:166.1)HTU23:96.0,(Danish:309.9,OldPrussian:273.3)HTU27:86.1)HTU21:142.9)HTU26:73.0)HTU30:135.0)HTU16[10125.8];
(AlbanianTosk:191.0,(((Cornish:202.5,Manx:158.1)HTU21:85.0,(OldPrussian:247.3,(Danish:205.0,(((Yiddish:299.2,(Icelandic:486.3,KolschColognian:426.0)HTU25:256.7)HTU23:264.0,(AncientIonicGreek:474.2,(Assamese:210.7,SanskritVedic:146.0)HTU29:270.0)HTU28:116.0)HTU19:160.1,(EasternFrisianSaterland:219.9,(Faroese:247.0,Scots:227.0)HTU24:111.4)HTU22:126.9)HTU17:159.9)HTU18:135.9)HTU26:79.1)HTU20:114.0,(ArmenianWestern:331.0,Irish:280.5)HTU27:114.1)HTU30:104.0)HTU16[10124.8];
(AlbanianTosk:191.0,(((Cornish:202.5,Manx:158.1)HTU21:85.0,(OldPrussian:247.3,(Danish:205.0,(((AncientIonicGreek:474.2,(Assamese:210.7,SanskritVedic:146.0)HTU24:270.0)HTU18:116.0,(Yiddish:299.2,(Icelandic:486.3,KolschColognian:426.0)HTU22:256.7)HTU26:264.0)HTU17:160.1,(EasternFrisianSaterland:219.9,(Faroese:247.0,Scots:227.0)HTU28:111.4)HTU25:126.9)HTU20:159.9)HTU19:135.9)HTU29:79.1)HTU23:114.0,(ArmenianWestern:331.0,Irish:280.5)HTU27:114.1)HTU30:104.0)HTU16[10124.8];
(AlbanianTosk:244.0,(Irish:237.7,((ArmenianWestern:390.2,((EasternFrisianSaterland:224.0,(Faroese:243.0,Scots:235.0)HTU24:115.3)HTU19:102.0,(Danish:325.0,((AncientIonicGreek:468.2,(Assamese:212.7,SanskritVedic:144.0)HTU26:267.0)HTU18:130.0,(Yiddish:299.2,(Icelandic:526.3,KolschColognian:391.0)HTU29:259.7)HTU28:218.0)HTU25:191.0)HTU21:87.9)HTU17:128.0)HTU20:77.0,(OldPrussian:240.4,(Cornish:206.5,Manx:168.1)HTU27:114.0)HTU22:125.9)HTU23:109.0)HTU30:173.0)HTU16[10123.0];
(AlbanianTosk:203.0,(ArmenianWestern:328.0,(Irish:227.5,((Danish:223.0,(((Yiddish:294.2,(Icelandic:489.3,KolschColognian:430.0)HTU26:251.7)HTU19:246.0,(AncientIonicGreek:463.2,(Assamese:211.7,SanskritVedic:147.0)HTU28:267.0)HTU27:116.0)HTU17:159.1,(EasternFrisianSaterland:223.9,(Faroese:246.0,Scots:233.0)HTU18:109.4)HTU22:116.9)HTU25:133.9)HTU20:119.9,(OldPrussian:235.3,(Cornish:198.5,Manx:167.1)HTU29:116.1)HTU24:98.0)HTU23:95.2)HTU21:131.0)HTU30:121.0)HTU16[10121.0];
(AlbanianTosk:241.0,(Irish:249.5,(ArmenianWestern:341.0,((((AncientIonicGreek:466.2,(Assamese:207.7,SanskritVedic:143.0)HTU26:262.0)HTU19:132.0,(Yiddish:288.2,(Icelandic:536.3,KolschColognian:399.0)HTU27:259.7)HTU20:202.0)HTU18:189.0,(EasternFrisianSaterland:216.9,(Faroese:248.0,Scots:247.0)HTU25:108.4)HTU24:110.0)HTU17:71.7,((Danish:273.9,OldPrussian:310.3)HTU22:77.0,(Cornish:202.5,Manx:164.1)HTU23:107.1)HTU29:122.0)HTU21:124.2)HTU28:97.0)HTU30:180.0)HTU16[10109.8];
(AlbanianTosk:256.0,(Irish:245.5,(ArmenianWestern:335.0,((((Yiddish:309.2,(Icelandic:537.3,KolschColognian:404.0)HTU25:251.7)HTU24:197.0,(AncientIonicGreek:466.2,(Assamese:207.7,SanskritVedic:142.0)HTU21:263.0)HTU28:126.0)HTU18:187.0,(EasternFrisianSaterland:209.9,(Faroese:246.0,Scots:242.0)HTU29:106.4)HTU20:102.0)HTU17:72.7,((Danish:268.9,OldPrussian:308.3)HTU22:79.0,(Cornish:200.5,Manx:162.1)HTU27:103.1)HTU26:121.0)HTU19:125.2)HTU23:95.0)HTU30:161.0)HTU16[10109.8];
(AlbanianTosk:240.0,(Irish:247.7,((ArmenianWestern:365.2,((Danish:306.9,OldPrussian:276.3)HTU27:86.1,(Cornish:195.5,Manx:169.1)HTU28:92.0)HTU24:146.9)HTU22:65.0,((EasternFrisianSaterland:219.9,(Faroese:250.0,Scots:248.0)HTU21:110.4)HTU18:120.1,((AncientIonicGreek:478.2,(Assamese:205.7,SanskritVedic:140.0)HTU23:265.0)HTU17:115.0,(Yiddish:295.2,(Icelandic:540.3,KolschColognian:407.0)HTU26:257.7)HTU29:225.0)HTU19:170.9)HTU25:100.8)HTU20:85.0)HTU30:129.0)HTU16[10109.8];
(AlbanianTosk:240.0,(Irish:247.7,((((Yiddish:295.2,(Icelandic:540.3,KolschColognian:407.0)HTU25:257.7)HTU18:225.0,(AncientIonicGreek:478.2,(Assamese:205.7,SanskritVedic:140.0)HTU29:265.0)HTU23:115.0)HTU17:170.9,(EasternFrisianSaterland:219.9,(Faroese:250.0,Scots:248.0)HTU21:110.4)HTU28:120.1)HTU20:100.8,(ArmenianWestern:365.2,((Cornish:195.5,Manx:169.1)HTU19:92.0,(Danish:306.9,OldPrussian:276.3)HTU26:86.1)HTU22:146.9)HTU27:65.0)HTU24:85.0)HTU30:129.0)HTU16[10109.8];
(AlbanianTosk:240.0,(Irish:247.7,((ArmenianWestern:365.2,((Cornish:195.5,Manx:169.1)HTU24:92.0,(Danish:306.9,OldPrussian:276.3)HTU29:86.1)HTU27:146.9)HTU22:65.0,(((AncientIonicGreek:478.2,(Assamese:205.7,SanskritVedic:140.0)HTU21:265.0)HTU23:115.0,(Yiddish:295.2,(Icelandic:540.3,KolschColognian:407.0)HTU19:257.7)HTU28:225.0)HTU18:170.9,(EasternFrisianSaterland:219.9,(Faroese:250.0,Scots:248.0)HTU20:110.4)HTU25:120.1)HTU26:100.8)HTU17:85.0)HTU30:129.0)HTU16[10109.8];
(AlbanianTosk:240.0,(Irish:247.7,((((Yiddish:295.2,(Icelandic:540.3,KolschColognian:407.0)HTU26:257.7)HTU23:225.0,(AncientIonicGreek:478.2,(Assamese:205.7,SanskritVedic:140.0)HTU22:265.0)HTU29:115.0)HTU20:170.9,(EasternFrisianSaterland:219.9,(Faroese:250.0,Scots:248.0)HTU24:110.4)HTU25:120.1)HTU17:100.8,(ArmenianWestern:365.2,((Danish:306.9,OldPrussian:276.3)HTU27:86.1,(Cornish:195.5,Manx:169.1)HTU28:92.0)HTU21:146.9)HTU19:65.0)HTU18:85.0)HTU30:129.0)HTU16[10109.8];
(AlbanianTosk:187.0,(ArmenianWestern:337.0,(Irish:229.5,((((AncientIonicGreek:461.2,(Assamese:207.7,SanskritVedic:146.0)HTU25:283.0)HTU21:115.0,(Yiddish:317.2,(Icelandic:488.3,KolschColognian:429.0)HTU29:254.7)HTU26:240.0)HTU19:185.0,(EasternFrisianSaterland:228.9,(Faroese:252.0,Scots:244.0)HTU27:108.4)HTU23:102.0)HTU20:75.7,((Cornish:199.5,Manx:166.1)HTU17:109.1,(Danish:271.9,OldPrussian:296.3)HTU28:80.0)HTU24:104.0)HTU18:79.2)HTU22:149.0)HTU30:100.0)HTU16[10108.8];
(AlbanianTosk:187.0,(ArmenianWestern:337.0,(Irish:229.5,(((EasternFrisianSaterland:228.9,(Faroese:252.0,Scots:244.0)HTU22:108.4)HTU24:102.0,((Yiddish:317.2,(Icelandic:488.3,KolschColognian:429.0)HTU27:254.7)HTU21:240.0,(AncientIonicGreek:461.2,(Assamese:207.7,SanskritVedic:146.0)HTU28:283.0)HTU29:115.0)HTU25:185.0)HTU19:75.7,((Danish:271.9,OldPrussian:296.3)HTU18:80.0,(Cornish:199.5,Manx:166.1)HTU23:109.1)HTU20:104.0)HTU26:79.2)HTU17:149.0)HTU30:100.0)HTU16[10108.8];
(AlbanianTosk:212.0,(Irish:232.5,((ArmenianWestern:330.0,((EasternFrisianSaterland:234.9,((Yiddish:289.2,(Icelandic:498.3,KolschColognian:446.0)HTU20:260.7)HTU22:249.0,(AncientIonicGreek:468.2,(Assamese:205.7,SanskritVedic:140.0)HTU28:269.0)HTU25:109.0)HTU23:169.0)HTU18:83.2,(Faroese:251.0,Scots:239.0)HTU26:94.2)HTU29:132.2)HTU17:72.7,((Danish:305.9,OldPrussian:268.3)HTU21:88.1,(Cornish:202.5,Manx:166.1)HTU27:90.0)HTU19:109.1)HTU24:88.0)HTU30:124.0)HTU16[10107.9];
(AlbanianTosk:197.0,(Irish:231.5,(ArmenianWestern:347.0,((OldPrussian:244.3,(Danish:202.0,((EasternFrisianSaterland:213.9,(Faroese:252.0,Scots:227.0)HTU28:109.4)HTU17:127.9,((Yiddish:302.2,(Icelandic:486.3,KolschColognian:430.0)HTU25:255.7)HTU23:267.0,(AncientIonicGreek:477.2,(Assamese:211.7,SanskritVedic:145.0)HTU24:273.0)HTU27:118.0)HTU19:160.1)HTU18:150.9)HTU21:131.9)HTU20:76.1,(Cornish:207.5,Manx:147.1)HTU22:103.0)HTU26:130.1)HTU29:96.0)HTU30:99.0)HTU16[10105.9];
(AlbanianTosk:224.0,(Irish:241.7,((ArmenianWestern:338.2,(((Yiddish:314.2,(Icelandic:483.3,KolschColognian:430.0)HTU27:311.7)HTU18:198.0,(AncientIonicGreek:472.2,(Assamese:208.7,SanskritVedic:141.0)HTU28:260.0)HTU19:128.0)HTU17:170.9,(EasternFrisianSaterland:215.9,(Faroese:256.0,Scots:246.0)HTU29:109.4)HTU23:118.1)HTU22:140.1)HTU24:77.7,((Danish:312.9,OldPrussian:277.3)HTU21:84.1,(Cornish:201.5,Manx:171.1)HTU25:92.0)HTU26:105.9)HTU20:89.0)HTU30:143.0)HTU16[10104.8];
(AlbanianTosk:224.0,(Irish:241.7,(((Danish:312.9,OldPrussian:277.3)HTU21:84.1,(Cornish:201.5,Manx:171.1)HTU27:92.0)HTU19:105.9,(ArmenianWestern:338.2,(((Yiddish:314.2,(Icelandic:483.3,KolschColognian:430.0)HTU22:311.7)HTU24:198.0,(AncientIonicGreek:472.2,(Assamese:208.7,SanskritVedic:141.0)HTU17:260.0)HTU25:128.0)HTU18:170.9,(EasternFrisianSaterland:215.9,(Faroese:256.0,Scots:246.0)HTU29:109.4)HTU28:118.1)HTU23:140.1)HTU26:77.7)HTU20:89.0)HTU30:143.0)HTU16[10104.8];
(AlbanianTosk:224.0,(Irish:241.7,((ArmenianWestern:338.2,(((AncientIonicGreek:472.2,(Assamese:208.7,SanskritVedic:141.0)HTU23:260.0)HTU21:128.0,(Yiddish:314.2,(Icelandic:483.3,KolschColognian:430.0)HTU18:311.7)HTU26:198.0)HTU24:170.9,(EasternFrisianSaterland:215.9,(Faroese:256.0,Scots:246.0)HTU29:109.4)HTU27:118.1)HTU25:140.1)HTU17:77.7,((Danish:312.9,OldPrussian:277.3)HTU22:84.1,(Cornish:201.5,Manx:171.1)HTU28:92.0)HTU20:105.9)HTU19:89.0)HTU30:143.0)HTU16[10104.8];
(AlbanianTosk:224.0,(Irish:241.7,((ArmenianWestern:338.2,(((AncientIonicGreek:472.2,(Assamese:208.7,SanskritVedic:141.0)HTU22:260.0)HTU23:128.0,(Yiddish:314.2,(Icelandic:483.3,KolschColognian:430.0)HTU20:311.7)HTU29:198.0)HTU17:170.9,(EasternFrisianSaterland:215.9,(Faroese:256.0,Scots:246.0)HTU28:109.4)HTU24:118.1)HTU18:140.1)HTU19:77.7,((Cornish:201.5,Manx:171.1)HTU26:92.0,(Danish:312.9,OldPrussian:277.3)HTU27:84.1)HTU25:105.9)HTU21:89.0)HTU30:143.0)HTU16[10104.8];
(AlbanianTosk:224.0,(Irish:241.7,(((Cornish:201.5,Manx:171.1)HTU18:92.0,(Danish:312.9,OldPrussian:277.3)HTU26:84.1)HTU21:105.9,(ArmenianWestern:338.2,(((AncientIonicGreek:472.2,(Assamese:208.7,SanskritVedic:141.0)HTU20:260.0)HTU24:128.0,(Yiddish:314.2,(Icelandic:483.3,KolschColognian:430.0)HTU27:311.7)HTU25:198.0)HTU19:170.9,(EasternFrisianSaterland:215.9,(Faroese:256.0,Scots:246.0)HTU29:109.4)HTU23:118.1)HTU22:140.1)HTU28:77.7)HTU17:89.0)HTU30:143.0)HTU16[10104.8];
(AlbanianTosk:224.0,(Irish:241.7,((ArmenianWestern:338.2,((EasternFrisianSaterland:215.9,(Faroese:256.0,Scots:246.0)HTU27:109.4)HTU17:118.1,((AncientIonicGreek:472.2,(Assamese:208.7,SanskritVedic:141.0)HTU25:260.0)HTU23:128.0,(Yiddish:314.2,(Icelandic:483.3,KolschColognian:430.0)HTU20:311.7)HTU29:198.0)HTU22:170.9)HTU24:140.1)HTU18:77.7,((Danish:312.9,OldPrussian:277.3)HTU21:84.1,(Cornish:201.5,Manx:171.1)HTU28:92.0)HTU26:105.9)HTU19:89.0)HTU30:143.0)HTU16[10104.8];
(AlbanianTosk:224.0,(Irish:241.7,((ArmenianWestern:338.2,((EasternFrisianSaterland:215.9,(Faroese:256.0,Scots:246.0)HTU20:109.4)HTU18:118.1,((Yiddish:314.2,(Icelandic:483.3,KolschColognian:430.0)HTU29:311.7)HTU17:198.0,(AncientIonicGreek:472.2,(Assamese:208.7,SanskritVedic:141.0)HTU28:260.0)HTU24:128.0)HTU26:170.9)HTU19:140.1)HTU21:77.7,((Cornish:201.5,Manx:171.1)HTU25:92.0,(Danish:312.9,OldPrussian:277.3)HTU27:84.1)HTU22:105.9)HTU23:89.0)HTU30:143.0)HTU16[10104.8];
(AlbanianTosk:224.0,(Irish:241.7,((ArmenianWestern:338.2,((EasternFrisianSaterland:215.9,(Faroese:256.0,Scots:246.0)HTU21:109.4)HTU18:118.1,((AncientIonicGreek:472.2,(Assamese:208.7,SanskritVedic:141.0)HTU20:260.0)HTU17:128.0,(Yiddish:314.2,(Icelandic:483.3,KolschColognian:430.0)HTU29:311.7)HTU24:198.0)HTU23:170.9)HTU28:140.1)HTU25:77.7,((Cornish:201.5,Manx:171.1)HTU19:92.0,(Danish:312.9,OldPrussian:277.3)HTU27:84.1)HTU26:105.9)HTU22:89.0)HTU30:143.0)HTU16[10104.8];
(AlbanianTosk:224.0,(Irish:241.7,(((Cornish:201.5,Manx:171.1)HTU20:92.0,(Danish:312.9,OldPrussian:277.3)HTU26:84.1)HTU17:105.9,(ArmenianWestern:338.2,(((Yiddish:314.2,(Icelandic:483.3,KolschColognian:430.0)HTU29:311.7)HTU21:198.0,(AncientIonicGreek:472.2,(Assamese:208.7,SanskritVedic:141.0)HTU25:260.0)HTU28:128.0)HTU19:170.9,(EasternFrisianSaterland:215.9,(Faroese:256.0,Scots:246.0)HTU23:109.4)HTU27:118.1)HTU18:140.1)HTU24:77.7)HTU22:89.0)HTU30:143.0)HTU16[10104.8];
(AlbanianTosk:224.0,(Irish:241.7,(((Danish:312.9,OldPrussian:277.3)HTU21:84.1,(Cornish:201.5,Manx:171.1)HTU23:92.0)HTU18:105.9,(ArmenianWestern:338.2,(((AncientIonicGreek:472.2,(Assamese:208.7,SanskritVedic:141.0)HTU27:260.0)HTU25:128.0,(Yiddish:314.2,(Icelandic:483.3,KolschColognian:430.0)HTU29:311.7)HTU28:198.0)HTU19:170.9,(EasternFrisianSaterland:215.9,(Faroese:256.0,Scots:246.0)HTU22:109.4)HTU26:118.1)HTU20:140.1)HTU24:77.7)HTU17:89.0)HTU30:143.0)HTU16[10104.8];
(AlbanianTosk:190.0,((Irish:261.7,((Danish:314.9,OldPrussian:271.3)HTU17:77.1,(Cornish:196.5,Manx:173.1)HTU28:100.0)HTU20:101.9)HTU22:104.7,(ArmenianWestern:343.2,(((Yiddish:309.2,(Icelandic:495.3,KolschColognian:436.0)HTU29:272.7)HTU19:268.0,(AncientIonicGreek:487.2,(Assamese:209.7,SanskritVedic:147.0)HTU26:281.0)HTU27:116.0)HTU21:172.9,(EasternFrisianSaterland:223.9,(Faroese:262.0,Scots:251.0)HTU24:109.4)HTU23:119.1)HTU18:137.1)HTU25:77.0)HTU30:92.0)HTU16[10101.1];
(AlbanianTosk:188.0,((ArmenianWestern:340.2,(((AncientIonicGreek:503.2,(Assamese:213.7,SanskritVedic:143.0)HTU22:274.0)HTU17:120.0,(Yiddish:295.2,(Icelandic:495.3,KolschColognian:423.0)HTU27:255.7)HTU29:250.0)HTU19:176.9,(EasternFrisianSaterland:218.9,(Faroese:261.0,Scots:252.0)HTU28:106.4)HTU23:118.1)HTU21:134.1)HTU18:74.0,(Irish:258.7,((Danish:314.9,OldPrussian:271.3)HTU24:79.1,(Cornish:200.5,Manx:176.1)HTU26:99.0)HTU25:103.9)HTU20:104.7)HTU30:101.0)HTU16[10101.1];
(AlbanianTosk:188.0,((Irish:258.7,((Danish:314.9,OldPrussian:271.3)HTU21:79.1,(Cornish:200.5,Manx:176.1)HTU29:99.0)HTU25:103.9)HTU18:104.7,(ArmenianWestern:340.2,(((AncientIonicGreek:503.2,(Assamese:213.7,SanskritVedic:143.0)HTU26:274.0)HTU20:120.0,(Yiddish:295.2,(Icelandic:495.3,KolschColognian:423.0)HTU28:255.7)HTU27:250.0)HTU17:176.9,(EasternFrisianSaterland:218.9,(Faroese:261.0,Scots:252.0)HTU23:106.4)HTU22:118.1)HTU19:134.1)HTU24:74.0)HTU30:101.0)HTU16[10101.1];
