" ","woman.fastc#0"
"Afrikaans","+"
"AlbanianTosk","+"
"AncientGreek","+"
"AncientIonicGreek","+"
"AntilleanCreole","+"
"ArabicAfroAsiatic","+"
"Aragonese","+"
"ArchaicLatin","+"
"ArmenianEastern","+"
"ArmenianWestern","+"
"Aromanian","+"
"Assamese","+"
"Asturian","+"
"AtongSinoTibetan","+"
"Avestan","+"
"BalochiSouthern","+"
"Basque","+"
"BelizeanKriol","+"
"Belorussian","+"
"Bengali","+"
"Bhojpuri","+"
"Brabantish","+"
"BrahuiDravidian","+"
"Breton","+"
"Bulgarian","+"
"BurgenlandKajkavian","+"
"Campidanese","+"
"Catalan","+"
"CentralFranconianRipuarian","+"
"ClassicalArmenian","+"
"ClassicalSyriacMiddleAramaicAfroAsiatic","+"
"Cornish","+"
"Czech","+"
"Dalmation","+"
"Danish","+"
"Dhatki","+"
"DigorOssetic","+"
"Dutch","+"
"EasternFrieslandLowlandsSaxon","+"
"EasternFrisianSaterland","+"
"Elamite","+"
"EnglishAmerican","+"
"EnglishBritish","+"
"EstuaryEnglish","+"
"Faroese","+"
"FerrareseEmiliano","+"
"FijiHindi","+"
"FinnishUralic","+"
"Flemish","+"
"French","+"
"FrenchFlemish","+"
"Friulian","+"
"Galician","+"
"GeorgianKartvelian","+"
"German","+"
"Gothic","+"
"GreekModern","+"
"GuineaBissauCreole","+"
"Gujarati","+"
"GujaratiRomanAlphabet","+"
"HaitianCreole","+"
"Hindi","+"
"Hittite","+"
"HungarianUralic","+"
"Hunsrik","+"
"Icelandic","+"
"Irish","+"
"IronOssetic","+"
"IstroRomanian","+"
"Italian","+"
"JamaicanPatois","+"
"KachhiKoli/Kutchi","+"
"Kashmiri","+"
"Kashubian","+"
"KataKati","+"
"KolschColognian","+"
"Konkani","+"
"Krio","+"
"KurdishCentral","+"
"KurdishKurmanji","+"
"LadinGardenese","+"
"Latgalian","+"
"Latin","+"
"Latvian","+"
"LigurianStella","+"
"Limburgish","+"
"Lithuanian","+"
"Logudorese","+"
"LombardPlesio","+"
"LouisianaCreole","+"
"LowSaxon","+"
"LowerSorbian","+"
"Luwian","+"
"Luxemburgish","+"
"Macedonian","+"
"Magahi","+"
"Manx","+"
"Marathi","+"
"MarwariNorthern","+"
"MarwariSouthern","+"
"MauritianCreole","+"
"Mazanderani","+"
"MeglenoRomanian","+"
"MennoniteLowlandsSaxon","+"
"MiddleEnglish","+"
"MiddlePersian","+"
"MistřiceMoravian","+"
"ModernHebrewAfroAsiatic","+"
"Neapolitan","+"
"Nepali","+"
"NorthFrisianOomrang","+"
"NorthernLowlandsSaxon","+"
"Norweigan","+"
"Oadki","+"
"OldChruchSlavonicRomanAlphabet","+"
"OldChurchSlavonic","+"
"OldEnglish","+"
"OldFrench","+"
"OldHighGerman","+"
"OldIrish","+"
"OldItalian","+"
"OldNorse","+"
"OldPortuguese","+"
"OldPrussian","+"
"OrbanićiČakavian","+"
"Oriya","+"
"OrlecČakavian","+"
"Ossetian","+"
"Pali","+"
"Papiamento","+"
"Parachi","+"
"Parkari","+"
"Pashto","+"
"PennsylvaniaDutch","+"
"Persian","+"
"PharasaGreek","+"
"Picard","+"
"PiemonteseTurinese","+"
"Polish","+"
"Portuguese","+"
"PortugueseBrazil","+"
"Provencal","+"
"ProvençalOccitan","+"
"Punjabi","+"
"RavennateRomagnol","+"
"ResiaSlovenian","+"
"Romani","+"
"Romanian","+"
"RomanschVallader","+"
"RumantschGrischun","+"
"Russian","+"
"Rusyn","+"
"Samogitian","+"
"SanskritVedic","+"
"Saraiki","+"
"Sardinian","+"
"Sariqoli","+"
"SavoyardFrancoProvençal","+"
"SchwyzerdutschSwissGerman","+"
"Scots","+"
"ScottishGaelic","+"
"SerboCroatian","+"
"Shughni","+"
"Sicilian","+"
"Silesian","+"
"Sindhi","+"
"Sinhalese","+"
"Slovak","+"
"Slovene","+"
"Sogdian","+"
"SouthernTsakonian","+"
"Spanish","+"
"SrananTongo","+"
"StellingWervenLowSaxon","+"
"Swedish","+"
"Tajik","+"
"ThradriKoli","+"
"TocharianA","+"
"TocharianB","+"
"TokPisin","+"
"Ukrainian","+"
"UpperSorbian","+"
"Urdu","+"
"VenetianBellunese","+"
"Vlach","+"
"Wakhi","+"
"Walloon","+"
"Waziri","+"
"Welsh","+"
"WesternFlemish","+"
"WesternFrisian","+"
"Yaghnobi","+"
"Yiddish","+"
"Zazaki","+"
"Zeelandic","+"
