(Alentus:123.5,(Chanbria:104.0,((Rhiphicephalus:149.0,(Artemia:193.0,((Limulus:126.0,Mastigoproctus:117.0)HTU29:30.0,(Hypochilus:115.0,Thelichoris:91.0)HTU30:41.0)HTU26:35.0)HTU28:21.0)HTU27:43.5,((Gea:162.5,((Amblypygid:82.0,(Americhernus:171.5,Aportus:175.0)HTU20:73.0)HTU19:66.5,(Vonones:103.0,(Pauroctonus:97.0,Thermobius:157.0)HTU23:49.5)HTU24:41.5)HTU18:72.5)HTU21:39.0,(Centruoides:88.0,Hadrurus:143.0)HTU22:76.0)HTU32:49.0)HTU25:45.0)HTU31:181.5)HTU17[1740.0];
(Alentus:104.0,(Chanbria:91.5,((Rhiphicephalus:142.5,(Artemia:165.5,(Mastigoproctus:98.5,(Hypochilus:94.5,Thelichoris:73.5)HTU30:54.5)HTU27:43.5)HTU29:31.0)HTU28:50.5,((Gea:160.5,((Limulus:81.5,(Vonones:96.5,(Pauroctonus:94.5,Thermobius:148.5)HTU24:49.5)HTU25:27.0)HTU19:27.5,(Amblypygid:107.0,(Americhernus:189.0,Aportus:169.0)HTU21:87.0)HTU20:67.5)HTU18:50.0)HTU22:48.0,(Centruoides:75.0,Hadrurus:113.0)HTU23:79.5)HTU32:47.0)HTU26:36.5)HTU31:112.0)HTU17[1734.0];
(Alentus:179.5,(Chanbria:90.0,((Rhiphicephalus:148.5,(Artemia:182.5,((Gea:162.0,(Hypochilus:75.5,Thelichoris:109.5)HTU30:37.0)HTU25:38.5,(Limulus:103.0,Mastigoproctus:116.0)HTU29:34.5)HTU26:41.5)HTU28:24.0)HTU27:45.5,(((Amblypygid:82.0,(Americhernus:233.0,Aportus:124.0)HTU20:51.0)HTU19:37.0,(Vonones:84.0,(Pauroctonus:85.0,Thermobius:145.0)HTU22:55.0)HTU23:28.0)HTU18:48.0,(Centruoides:75.0,Hadrurus:124.0)HTU21:78.0)HTU32:46.5)HTU24:44.5)HTU31:174.0)HTU17[1719.0];
