(Alentus:99.5,(Chanbria:98.5,((Rhiphicephalus:160.5,(Artemia:171.5,(((Hypochilus:71.5,Thelichoris:103.5)HTU32:41.0,#HTU34:701.5)HTU27:39.5,(Mastigoproctus:113.0,#HTU35:729.5)HTU31:36.5)HTU28:36.5)HTU30:11.0)HTU29:42.5,(((((Vonones:91.5,(Pauroctonus:92.5,Thermobius:147.5)HTU24:48.5)HTU25:25.0,(Limulus:733.0)#HTU35:733.0)HTU19:23.5,(Amblypygid:104.0,(Americhernus:190.5,Aportus:161.5)HTU21:84.0)HTU20:60.5)HTU18:45.5,(Gea:718.5)#HTU34:718.5)HTU22:37.5,(Centruoides:82.0,Hadrurus:114.0)HTU23:74.0)HTU36:42.5)HTU26:37.0)HTU33:111.0)HTU17[1925.0];
(Alentus:103.0,(Chanbria:88.5,((Rhiphicephalus:140.0,(Artemia:182.0,((Limulus:117.0,Mastigoproctus:101.0)HTU29:31.0,(Hypochilus:99.0,Thelichoris:76.0)HTU30:45.0)HTU26:39.0)HTU28:17.0)HTU27:48.5,((Gea:156.5,((Amblypygid:110.0,(Americhernus:188.5,Aportus:163.5)HTU20:79.5)HTU19:52.0,(Vonones:95.0,(Pauroctonus:100.5,Thermobius:146.5)HTU23:45.5)HTU24:34.0)HTU18:60.5)HTU21:51.0,(Centruoides:82.0,Hadrurus:113.0)HTU22:82.5)HTU32:54.5)HTU25:40.0)HTU31:114.5)HTU17[1748.0];
(Alentus:103.0,(Chanbria:88.5,((Rhiphicephalus:140.0,(Artemia:182.0,((Limulus:117.0,Mastigoproctus:101.0)HTU29:31.0,(Hypochilus:99.0,Thelichoris:76.0)HTU30:45.0)HTU26:39.0)HTU28:17.0)HTU27:48.5,((Gea:156.5,((Amblypygid:110.0,(Americhernus:188.5,Aportus:163.5)HTU20:79.5)HTU19:52.0,(Vonones:95.0,(Pauroctonus:100.5,Thermobius:146.5)HTU23:45.5)HTU24:34.0)HTU18:60.5)HTU21:51.0,(Centruoides:82.0,Hadrurus:113.0)HTU22:82.5)HTU32:54.5)HTU25:40.0)HTU31:114.5)HTU17[1748.0];
(Alentus:104.0,(Chanbria:91.5,((Rhiphicephalus:142.5,(Artemia:165.5,(Mastigoproctus:98.5,(Hypochilus:94.5,Thelichoris:73.5)HTU30:54.5)HTU27:43.5)HTU29:31.0)HTU28:50.5,((Gea:160.5,((Limulus:81.5,(Vonones:96.5,(Pauroctonus:94.5,Thermobius:148.5)HTU24:49.5)HTU25:27.0)HTU19:27.5,(Amblypygid:107.0,(Americhernus:189.0,Aportus:169.0)HTU21:87.0)HTU20:67.5)HTU18:50.0)HTU22:48.0,(Centruoides:75.0,Hadrurus:113.0)HTU23:79.5)HTU32:47.0)HTU26:36.5)HTU31:112.0)HTU17[1734.0];
(Alentus:104.0,(Chanbria:91.5,((Rhiphicephalus:142.5,(Artemia:165.5,(Mastigoproctus:98.5,(Hypochilus:94.5,Thelichoris:73.5)HTU30:54.5)HTU27:43.5)HTU29:31.0)HTU28:50.5,((Gea:160.5,((Limulus:81.5,(Vonones:96.5,(Pauroctonus:94.5,Thermobius:148.5)HTU24:49.5)HTU25:27.0)HTU19:27.5,(Amblypygid:107.0,(Americhernus:189.0,Aportus:169.0)HTU21:87.0)HTU20:67.5)HTU18:50.0)HTU22:48.0,(Centruoides:75.0,Hadrurus:113.0)HTU23:79.5)HTU32:47.0)HTU26:36.5)HTU31:112.0)HTU17[1734.0];
(Alentus:104.0,(Chanbria:91.5,((Rhiphicephalus:142.5,(Artemia:165.5,(Mastigoproctus:98.5,(Hypochilus:94.5,Thelichoris:73.5)HTU30:54.5)HTU27:43.5)HTU29:31.0)HTU28:50.5,((Gea:160.5,((Limulus:81.5,(Vonones:96.5,(Pauroctonus:94.5,Thermobius:148.5)HTU24:49.5)HTU25:27.0)HTU19:27.5,(Amblypygid:107.0,(Americhernus:189.0,Aportus:169.0)HTU21:87.0)HTU20:67.5)HTU18:50.0)HTU22:48.0,(Centruoides:75.0,Hadrurus:113.0)HTU23:79.5)HTU32:47.0)HTU26:36.5)HTU31:112.0)HTU17[1734.0];
(Alentus:103.5,(Chanbria:85.0,((Rhiphicephalus:148.5,(Artemia:172.0,((Gea:154.0,(Hypochilus:68.5,Thelichoris:97.5)HTU30:37.0)HTU25:38.0,(Limulus:102.0,Mastigoproctus:109.0)HTU29:35.0)HTU26:43.0)HTU28:20.5)HTU27:37.5,(((Amblypygid:90.5,(Americhernus:194.5,Aportus:142.5)HTU20:81.0)HTU19:50.5,(Vonones:90.0,(Pauroctonus:90.5,Thermobius:145.5)HTU22:49.0)HTU23:34.0)HTU18:50.5,(Centruoides:77.0,Hadrurus:114.0)HTU21:83.0)HTU32:39.5)HTU24:37.5)HTU31:104.5)HTU17[1730.0];
(Alentus:103.5,(Chanbria:85.0,((Rhiphicephalus:148.5,(Artemia:172.0,((Gea:154.0,(Hypochilus:68.5,Thelichoris:97.5)HTU30:37.0)HTU25:38.0,(Limulus:102.0,Mastigoproctus:109.0)HTU29:35.0)HTU26:43.0)HTU28:20.5)HTU27:37.5,(((Amblypygid:90.5,(Americhernus:194.5,Aportus:142.5)HTU20:81.0)HTU19:50.5,(Vonones:90.0,(Pauroctonus:90.5,Thermobius:145.5)HTU22:49.0)HTU23:34.0)HTU18:50.5,(Centruoides:77.0,Hadrurus:114.0)HTU21:83.0)HTU32:39.5)HTU24:37.5)HTU31:104.5)HTU17[1730.0];
(Alentus:106.5,(Chanbria:83.5,((Rhiphicephalus:150.5,(Artemia:164.5,(Mastigoproctus:94.0,(Gea:150.0,(Hypochilus:78.5,Thelichoris:96.5)HTU30:47.0)HTU26:56.0)HTU27:40.5)HTU29:30.5)HTU28:43.5,(((Limulus:76.0,(Vonones:86.0,(Pauroctonus:85.5,Thermobius:143.5)HTU23:49.0)HTU24:30.0)HTU19:34.5,(Amblypygid:87.0,(Americhernus:177.0,Aportus:162.0)HTU21:82.5)HTU20:65.0)HTU18:48.5,(Centruoides:79.0,Hadrurus:112.0)HTU22:86.0)HTU32:39.0)HTU25:39.5)HTU31:107.5)HTU17[1723.0];
(Alentus:106.5,(Chanbria:83.5,((Rhiphicephalus:150.5,(Artemia:164.5,(Mastigoproctus:94.0,(Gea:150.0,(Hypochilus:78.5,Thelichoris:96.5)HTU30:47.0)HTU26:56.0)HTU27:40.5)HTU29:30.5)HTU28:43.5,(((Limulus:76.0,(Vonones:86.0,(Pauroctonus:85.5,Thermobius:143.5)HTU23:49.0)HTU24:30.0)HTU19:34.5,(Amblypygid:87.0,(Americhernus:177.0,Aportus:162.0)HTU21:82.5)HTU20:65.0)HTU18:48.5,(Centruoides:79.0,Hadrurus:112.0)HTU22:86.0)HTU32:39.0)HTU25:39.5)HTU31:107.5)HTU17[1723.0];
(Alentus:106.5,(Chanbria:83.5,((Rhiphicephalus:150.5,(Artemia:164.5,(Mastigoproctus:94.0,(Gea:150.0,(Hypochilus:78.5,Thelichoris:96.5)HTU30:47.0)HTU26:56.0)HTU27:40.5)HTU29:30.5)HTU28:43.5,(((Limulus:76.0,(Vonones:86.0,(Pauroctonus:85.5,Thermobius:143.5)HTU23:49.0)HTU24:30.0)HTU19:34.5,(Amblypygid:87.0,(Americhernus:177.0,Aportus:162.0)HTU21:82.5)HTU20:65.0)HTU18:48.5,(Centruoides:79.0,Hadrurus:112.0)HTU22:86.0)HTU32:39.0)HTU25:39.5)HTU31:107.5)HTU17[1723.0];
