(Adacnarca_limopsoides_USNM21:0.0,(Bathyarca_perversidens_AU36:18.0,((Malleus_candeanus_PR31:14.0,(Cosa_costata:2.0,(Cosa_waikikia:2.0,(Tucetona_gealei_MNHN113:16.0,(Lissarca_picta:6.0,(Trisidos_tortuosa_AU102:19.0,(Adacnarca_nitens:3.0,(Cosa_scabra_AU155:4.0,(Glycymeris_scripta_FMNH17:7.0,(Anadara_geissei_CV01:10.0,(Pinna_carnea_PR24:18.0,(Glycymeris_crebreliratus_AU40:3.0,(Axinactis_inaequalis:5.0,(Nipponarca_bistrigata:6.0,(Mytilid_sp:4.0,(Hochstetteria_munita_USNM47:15.0,(Noetia_ponderosa_FLA01:12.0,(Bathyarca_sp_Brasil:8.0,(Glycymeris_striatularis:4.0,(Striarca_interplicata_USNM49:4.0,(Lima_lima:7.0,(Limopsis_forteradiata_AU01:3.0,(Lissarca_notarcadensis_USNM14:10.0,(Pteria_colymbus_PR37:13.0,(Chama_frondosa_CR52:9.0,(Aupouria_parvula:6.0,(Melaxinaea_labyrintha:9.0,((Scaphula_celox_:7.0,(Tucetona_flabellata:3.0,(Glycymeris_formosus:2.0,(Bentharca_xenophoricola_FMNH13:10.0,(Hyotissa_hyotis_CR48:9.0,(Glycymeris_lividus_cf_MNHN28:4.0,(Grammatodontinae:5.0,(Isognomon_radiatus_PR29:12.0,(Barbatia_tenera:6.0,(Cosa_parallelogramma_USNM26:13.0,(Limopsis_aurita_BMNH07:5.0,(Trisidos_semitorta_AU44:10.0,(Limopsis_loringi_AU11:11.0,(Stenocista_gambiensis_MNHN117:2.0,(Barbatia_amygdalumtostum:4.0,(((Anadara_transversa:9.0,Limopsis_diegensis:5.0)HTU126:2.0,(Micromytilus_crenulatifera_AU140:4.0,(Notomytilus_rubra:2.0,(Anadara_floridana:19.0,Neocardia_sp_A_USNM15:4.0)HTU118:1.0)HTU162:2.0)HTU163:7.0)HTU101:12.0,(Barbatia_candida_PR04:3.0,(Barbatia_domingensis:6.0,Barbatia_lacerata:2.0)HTU154:1.0)HTU164:2.0)HTU102:1.0)HTU104:5.0)HTU106:4.0)HTU108:0.0)HTU109:4.0)HTU111:0.0)HTU112:3.0)HTU114:3.0)HTU116:2.0)HTU119:2.0)HTU120:1.0)HTU122:0.0)HTU124:6.0)HTU127:1.0)HTU129:3.0)HTU130:2.0,(Pteria_hirundo:11.0,(Cratis_progressa:15.0,(Isognomon_bicolor_PR33:11.0,(Glycymeris_pilosa_FMNH06:4.0,(Lima_caribaea:9.0,(Striarca_olivacea:13.0,(Glycymeris_ovatus_CL02:2.0,(Glycymeris_glycymeris_MNHN120:0.0,(Bentharca_asperula_USNM68:7.0,(Isognomon_alatus_PR44:10.0,(Atrina_rigida:4.0,(Striarca_sp_MNHN101:8.0,(Empleconia_vaginatus_FMNH05:7.0,Glycymeris_grayana_AU14:6.0)HTU103:2.0)HTU105:9.0)HTU107:0.0)HTU110:11.0)HTU113:6.0)HTU115:0.0)HTU117:8.0)HTU121:1.0)HTU123:1.0)HTU125:1.0)HTU128:4.0)HTU131:0.0)HTU132:1.0)HTU133:0.0)HTU134:0.0)HTU135:3.0)HTU136:2.0)HTU137:6.0)HTU138:3.0)HTU139:5.0)HTU140:1.0)HTU141:3.0)HTU142:4.0)HTU143:0.0)HTU144:3.0)HTU145:0.0)HTU146:2.0)HTU147:4.0)HTU148:2.0)HTU149:3.0)HTU150:1.0)HTU151:2.0)HTU152:13.0)HTU153:1.0)HTU155:2.0)HTU156:1.0)HTU157:3.0)HTU158:6.0)HTU159:0.0)HTU160:3.0)HTU161:1.0,((Lissarca_rubrofusca_USNM17:11.0,((Limopsis_tenisoni_AU29:5.0,(Limopsis_marionensis:4.0,Limopsis_soboles_AU39:1.0)HTU182:2.0)HTU180:1.0,(Limopsis_woodwardi_AU26:1.0,(Chama_sp_PR41:12.0,((((((Bentharca_nodulosa:6.0,Litharca_lithodomus:5.0)HTU176:2.0,(Fugleria_illota:3.0,(Barbatia_foliata:2.0,Barbatia_reeveana:2.0)HTU195:4.0)HTU190:1.0)HTU175:3.0,(Arcopsis_adamsi:4.0,(Sheldonella_repenta_AU33:3.0,(Arcopsis_afra:2.0,Arcopsis_solida:3.0)HTU196:3.0)HTU189:3.0)HTU194:9.0)HTU168:3.0,((Axinactis_Glycymerella_americana_USNM22:2.0,(Tucetona_pectunculus:2.0,(Glycymeris_holosericus_AU13:0.0,Glycymeris_reevei:4.0)HTU188:2.0)HTU183:0.0)HTU178:12.0,((Cucullaea_labiata:2.0,Parallelodontinae:1.0)HTU187:5.0,(Scaphula_deltae_BMNH16:2.0,Scaphula_pinna_BM17:0.0)HTU193:2.0)HTU192:4.0)HTU173:2.0)HTU167:4.0,(Bathyarca_sp_A:6.0,(Limaria_pellucida:2.0,(Lithophaga_plumula:0.0,(Pinctada_mazatlantica_CR49:7.0,(Brachidontes_domingensis_PR26:6.0,Lithophaga_aristata:2.0)HTU186:4.0)HTU179:3.0)HTU197:1.0)HTU174:6.0)HTU170:4.0)HTU166:2.0,(Anadara_ovalis:7.0,Senilia_senilis_FMNH20:5.0)HTU184:4.0)HTU169:0.0)HTU171:6.0)HTU191:2.0)HTU172:6.0)HTU177:3.0,(Philobrya_setosa_USNM41:6.0,Philobrya_sublaevis_USNM27:1.0)HTU185:4.0)HTU181:1.0)HTU165:1.0)HTU198:0.0)HTU100[1248.0];
(Adacnarca_limopsoides_USNM21:0.0,(Bathyarca_perversidens_AU36:19.0,((Malleus_candeanus_PR31:15.0,(Cosa_costata:2.0,(Cosa_waikikia:2.0,(Tucetona_gealei_MNHN113:9.0,(Lissarca_picta:11.0,(Trisidos_tortuosa_AU102:11.0,(Cosa_scabra_AU155:10.0,(Glycymeris_scripta_FMNH17:8.0,(Anadara_geissei_CV01:9.0,(Pinna_carnea_PR24:18.0,(Glycymeris_crebreliratus_AU40:4.0,(Axinactis_inaequalis:5.0,(Nipponarca_bistrigata:8.0,(Mytilid_sp:4.0,(Axinactis_Glycymerella_americana_USNM22:4.0,(Hochstetteria_munita_USNM47:17.0,(Noetia_ponderosa_FLA01:13.0,(Bathyarca_sp_Brasil:12.0,(Glycymeris_striatularis:4.0,(Striarca_interplicata_USNM49:5.0,(Lima_lima:7.0,(Limopsis_forteradiata_AU01:4.0,(Lissarca_notarcadensis_USNM14:10.0,(Pteria_colymbus_PR37:12.0,(Chama_frondosa_CR52:9.0,(Aupouria_parvula:6.0,(Melaxinaea_labyrintha:9.0,((Scaphula_celox_:5.0,(Bentharca_nodulosa:3.0,(Tucetona_flabellata:10.0,(Bentharca_xenophoricola_FMNH13:8.0,(Hyotissa_hyotis_CR48:10.0,(Glycymeris_lividus_cf_MNHN28:5.0,(Grammatodontinae:3.0,(Barbatia_tenera:6.0,(Cosa_parallelogramma_USNM26:12.0,(Trisidos_semitorta_AU44:8.0,(Limopsis_loringi_AU11:12.0,(Stenocista_gambiensis_MNHN117:1.0,(Arcopsis_adamsi:6.0,(((Anadara_transversa:10.0,Limopsis_diegensis:5.0)HTU125:2.0,(Micromytilus_crenulatifera_AU140:4.0,(Notomytilus_rubra:2.0,(Anadara_floridana:19.0,Neocardia_sp_A_USNM15:4.0)HTU118:1.0)HTU161:2.0)HTU162:7.0)HTU101:5.0,(Barbatia_candida_PR04:2.0,(Barbatia_domingensis:6.0,Barbatia_lacerata:2.0)HTU154:1.0)HTU163:11.0)HTU102:1.0)HTU104:1.0)HTU106:3.0)HTU108:2.0)HTU110:4.0)HTU113:2.0)HTU115:1.0)HTU119:2.0)HTU120:0.0)HTU122:0.0)HTU124:2.0)HTU127:2.0)HTU128:1.0)HTU129:1.0,(Pteria_hirundo:6.0,(Cratis_progressa:17.0,(Isognomon_bicolor_PR33:6.0,(Lima_caribaea:3.0,(Striarca_olivacea:13.0,(Glycymeris_ovatus_CL02:2.0,(Glycymeris_glycymeris_MNHN120:1.0,(Bentharca_asperula_USNM68:5.0,(Philobrya_setosa_USNM41:10.0,(Isognomon_alatus_PR44:13.0,(Arcopsis_afra:19.0,(Atrina_rigida:12.0,(Scaphula_pinna_BM17:6.0,(Glycymeris_grayana_AU14:3.0,Striarca_sp_MNHN101:7.0)HTU103:5.0)HTU105:1.0)HTU107:3.0)HTU109:2.0)HTU111:1.0)HTU112:9.0)HTU114:6.0)HTU116:0.0)HTU117:7.0)HTU121:6.0)HTU123:1.0)HTU126:5.0)HTU130:0.0)HTU131:6.0)HTU132:2.0)HTU133:0.0)HTU134:3.0)HTU135:1.0)HTU136:6.0)HTU137:3.0)HTU138:5.0)HTU139:1.0)HTU140:3.0)HTU141:5.0)HTU142:0.0)HTU143:2.0)HTU144:3.0)HTU145:0.0)HTU146:2.0)HTU147:3.0)HTU148:2.0)HTU149:4.0)HTU150:2.0)HTU151:2.0)HTU152:5.0)HTU153:2.0)HTU155:1.0)HTU156:3.0)HTU157:9.0)HTU158:0.0)HTU159:5.0)HTU160:2.0,(Philobrya_sublaevis_USNM27:5.0,(Adacnarca_nitens:3.0,(Lissarca_rubrofusca_USNM17:8.0,((Empleconia_vaginatus_FMNH05:3.0,(Limopsis_tenisoni_AU29:5.0,(Limopsis_marionensis:4.0,Limopsis_soboles_AU39:1.0)HTU182:2.0)HTU179:2.0)HTU178:3.0,((Chama_sp_PR41:10.0,(((((Litharca_lithodomus:6.0,(Fugleria_illota:4.0,(Barbatia_amygdalumtostum:5.0,(Barbatia_foliata:1.0,Barbatia_reeveana:5.0)HTU194:0.0)HTU195:4.0)HTU190:3.0)HTU174:2.0,(Arcopsis_solida:3.0,Sheldonella_repenta_AU33:4.0)HTU189:7.0)HTU167:4.0,((Tucetona_pectunculus:3.0,((Glycymeris_pilosa_FMNH06:4.0,Glycymeris_reevei:3.0)HTU185:0.0,(Glycymeris_formosus:1.0,Glycymeris_holosericus_AU13:2.0)HTU193:0.0)HTU188:2.0)HTU183:12.0,(Scaphula_deltae_BMNH16:4.0,(Cucullaea_labiata:2.0,Parallelodontinae:1.0)HTU187:5.0)HTU192:4.0)HTU172:2.0)HTU166:3.0,(Bathyarca_sp_A:7.0,(Limaria_pellucida:1.0,(Lithophaga_plumula:0.0,(Isognomon_radiatus_PR29:3.0,(Pinctada_mazatlantica_CR49:6.0,(Brachidontes_domingensis_PR26:5.0,Lithophaga_aristata:2.0)HTU186:6.0)HTU177:2.0)HTU175:1.0)HTU197:1.0)HTU173:8.0)HTU169:2.0)HTU165:3.0,(Anadara_ovalis:6.0,Senilia_senilis_FMNH20:5.0)HTU184:5.0)HTU168:1.0)HTU170:2.0,(Limopsis_aurita_BMNH07:2.0,Limopsis_woodwardi_AU26:3.0)HTU196:2.0)HTU191:1.0)HTU171:7.0)HTU176:5.0)HTU180:0.0)HTU181:2.0)HTU164:1.0)HTU198:0.0)HTU100[1243.0];
(Adacnarca_limopsoides_USNM21:0.0,(Bathyarca_perversidens_AU36:18.0,((Malleus_candeanus_PR31:14.0,(Cosa_costata:2.0,(Cosa_waikikia:2.0,(Tucetona_gealei_MNHN113:16.0,(Lissarca_picta:6.0,(Trisidos_tortuosa_AU102:19.0,(Adacnarca_nitens:3.0,(Cosa_scabra_AU155:4.0,(Glycymeris_scripta_FMNH17:8.0,(Anadara_geissei_CV01:10.0,(Pinna_carnea_PR24:18.0,(Glycymeris_crebreliratus_AU40:4.0,(Axinactis_inaequalis:5.0,(Nipponarca_bistrigata:7.0,(Mytilid_sp:4.0,(Axinactis_Glycymerella_americana_USNM22:2.0,(Hochstetteria_munita_USNM47:15.0,(Noetia_ponderosa_FLA01:11.0,(Glycymeris_striatularis:4.0,(Striarca_interplicata_USNM49:6.0,(Limopsis_forteradiata_AU01:6.0,(Pteria_colymbus_PR37:16.0,(Aupouria_parvula:6.0,(Melaxinaea_labyrintha:10.0,((Scaphula_celox_:6.0,(Tucetona_flabellata:9.0,(Bentharca_xenophoricola_FMNH13:9.0,(Hyotissa_hyotis_CR48:10.0,(Glycymeris_lividus_cf_MNHN28:5.0,(Grammatodontinae:3.0,(Barbatia_tenera:7.0,(Cosa_parallelogramma_USNM26:12.0,(Limopsis_aurita_BMNH07:5.0,(Trisidos_semitorta_AU44:10.0,(Limopsis_loringi_AU11:11.0,(Stenocista_gambiensis_MNHN117:3.0,(Barbatia_amygdalumtostum:4.0,(((Anadara_ovalis:8.0,(Anadara_transversa:9.0,Limopsis_diegensis:9.0)HTU128:2.0)HTU161:2.0,(Micromytilus_crenulatifera_AU140:5.0,(Notomytilus_rubra:2.0,(Anadara_floridana:19.0,Neocardia_sp_A_USNM15:4.0)HTU119:1.0)HTU160:2.0)HTU162:7.0)HTU101:12.0,(Barbatia_domingensis:4.0,Barbatia_lacerata:4.0)HTU152:0.0)HTU102:1.0)HTU103:5.0)HTU105:2.0)HTU107:0.0)HTU109:4.0)HTU113:0.0)HTU114:1.0)HTU116:1.0)HTU120:1.0)HTU122:1.0)HTU124:0.0)HTU126:3.0)HTU130:2.0)HTU131:0.0,(Pteria_hirundo:11.0,(Cratis_progressa:15.0,(Isognomon_bicolor_PR33:11.0,(Glycymeris_pilosa_FMNH06:7.0,(Lima_caribaea:8.0,(Striarca_olivacea:4.0,(Sheldonella_repenta_AU33:4.0,(Glycymeris_ovatus_CL02:1.0,(Glycymeris_glycymeris_MNHN120:1.0,(Bentharca_asperula_USNM68:2.0,(Barbatia_foliata:7.0,(Philobrya_setosa_USNM41:7.0,(Isognomon_alatus_PR44:12.0,(Arcopsis_afra:13.0,(Atrina_rigida:11.0,(Glycymeris_grayana_AU14:5.0,Striarca_sp_MNHN101:5.0)HTU104:3.0)HTU106:2.0)HTU108:2.0)HTU110:1.0)HTU111:7.0)HTU112:5.0)HTU115:7.0)HTU117:1.0)HTU118:11.0)HTU121:3.0)HTU123:4.0)HTU125:3.0)HTU127:0.0)HTU129:6.0)HTU132:0.0)HTU133:1.0)HTU134:0.0)HTU135:0.0)HTU136:1.0)HTU137:3.0)HTU138:2.0)HTU139:1.0)HTU140:1.0)HTU141:1.0)HTU142:2.0)HTU143:0.0)HTU144:3.0)HTU145:3.0)HTU146:2.0)HTU147:4.0)HTU148:1.0)HTU149:2.0)HTU150:13.0)HTU151:1.0)HTU153:2.0)HTU154:1.0)HTU155:3.0)HTU156:6.0)HTU157:0.0)HTU158:3.0)HTU159:1.0,(Philobrya_sublaevis_USNM27:5.0,(((Empleconia_vaginatus_FMNH05:4.0,(Limopsis_tenisoni_AU29:5.0,(Limopsis_marionensis:4.0,Limopsis_soboles_AU39:1.0)HTU184:2.0)HTU181:2.0)HTU180:1.0,(Limopsis_woodwardi_AU26:4.0,(((((((Bentharca_nodulosa:6.0,Litharca_lithodomus:5.0)HTU176:1.0,(Fugleria_illota:4.0,(Barbatia_candida_PR04:5.0,Barbatia_reeveana:0.0)HTU178:6.0)HTU191:3.0)HTU174:0.0,(Arcopsis_adamsi:4.0,Arcopsis_solida:2.0)HTU195:9.0)HTU166:6.0,((Tucetona_pectunculus:2.0,(Glycymeris_reevei:4.0,(Glycymeris_formosus:2.0,Glycymeris_holosericus_AU13:2.0)HTU196:0.0)HTU190:2.0)HTU185:13.0,((Cucullaea_labiata:2.0,Parallelodontinae:1.0)HTU189:6.0,(Scaphula_deltae_BMNH16:2.0,Scaphula_pinna_BM17:0.0)HTU194:2.0)HTU193:4.0)HTU171:1.0)HTU165:2.0,(Bathyarca_sp_A:6.0,((Lima_lima:0.0,Limaria_pellucida:0.0)HTU173:4.0,(Lithophaga_plumula:0.0,(Isognomon_radiatus_PR29:2.0,(Pinctada_mazatlantica_CR49:7.0,(Brachidontes_domingensis_PR26:6.0,Lithophaga_aristata:2.0)HTU188:6.0)HTU179:3.0)HTU175:2.0)HTU197:3.0)HTU172:10.0)HTU168:4.0)HTU164:1.0,(Bathyarca_sp_Brasil:5.0,Senilia_senilis_FMNH20:8.0)HTU186:2.0)HTU167:1.0,(Chama_frondosa_CR52:1.0,Chama_sp_PR41:3.0)HTU187:9.0)HTU169:3.0)HTU192:2.0)HTU170:7.0,(Lissarca_notarcadensis_USNM14:1.0,Lissarca_rubrofusca_USNM17:6.0)HTU182:5.0)HTU177:3.0)HTU183:1.0)HTU163:1.0)HTU198:0.0)HTU100[1240.0];
(Adacnarca_limopsoides_USNM21:0.0,(Bathyarca_perversidens_AU36:19.0,((Malleus_candeanus_PR31:16.0,(Cosa_costata:2.0,(Cosa_waikikia:2.0,(Tucetona_gealei_MNHN113:9.0,(Lissarca_picta:11.0,(Trisidos_tortuosa_AU102:11.0,(Cosa_scabra_AU155:10.0,(Glycymeris_scripta_FMNH17:7.0,(Anadara_geissei_CV01:9.0,(Pinna_carnea_PR24:18.0,(Glycymeris_crebreliratus_AU40:3.0,(Axinactis_inaequalis:5.0,(Nipponarca_bistrigata:6.0,(Mytilid_sp:4.0,(Hochstetteria_munita_USNM47:15.0,(Noetia_ponderosa_FLA01:12.0,(Bathyarca_sp_Brasil:8.0,(Glycymeris_striatularis:3.0,(Striarca_interplicata_USNM49:6.0,(Limopsis_forteradiata_AU01:3.0,(Lissarca_notarcadensis_USNM14:9.0,(Pteria_colymbus_PR37:17.0,(Aupouria_parvula:6.0,(Melaxinaea_labyrintha:9.0,((Scaphula_celox_:7.0,(Tucetona_flabellata:3.0,(Glycymeris_formosus:2.0,(Bentharca_xenophoricola_FMNH13:10.0,(Hyotissa_hyotis_CR48:10.0,(Glycymeris_lividus_cf_MNHN28:5.0,(Grammatodontinae:3.0,(Barbatia_tenera:7.0,(Cosa_parallelogramma_USNM26:13.0,(Trisidos_semitorta_AU44:8.0,(Limopsis_loringi_AU11:14.0,(Stenocista_gambiensis_MNHN117:2.0,(Arcopsis_adamsi:8.0,(Barbatia_amygdalumtostum:5.0,(((Anadara_ovalis:8.0,(Anadara_transversa:9.0,Limopsis_diegensis:9.0)HTU125:2.0)HTU160:2.0,(Micromytilus_crenulatifera_AU140:5.0,(Notomytilus_rubra:2.0,(Anadara_floridana:19.0,Neocardia_sp_A_USNM15:5.0)HTU119:1.0)HTU159:2.0)HTU161:7.0)HTU101:12.0,(Barbatia_candida_PR04:3.0,(Barbatia_domingensis:6.0,Barbatia_lacerata:2.0)HTU152:2.0)HTU162:2.0)HTU102:0.0)HTU104:5.0)HTU106:2.0)HTU108:5.0)HTU110:1.0)HTU112:4.0)HTU114:2.0)HTU116:1.0)HTU120:2.0)HTU121:1.0)HTU123:0.0)HTU124:6.0)HTU126:1.0)HTU128:3.0)HTU129:2.0,(Pteria_hirundo:8.0,(Cratis_progressa:15.0,(Lithophaga_plumula:1.0,(Isognomon_bicolor_PR33:8.0,(Striarca_olivacea:14.0,(Glycymeris_ovatus_CL02:3.0,(Glycymeris_glycymeris_MNHN120:0.0,(Bentharca_asperula_USNM68:7.0,(Isognomon_alatus_PR44:16.0,(Arcopsis_afra:18.0,(Atrina_rigida:14.0,(Scaphula_pinna_BM17:7.0,(Striarca_sp_MNHN101:7.0,(Empleconia_vaginatus_FMNH05:6.0,Glycymeris_grayana_AU14:6.0)HTU103:2.0)HTU105:3.0)HTU107:2.0)HTU109:2.0)HTU111:2.0)HTU113:7.0)HTU115:4.0)HTU117:0.0)HTU118:6.0)HTU122:5.0)HTU127:0.0)HTU130:0.0)HTU131:0.0)HTU132:5.0)HTU133:0.0)HTU134:0.0)HTU135:2.0)HTU136:3.0)HTU137:3.0)HTU138:1.0)HTU139:1.0)HTU140:5.0)HTU141:0.0)HTU142:3.0)HTU143:0.0)HTU144:2.0)HTU145:4.0)HTU146:2.0)HTU147:3.0)HTU148:2.0)HTU149:2.0)HTU150:5.0)HTU151:2.0)HTU153:1.0)HTU154:3.0)HTU155:9.0)HTU156:0.0)HTU157:4.0)HTU158:2.0,((Adacnarca_nitens:2.0,(Lissarca_rubrofusca_USNM17:8.0,((Limopsis_tenisoni_AU29:5.0,(Limopsis_marionensis:4.0,Limopsis_soboles_AU39:1.0)HTU184:2.0)HTU180:2.0,(((Senilia_senilis_FMNH20:8.0,(((((Bentharca_nodulosa:6.0,Litharca_lithodomus:4.0)HTU176:1.0,(Fugleria_illota:4.0,(Barbatia_foliata:2.0,Barbatia_reeveana:2.0)HTU196:2.0)HTU193:2.0)HTU174:1.0,(Arcopsis_solida:2.0,Sheldonella_repenta_AU33:4.0)HTU192:7.0)HTU166:6.0,((Axinactis_Glycymerella_americana_USNM22:1.0,(Tucetona_pectunculus:2.0,(Glycymeris_holosericus_AU13:0.0,(Glycymeris_pilosa_FMNH06:3.0,Glycymeris_reevei:3.0)HTU188:1.0)HTU191:1.0)HTU185:0.0)HTU178:12.0,(Scaphula_deltae_BMNH16:4.0,(Cucullaea_labiata:2.0,Parallelodontinae:1.0)HTU190:4.0)HTU195:4.0)HTU171:1.0)HTU165:2.0,(Bathyarca_sp_A:6.0,((Lima_lima:0.0,(Lima_caribaea:0.0,Limaria_pellucida:0.0)HTU181:0.0)HTU173:4.0,(Isognomon_radiatus_PR29:1.0,(Pinctada_mazatlantica_CR49:6.0,(Brachidontes_domingensis_PR26:5.0,Lithophaga_aristata:2.0)HTU189:6.0)HTU179:3.0)HTU175:4.0)HTU172:10.0)HTU168:1.0)HTU164:3.0)HTU167:2.0,(Chama_frondosa_CR52:1.0,Chama_sp_PR41:3.0)HTU187:7.0)HTU169:5.0,(Limopsis_aurita_BMNH07:2.0,Limopsis_woodwardi_AU26:3.0)HTU197:0.0)HTU194:1.0)HTU170:8.0)HTU177:6.0)HTU182:0.0,(Philobrya_setosa_USNM41:5.0,Philobrya_sublaevis_USNM27:2.0)HTU186:3.0)HTU183:2.0)HTU163:0.0)HTU198:0.0)HTU100[1235.0];
(Adacnarca_limopsoides_USNM21:0.0,(Bathyarca_perversidens_AU36:17.0,((Malleus_candeanus_PR31:14.0,(Cosa_costata:2.0,(Cosa_waikikia:2.0,(Tucetona_gealei_MNHN113:16.0,(Lissarca_picta:6.0,(Trisidos_tortuosa_AU102:19.0,(Adacnarca_nitens:3.0,(Cosa_scabra_AU155:4.0,(Glycymeris_scripta_FMNH17:8.0,(Anadara_geissei_CV01:10.0,(Pinna_carnea_PR24:18.0,(Glycymeris_crebreliratus_AU40:4.0,(Axinactis_inaequalis:5.0,(Nipponarca_bistrigata:7.0,(Mytilid_sp:4.0,(Axinactis_Glycymerella_americana_USNM22:2.0,(Hochstetteria_munita_USNM47:15.0,(Noetia_ponderosa_FLA01:10.0,(Glycymeris_striatularis:5.0,(Striarca_interplicata_USNM49:5.0,(Lima_lima:6.0,(Limopsis_forteradiata_AU01:7.0,(Pteria_colymbus_PR37:12.0,(Chama_frondosa_CR52:9.0,(Aupouria_parvula:7.0,(Melaxinaea_labyrintha:10.0,((Scaphula_celox_:6.0,(Tucetona_flabellata:9.0,(Bentharca_xenophoricola_FMNH13:9.0,(Hyotissa_hyotis_CR48:10.0,(Glycymeris_lividus_cf_MNHN28:5.0,(Grammatodontinae:3.0,(Barbatia_tenera:7.0,(Cosa_parallelogramma_USNM26:16.0,(Trisidos_semitorta_AU44:8.0,(Limopsis_loringi_AU11:16.0,(Stenocista_gambiensis_MNHN117:4.0,(Barbatia_amygdalumtostum:4.0,(((Anadara_ovalis:8.0,(Anadara_transversa:9.0,Limopsis_diegensis:9.0)HTU125:2.0)HTU160:2.0,(Micromytilus_crenulatifera_AU140:5.0,(Notomytilus_rubra:2.0,(Anadara_floridana:19.0,Neocardia_sp_A_USNM15:5.0)HTU117:1.0)HTU159:2.0)HTU161:7.0)HTU101:12.0,(Barbatia_candida_PR04:3.0,(Barbatia_domingensis:6.0,Barbatia_lacerata:2.0)HTU151:2.0)HTU162:2.0)HTU102:1.0)HTU104:6.0)HTU106:4.0)HTU108:1.0)HTU109:4.0)HTU112:1.0)HTU114:1.0)HTU118:2.0)HTU120:1.0)HTU122:0.0)HTU123:3.0)HTU127:2.0)HTU128:0.0,(Pteria_hirundo:11.0,(Cratis_progressa:15.0,(Isognomon_bicolor_PR33:11.0,(Glycymeris_pilosa_FMNH06:6.0,(Striarca_olivacea:5.0,(Sheldonella_repenta_AU33:4.0,(Glycymeris_ovatus_CL02:1.0,(Glycymeris_glycymeris_MNHN120:1.0,(Bentharca_asperula_USNM68:3.0,(Barbatia_foliata:7.0,(Isognomon_alatus_PR44:7.0,(Atrina_rigida:4.0,(Striarca_sp_MNHN101:8.0,(Empleconia_vaginatus_FMNH05:7.0,Glycymeris_grayana_AU14:6.0)HTU103:2.0)HTU105:8.0)HTU107:2.0)HTU110:12.0)HTU111:5.0)HTU113:6.0)HTU115:1.0)HTU116:10.0)HTU119:3.0)HTU121:3.0)HTU124:3.0)HTU126:5.0)HTU129:0.0)HTU130:0.0)HTU131:0.0)HTU132:0.0)HTU133:3.0)HTU134:1.0)HTU135:4.0)HTU136:5.0)HTU137:2.0)HTU138:1.0)HTU139:1.0)HTU140:2.0)HTU141:2.0)HTU142:0.0)HTU143:3.0)HTU144:3.0)HTU145:2.0)HTU146:4.0)HTU147:1.0)HTU148:2.0)HTU149:13.0)HTU150:1.0)HTU152:2.0)HTU153:1.0)HTU154:3.0)HTU155:6.0)HTU156:0.0)HTU157:3.0)HTU158:2.0,((((Limopsis_tenisoni_AU29:5.0,(Limopsis_marionensis:4.0,Limopsis_soboles_AU39:1.0)HTU182:2.0)HTU178:2.0,((Chama_sp_PR41:13.0,((((((Bentharca_nodulosa:7.0,Litharca_lithodomus:5.0)HTU175:1.0,(Barbatia_reeveana:6.0,Fugleria_illota:4.0)HTU189:3.0)HTU173:0.0,(Arcopsis_adamsi:4.0,(Arcopsis_afra:2.0,Arcopsis_solida:2.0)HTU196:3.0)HTU193:10.0)HTU166:6.0,((Tucetona_pectunculus:3.0,(Glycymeris_reevei:4.0,(Glycymeris_formosus:2.0,Glycymeris_holosericus_AU13:2.0)HTU194:0.0)HTU188:2.0)HTU183:13.0,((Cucullaea_labiata:2.0,Parallelodontinae:1.0)HTU187:6.0,(Scaphula_deltae_BMNH16:2.0,Scaphula_pinna_BM17:0.0)HTU192:2.0)HTU191:4.0)HTU171:2.0)HTU165:2.0,(Bathyarca_sp_A:7.0,((Lima_caribaea:0.0,Limaria_pellucida:1.0)HTU180:4.0,(Lithophaga_plumula:0.0,(Isognomon_radiatus_PR29:2.0,(Pinctada_mazatlantica_CR49:7.0,(Brachidontes_domingensis_PR26:6.0,Lithophaga_aristata:2.0)HTU186:6.0)HTU177:4.0)HTU174:2.0)HTU197:3.0)HTU172:10.0)HTU168:4.0)HTU164:1.0,(Bathyarca_sp_Brasil:5.0,Senilia_senilis_FMNH20:9.0)HTU184:2.0)HTU167:1.0)HTU169:3.0,(Limopsis_aurita_BMNH07:3.0,Limopsis_woodwardi_AU26:3.0)HTU195:0.0)HTU190:1.0)HTU170:7.0,(Lissarca_notarcadensis_USNM14:1.0,Lissarca_rubrofusca_USNM17:6.0)HTU179:4.0)HTU176:3.0,(Philobrya_setosa_USNM41:5.0,Philobrya_sublaevis_USNM27:2.0)HTU185:4.0)HTU181:1.0)HTU163:1.0)HTU198:0.0)HTU100[1221.0];
(Adacnarca_limopsoides_USNM21:0.0,(Bathyarca_perversidens_AU36:19.0,((Malleus_candeanus_PR31:16.0,(Cosa_costata:2.0,(Cosa_waikikia:2.0,(Tucetona_gealei_MNHN113:9.0,(Lissarca_picta:11.0,(Trisidos_tortuosa_AU102:11.0,(Cosa_scabra_AU155:10.0,(Glycymeris_scripta_FMNH17:7.0,(Anadara_geissei_CV01:9.0,(Pinna_carnea_PR24:18.0,(Glycymeris_crebreliratus_AU40:3.0,(Axinactis_inaequalis:5.0,(Nipponarca_bistrigata:6.0,(Mytilid_sp:4.0,(Hochstetteria_munita_USNM47:15.0,(Noetia_ponderosa_FLA01:12.0,(Bathyarca_sp_Brasil:8.0,(Glycymeris_striatularis:4.0,(Striarca_interplicata_USNM49:4.0,(Lima_lima:7.0,(Limopsis_forteradiata_AU01:3.0,(Lissarca_notarcadensis_USNM14:10.0,(Pteria_colymbus_PR37:13.0,(Chama_frondosa_CR52:9.0,(Aupouria_parvula:7.0,(Melaxinaea_labyrintha:8.0,((Cucullaea_labiata:10.0,(Scaphula_celox_:1.0,(Bentharca_nodulosa:3.0,(Tucetona_flabellata:2.0,(Glycymeris_formosus:2.0,(Bentharca_xenophoricola_FMNH13:9.0,(Hyotissa_hyotis_CR48:10.0,(Glycymeris_lividus_cf_MNHN28:4.0,(Grammatodontinae:4.0,(Isognomon_radiatus_PR29:13.0,(Barbatia_tenera:4.0,(Cosa_parallelogramma_USNM26:16.0,(Trisidos_semitorta_AU44:9.0,(Limopsis_loringi_AU11:14.0,(Stenocista_gambiensis_MNHN117:4.0,(Barbatia_amygdalumtostum:8.0,(Barbatia_lacerata:2.0,((Anadara_transversa:8.0,Limopsis_diegensis:6.0)HTU123:1.0,(Micromytilus_crenulatifera_AU140:4.0,(Notomytilus_rubra:2.0,(Anadara_floridana:20.0,Neocardia_sp_A_USNM15:4.0)HTU116:1.0)HTU160:2.0)HTU161:8.0)HTU101:8.0)HTU102:1.0)HTU104:3.0)HTU106:4.0)HTU108:2.0)HTU109:4.0)HTU110:3.0)HTU112:3.0)HTU114:2.0)HTU117:2.0)HTU118:1.0)HTU120:0.0)HTU121:5.0)HTU124:1.0)HTU126:6.0)HTU127:2.0)HTU128:1.0)HTU130:4.0,(Pteria_hirundo:9.0,(Cratis_progressa:17.0,(Lithophaga_plumula:0.0,(Isognomon_bicolor_PR33:9.0,(Glycymeris_pilosa_FMNH06:0.0,(Striarca_olivacea:19.0,(Glycymeris_ovatus_CL02:2.0,(Glycymeris_glycymeris_MNHN120:0.0,(Bentharca_asperula_USNM68:7.0,(Atrina_rigida:13.0,(Striarca_sp_MNHN101:7.0,(Empleconia_vaginatus_FMNH05:7.0,Glycymeris_grayana_AU14:4.0)HTU103:2.0)HTU105:1.0)HTU107:4.0)HTU111:3.0)HTU113:0.0)HTU115:3.0)HTU119:0.0)HTU122:8.0)HTU125:0.0)HTU129:1.0)HTU131:1.0)HTU132:3.0)HTU133:1.0)HTU134:0.0)HTU135:3.0)HTU136:1.0)HTU137:6.0)HTU138:3.0)HTU139:5.0)HTU140:1.0)HTU141:3.0)HTU142:4.0)HTU143:0.0)HTU144:3.0)HTU145:0.0)HTU146:2.0)HTU147:4.0)HTU148:2.0)HTU149:3.0)HTU150:2.0)HTU151:2.0)HTU152:5.0)HTU153:2.0)HTU154:1.0)HTU155:3.0)HTU156:9.0)HTU157:0.0)HTU158:4.0)HTU159:2.0,((Adacnarca_nitens:2.0,(Lissarca_rubrofusca_USNM17:8.0,((Limopsis_tenisoni_AU29:5.0,(Limopsis_marionensis:4.0,Limopsis_soboles_AU39:1.0)HTU182:2.0)HTU177:2.0,((Chama_sp_PR41:10.0,(((((Litharca_lithodomus:5.0,((Barbatia_domingensis:7.0,Fugleria_illota:2.0)HTU194:4.0,(Barbatia_foliata:0.0,(Barbatia_candida_PR04:3.0,Barbatia_reeveana:2.0)HTU175:2.0)HTU195:4.0)HTU189:3.0)HTU172:4.0,(Arcopsis_adamsi:3.0,(Sheldonella_repenta_AU33:3.0,(Arcopsis_afra:2.0,Arcopsis_solida:2.0)HTU197:3.0)HTU188:3.0)HTU193:8.0)HTU165:3.0,((Axinactis_Glycymerella_americana_USNM22:1.0,(Tucetona_pectunculus:2.0,(Glycymeris_holosericus_AU13:0.0,Glycymeris_reevei:3.0)HTU187:2.0)HTU183:0.0)HTU174:6.0,(Parallelodontinae:5.0,(Scaphula_deltae_BMNH16:1.0,Scaphula_pinna_BM17:0.0)HTU192:1.0)HTU191:3.0)HTU170:6.0)HTU164:3.0,(Bathyarca_sp_A:6.0,(((Isognomon_alatus_PR44:1.0,Pinctada_mazatlantica_CR49:4.0)HTU178:4.0,(Brachidontes_domingensis_PR26:5.0,Lithophaga_aristata:2.0)HTU186:4.0)HTU176:4.0,(Lima_caribaea:0.0,Limaria_pellucida:0.0)HTU179:2.0)HTU171:11.0)HTU167:2.0)HTU163:3.0,(Anadara_ovalis:6.0,Senilia_senilis_FMNH20:5.0)HTU184:4.0)HTU166:1.0)HTU168:4.0,(Limopsis_aurita_BMNH07:2.0,Limopsis_woodwardi_AU26:3.0)HTU196:0.0)HTU190:1.0)HTU169:8.0)HTU173:6.0)HTU180:0.0,(Philobrya_setosa_USNM41:5.0,Philobrya_sublaevis_USNM27:2.0)HTU185:3.0)HTU181:2.0)HTU162:0.0)HTU198:0.0)HTU100[1219.0];
(Adacnarca_limopsoides_USNM21:0.0,(Bathyarca_perversidens_AU36:18.0,((Malleus_candeanus_PR31:14.0,(Cosa_costata:2.0,(Cosa_waikikia:2.0,(Tucetona_gealei_MNHN113:16.0,(Lissarca_picta:6.0,(Trisidos_tortuosa_AU102:19.0,(Adacnarca_nitens:3.0,(Cosa_scabra_AU155:4.0,(Glycymeris_scripta_FMNH17:8.0,(Anadara_geissei_CV01:10.0,(Pinna_carnea_PR24:18.0,(Glycymeris_crebreliratus_AU40:4.0,(Axinactis_inaequalis:5.0,(Nipponarca_bistrigata:7.0,(Mytilid_sp:4.0,(Axinactis_Glycymerella_americana_USNM22:2.0,(Hochstetteria_munita_USNM47:15.0,(Noetia_ponderosa_FLA01:10.0,(Glycymeris_striatularis:5.0,(Striarca_interplicata_USNM49:5.0,(Lima_lima:7.0,(Limopsis_forteradiata_AU01:4.0,(Pteria_colymbus_PR37:15.0,(Aupouria_parvula:6.0,(Melaxinaea_labyrintha:8.0,((Scaphula_celox_:8.0,(Tucetona_flabellata:3.0,(Glycymeris_formosus:2.0,(Bentharca_xenophoricola_FMNH13:10.0,(Hyotissa_hyotis_CR48:10.0,(Glycymeris_lividus_cf_MNHN28:4.0,(Grammatodontinae:4.0,(Isognomon_radiatus_PR29:13.0,(Barbatia_tenera:4.0,(Cosa_parallelogramma_USNM26:15.0,(Trisidos_semitorta_AU44:10.0,(Limopsis_loringi_AU11:14.0,(Stenocista_gambiensis_MNHN117:4.0,(((Anadara_ovalis:8.0,(Anadara_transversa:10.0,Limopsis_diegensis:8.0)HTU124:2.0)HTU160:2.0,(Micromytilus_crenulatifera_AU140:5.0,(Notomytilus_rubra:2.0,(Anadara_floridana:19.0,Neocardia_sp_A_USNM15:4.0)HTU117:1.0)HTU159:2.0)HTU161:7.0)HTU101:5.0,(Barbatia_domingensis:3.0,Barbatia_lacerata:5.0)HTU151:7.0)HTU102:0.0)HTU104:3.0)HTU106:0.0)HTU107:4.0)HTU111:5.0)HTU113:3.0)HTU115:2.0)HTU118:2.0)HTU119:1.0)HTU121:0.0)HTU122:6.0)HTU125:1.0)HTU127:2.0)HTU128:1.0,(Pteria_hirundo:9.0,(Cratis_progressa:18.0,(Lithophaga_plumula:0.0,(Isognomon_bicolor_PR33:9.0,(Glycymeris_pilosa_FMNH06:0.0,(Striarca_olivacea:19.0,(Glycymeris_ovatus_CL02:2.0,(Glycymeris_glycymeris_MNHN120:0.0,(Bentharca_asperula_USNM68:2.0,(Barbatia_foliata:8.0,(Philobrya_setosa_USNM41:9.0,(Isognomon_alatus_PR44:9.0,(Atrina_rigida:5.0,(Glycymeris_grayana_AU14:4.0,Striarca_sp_MNHN101:7.0)HTU103:12.0)HTU105:1.0)HTU108:6.0)HTU109:8.0)HTU110:4.0)HTU112:7.0)HTU114:0.0)HTU116:3.0)HTU120:0.0)HTU123:8.0)HTU126:0.0)HTU129:2.0)HTU130:0.0)HTU131:4.0)HTU132:0.0)HTU133:1.0)HTU134:2.0)HTU135:2.0)HTU136:4.0)HTU137:1.0)HTU138:1.0)HTU139:1.0)HTU140:2.0)HTU141:2.0)HTU142:0.0)HTU143:3.0)HTU144:3.0)HTU145:2.0)HTU146:4.0)HTU147:1.0)HTU148:2.0)HTU149:13.0)HTU150:1.0)HTU152:2.0)HTU153:1.0)HTU154:3.0)HTU155:6.0)HTU156:0.0)HTU157:3.0)HTU158:1.0,(Philobrya_sublaevis_USNM27:5.0,(((Empleconia_vaginatus_FMNH05:4.0,(Limopsis_tenisoni_AU29:5.0,(Limopsis_marionensis:4.0,Limopsis_soboles_AU39:1.0)HTU182:2.0)HTU178:2.0)HTU177:2.0,((((((((Bentharca_nodulosa:5.0,Litharca_lithodomus:5.0)HTU173:2.0,(Fugleria_illota:2.0,(Barbatia_amygdalumtostum:4.0,(Barbatia_candida_PR04:3.0,Barbatia_reeveana:1.0)HTU175:2.0)HTU195:5.0)HTU190:1.0)HTU172:2.0,(Arcopsis_adamsi:4.0,(Sheldonella_repenta_AU33:3.0,(Arcopsis_afra:2.0,Arcopsis_solida:3.0)HTU197:3.0)HTU189:2.0)HTU194:9.0)HTU165:4.0,((Tucetona_pectunculus:2.0,(Glycymeris_holosericus_AU13:1.0,Glycymeris_reevei:5.0)HTU188:1.0)HTU183:13.0,((Cucullaea_labiata:2.0,Parallelodontinae:1.0)HTU187:6.0,(Scaphula_deltae_BMNH16:2.0,Scaphula_pinna_BM17:0.0)HTU193:2.0)HTU192:4.0)HTU170:1.0)HTU164:3.0,(Bathyarca_sp_A:7.0,((Pinctada_mazatlantica_CR49:8.0,(Brachidontes_domingensis_PR26:6.0,Lithophaga_aristata:2.0)HTU186:4.0)HTU176:5.0,(Lima_caribaea:0.0,Limaria_pellucida:1.0)HTU180:3.0)HTU171:8.0)HTU167:2.0)HTU163:1.0,(Bathyarca_sp_Brasil:6.0,Senilia_senilis_FMNH20:8.0)HTU184:2.0)HTU166:2.0,(Chama_frondosa_CR52:1.0,Chama_sp_PR41:3.0)HTU185:8.0)HTU168:3.0,(Limopsis_aurita_BMNH07:3.0,Limopsis_woodwardi_AU26:3.0)HTU196:3.0)HTU191:1.0)HTU169:7.0,(Lissarca_notarcadensis_USNM14:1.0,Lissarca_rubrofusca_USNM17:6.0)HTU179:4.0)HTU174:4.0)HTU181:1.0)HTU162:1.0)HTU198:0.0)HTU100[1217.0];
(Adacnarca_limopsoides_USNM21:0.0,(Bathyarca_perversidens_AU36:18.0,((Malleus_candeanus_PR31:14.0,(Cosa_costata:2.0,(Cosa_waikikia:2.0,(Tucetona_gealei_MNHN113:16.0,(Lissarca_picta:6.0,(Trisidos_tortuosa_AU102:19.0,(Adacnarca_nitens:3.0,(Cosa_scabra_AU155:4.0,(Glycymeris_scripta_FMNH17:7.0,(Anadara_geissei_CV01:10.0,(Pinna_carnea_PR24:18.0,(Glycymeris_crebreliratus_AU40:3.0,(Axinactis_inaequalis:5.0,(Nipponarca_bistrigata:6.0,(Mytilid_sp:4.0,(Hochstetteria_munita_USNM47:14.0,(Noetia_ponderosa_FLA01:12.0,(Bathyarca_sp_Brasil:9.0,(Glycymeris_striatularis:4.0,(Striarca_interplicata_USNM49:6.0,(Limopsis_forteradiata_AU01:5.0,(Pteria_colymbus_PR37:16.0,(Aupouria_parvula:6.0,(Melaxinaea_labyrintha:9.0,((Scaphula_celox_:5.0,(Bentharca_nodulosa:3.0,(Tucetona_flabellata:10.0,(Bentharca_xenophoricola_FMNH13:9.0,(Hyotissa_hyotis_CR48:9.0,(Glycymeris_lividus_cf_MNHN28:4.0,(Grammatodontinae:5.0,(Isognomon_radiatus_PR29:12.0,(Barbatia_tenera:6.0,(Cosa_parallelogramma_USNM26:13.0,(Limopsis_aurita_BMNH07:5.0,(Trisidos_semitorta_AU44:15.0,(Limopsis_loringi_AU11:11.0,(Stenocista_gambiensis_MNHN117:3.0,(Arcopsis_adamsi:6.0,(Barbatia_lacerata:7.0,((Anadara_ovalis:7.0,Anadara_transversa:8.0)HTU159:2.0,(Micromytilus_crenulatifera_AU140:5.0,(Notomytilus_rubra:2.0,(Anadara_floridana:20.0,Neocardia_sp_A_USNM15:4.0)HTU119:1.0)HTU158:2.0)HTU160:8.0)HTU101:4.0)HTU102:4.0)HTU105:2.0)HTU106:5.0)HTU108:1.0)HTU110:4.0)HTU112:0.0)HTU113:5.0)HTU115:3.0)HTU117:2.0)HTU120:2.0)HTU122:0.0)HTU124:1.0)HTU126:2.0)HTU128:2.0)HTU129:1.0)HTU130:0.0,(Pteria_hirundo:6.0,(Cratis_progressa:19.0,(Isognomon_bicolor_PR33:6.0,(Lima_caribaea:3.0,(Striarca_olivacea:5.0,(Sheldonella_repenta_AU33:3.0,(Glycymeris_ovatus_CL02:1.0,(Glycymeris_glycymeris_MNHN120:1.0,(Bentharca_asperula_USNM68:4.0,(Barbatia_foliata:5.0,(Arcopsis_afra:6.0,(Atrina_rigida:13.0,(Striarca_sp_MNHN101:3.0,(Empleconia_vaginatus_FMNH05:5.0,Glycymeris_grayana_AU14:5.0)HTU103:3.0)HTU104:1.0)HTU107:6.0)HTU109:2.0)HTU111:6.0)HTU114:4.0)HTU116:1.0)HTU118:12.0)HTU121:2.0)HTU123:10.0)HTU125:2.0)HTU127:7.0)HTU131:0.0)HTU132:4.0)HTU133:2.0)HTU134:0.0)HTU135:1.0)HTU136:4.0)HTU137:1.0)HTU138:1.0)HTU139:3.0)HTU140:0.0)HTU141:4.0)HTU142:0.0)HTU143:2.0)HTU144:4.0)HTU145:1.0)HTU146:3.0)HTU147:1.0)HTU148:2.0)HTU149:13.0)HTU150:1.0)HTU151:2.0)HTU152:1.0)HTU153:3.0)HTU154:6.0)HTU155:0.0)HTU156:3.0)HTU157:1.0,(((((Limopsis_marionensis:3.0,Limopsis_soboles_AU39:3.0)HTU181:1.0,(Limopsis_diegensis:6.0,Limopsis_tenisoni_AU29:7.0)HTU192:1.0)HTU177:1.0,(Limopsis_woodwardi_AU26:3.0,((Senilia_senilis_FMNH20:9.0,(((Arcopsis_solida:7.0,(Litharca_lithodomus:7.0,((Barbatia_domingensis:6.0,Fugleria_illota:3.0)HTU194:0.0,(Barbatia_amygdalumtostum:4.0,(Barbatia_candida_PR04:4.0,Barbatia_reeveana:1.0)HTU175:3.0)HTU196:4.0)HTU189:3.0)HTU172:0.0)HTU164:7.0,((Axinactis_Glycymerella_americana_USNM22:1.0,(Tucetona_pectunculus:2.0,((Glycymeris_pilosa_FMNH06:4.0,Glycymeris_reevei:4.0)HTU185:0.0,(Glycymeris_formosus:2.0,Glycymeris_holosericus_AU13:2.0)HTU195:0.0)HTU188:2.0)HTU182:0.0)HTU174:12.0,((Cucullaea_labiata:2.0,Parallelodontinae:1.0)HTU187:4.0,(Scaphula_deltae_BMNH16:1.0,Scaphula_pinna_BM17:0.0)HTU193:2.0)HTU191:3.0)HTU169:1.0)HTU163:2.0,(Bathyarca_sp_A:7.0,((Lima_lima:0.0,Limaria_pellucida:0.0)HTU171:3.0,(Lithophaga_plumula:0.0,((Isognomon_alatus_PR44:2.0,Pinctada_mazatlantica_CR49:4.0)HTU178:4.0,(Brachidontes_domingensis_PR26:6.0,Lithophaga_aristata:2.0)HTU186:4.0)HTU176:2.0)HTU197:4.0)HTU170:10.0)HTU166:1.0)HTU162:2.0)HTU165:1.0,(Chama_frondosa_CR52:1.0,Chama_sp_PR41:3.0)HTU184:8.0)HTU167:6.0)HTU190:1.0)HTU168:7.0,(Lissarca_notarcadensis_USNM14:1.0,Lissarca_rubrofusca_USNM17:6.0)HTU179:5.0)HTU173:2.0,(Philobrya_setosa_USNM41:6.0,Philobrya_sublaevis_USNM27:1.0)HTU183:4.0)HTU180:1.0)HTU161:1.0)HTU198:0.0)HTU100[1213.0];
(Adacnarca_limopsoides_USNM21:0.0,(Bathyarca_perversidens_AU36:19.0,((Malleus_candeanus_PR31:16.0,(Cosa_costata:2.0,(Cosa_waikikia:2.0,(Tucetona_gealei_MNHN113:9.0,(Lissarca_picta:11.0,(Trisidos_tortuosa_AU102:11.0,(Cosa_scabra_AU155:10.0,(Glycymeris_scripta_FMNH17:8.0,(Anadara_geissei_CV01:9.0,(Pinna_carnea_PR24:18.0,(Glycymeris_crebreliratus_AU40:4.0,(Axinactis_inaequalis:5.0,(Nipponarca_bistrigata:8.0,(Mytilid_sp:4.0,(Axinactis_Glycymerella_americana_USNM22:4.0,(Hochstetteria_munita_USNM47:16.0,(Noetia_ponderosa_FLA01:13.0,(Bathyarca_sp_Brasil:11.0,(Glycymeris_striatularis:4.0,(Striarca_interplicata_USNM49:6.0,(Lima_lima:7.0,(Limopsis_forteradiata_AU01:3.0,(Pteria_colymbus_PR37:15.0,(Aupouria_parvula:6.0,(Melaxinaea_labyrintha:9.0,((Scaphula_celox_:7.0,(Tucetona_flabellata:3.0,(Glycymeris_formosus:2.0,(Bentharca_xenophoricola_FMNH13:10.0,(Hyotissa_hyotis_CR48:10.0,(Glycymeris_lividus_cf_MNHN28:5.0,(Grammatodontinae:3.0,(Barbatia_tenera:5.0,(Cosa_parallelogramma_USNM26:15.0,(Trisidos_semitorta_AU44:9.0,(Limopsis_loringi_AU11:15.0,(Stenocista_gambiensis_MNHN117:3.0,(((Anadara_ovalis:7.0,Anadara_transversa:9.0)HTU159:2.0,(Micromytilus_crenulatifera_AU140:5.0,(Notomytilus_rubra:2.0,(Anadara_floridana:19.0,Neocardia_sp_A_USNM15:5.0)HTU117:1.0)HTU158:2.0)HTU160:8.0)HTU101:6.0,(Barbatia_candida_PR04:2.0,(Barbatia_domingensis:5.0,Barbatia_lacerata:2.0)HTU151:2.0)HTU161:9.0)HTU102:0.0)HTU106:4.0)HTU108:0.0)HTU110:4.0)HTU112:3.0)HTU114:1.0)HTU118:2.0)HTU119:1.0)HTU121:0.0)HTU123:6.0)HTU125:1.0)HTU127:3.0)HTU128:1.0,(Pteria_hirundo:11.0,(Cratis_progressa:15.0,(Isognomon_bicolor_PR33:11.0,(Glycymeris_pilosa_FMNH06:4.0,(Lima_caribaea:9.0,(Striarca_olivacea:13.0,(Glycymeris_ovatus_CL02:2.0,(Glycymeris_glycymeris_MNHN120:0.0,(Bentharca_asperula_USNM68:3.0,(Barbatia_foliata:5.0,(Arcopsis_afra:8.0,(Atrina_rigida:14.0,(Scaphula_pinna_BM17:5.0,(Striarca_sp_MNHN101:5.0,(Empleconia_vaginatus_FMNH05:6.0,Glycymeris_grayana_AU14:6.0)HTU103:2.0)HTU104:2.0)HTU105:1.0)HTU107:5.0)HTU109:1.0)HTU111:7.0)HTU113:9.0)HTU115:0.0)HTU116:7.0)HTU120:0.0)HTU122:1.0)HTU124:1.0)HTU126:5.0)HTU129:0.0)HTU130:1.0)HTU131:0.0)HTU132:0.0)HTU133:2.0)HTU134:3.0)HTU135:4.0)HTU136:0.0)HTU137:3.0)HTU138:5.0)HTU139:0.0)HTU140:3.0)HTU141:3.0)HTU142:0.0)HTU143:2.0)HTU144:3.0)HTU145:1.0)HTU146:4.0)HTU147:2.0)HTU148:2.0)HTU149:5.0)HTU150:2.0)HTU152:1.0)HTU153:3.0)HTU154:9.0)HTU155:0.0)HTU156:4.0)HTU157:2.0,((Adacnarca_nitens:1.0,((((Limopsis_marionensis:4.0,Limopsis_soboles_AU39:2.0)HTU182:1.0,(Limopsis_diegensis:7.0,Limopsis_tenisoni_AU29:6.0)HTU193:1.0)HTU177:2.0,(((Senilia_senilis_FMNH20:8.0,(((((Bentharca_nodulosa:5.0,Litharca_lithodomus:5.0)HTU174:1.0,(Fugleria_illota:2.0,(Barbatia_amygdalumtostum:6.0,Barbatia_reeveana:2.0)HTU195:4.0)HTU190:2.0)HTU172:2.0,(Arcopsis_adamsi:3.0,(Arcopsis_solida:3.0,Sheldonella_repenta_AU33:5.0)HTU189:2.0)HTU194:8.0)HTU165:4.0,((Tucetona_pectunculus:2.0,(Glycymeris_holosericus_AU13:1.0,Glycymeris_reevei:4.0)HTU188:1.0)HTU183:12.0,(Scaphula_deltae_BMNH16:4.0,(Cucullaea_labiata:2.0,Parallelodontinae:1.0)HTU187:5.0)HTU192:4.0)HTU170:1.0)HTU164:2.0,(Bathyarca_sp_A:6.0,(Limaria_pellucida:1.0,(Lithophaga_plumula:0.0,(Isognomon_radiatus_PR29:2.0,((Isognomon_alatus_PR44:1.0,Pinctada_mazatlantica_CR49:4.0)HTU178:3.0,(Brachidontes_domingensis_PR26:5.0,Lithophaga_aristata:2.0)HTU186:6.0)HTU176:1.0)HTU173:1.0)HTU197:1.0)HTU171:10.0)HTU167:3.0)HTU163:2.0)HTU166:2.0,(Chama_frondosa_CR52:1.0,Chama_sp_PR41:3.0)HTU185:7.0)HTU168:4.0,(Limopsis_aurita_BMNH07:2.0,Limopsis_woodwardi_AU26:3.0)HTU196:2.0)HTU191:1.0)HTU169:10.0,(Lissarca_notarcadensis_USNM14:1.0,Lissarca_rubrofusca_USNM17:6.0)HTU179:2.0)HTU175:6.0)HTU180:0.0,(Philobrya_setosa_USNM41:5.0,Philobrya_sublaevis_USNM27:2.0)HTU184:3.0)HTU181:2.0)HTU162:0.0)HTU198:0.0)HTU100[1212.0];
(Adacnarca_limopsoides_USNM21:0.0,(Bathyarca_perversidens_AU36:19.0,((Malleus_candeanus_PR31:16.0,(Cosa_costata:2.0,(Cosa_waikikia:2.0,(Tucetona_gealei_MNHN113:9.0,(Lissarca_picta:11.0,(Trisidos_tortuosa_AU102:11.0,(Cosa_scabra_AU155:10.0,(Glycymeris_scripta_FMNH17:8.0,(Anadara_geissei_CV01:9.0,(Pinna_carnea_PR24:18.0,(Glycymeris_crebreliratus_AU40:4.0,(Axinactis_inaequalis:5.0,(Nipponarca_bistrigata:9.0,(Mytilid_sp:4.0,(Axinactis_Glycymerella_americana_USNM22:4.0,(Hochstetteria_munita_USNM47:16.0,(Noetia_ponderosa_FLA01:13.0,(Bathyarca_sp_Brasil:11.0,(Glycymeris_striatularis:4.0,(Striarca_interplicata_USNM49:7.0,(Limopsis_forteradiata_AU01:5.0,(Pteria_colymbus_PR37:14.0,(Chama_frondosa_CR52:9.0,(Aupouria_parvula:7.0,(Melaxinaea_labyrintha:9.0,((Scaphula_celox_:7.0,(Tucetona_flabellata:3.0,(Glycymeris_formosus:2.0,(Bentharca_xenophoricola_FMNH13:10.0,(Hyotissa_hyotis_CR48:10.0,(Glycymeris_lividus_cf_MNHN28:5.0,(Grammatodontinae:3.0,(Barbatia_tenera:6.0,(Cosa_parallelogramma_USNM26:12.0,(Limopsis_aurita_BMNH07:5.0,(Trisidos_semitorta_AU44:12.0,(Limopsis_loringi_AU11:11.0,(Stenocista_gambiensis_MNHN117:2.0,(Arcopsis_adamsi:7.0,(Barbatia_amygdalumtostum:4.0,(((Anadara_ovalis:8.0,Anadara_transversa:9.0)HTU159:2.0,(Micromytilus_crenulatifera_AU140:5.0,(Notomytilus_rubra:2.0,(Anadara_floridana:19.0,Neocardia_sp_A_USNM15:5.0)HTU118:1.0)HTU158:2.0)HTU160:9.0)HTU101:11.0,(Barbatia_candida_PR04:4.0,Barbatia_lacerata:3.0)HTU161:2.0)HTU102:0.0)HTU104:8.0)HTU106:2.0)HTU107:7.0)HTU109:1.0)HTU110:4.0)HTU112:0.0)HTU113:4.0)HTU115:1.0)HTU119:1.0)HTU120:1.0)HTU122:0.0)HTU124:6.0)HTU125:1.0)HTU127:4.0)HTU128:2.0,(Pteria_hirundo:4.0,(Cratis_progressa:21.0,(Lithophaga_plumula:0.0,(Isognomon_bicolor_PR33:4.0,(Lima_caribaea:3.0,(Striarca_olivacea:12.0,(Glycymeris_ovatus_CL02:2.0,(Glycymeris_glycymeris_MNHN120:1.0,(Bentharca_asperula_USNM68:7.0,(Isognomon_alatus_PR44:10.0,(Atrina_rigida:4.0,(Striarca_sp_MNHN101:8.0,(Empleconia_vaginatus_FMNH05:7.0,Glycymeris_grayana_AU14:6.0)HTU103:2.0)HTU105:9.0)HTU108:0.0)HTU111:11.0)HTU114:5.0)HTU116:0.0)HTU117:7.0)HTU121:7.0)HTU123:3.0)HTU126:0.0)HTU129:0.0)HTU130:0.0)HTU131:8.0)HTU132:1.0)HTU133:0.0)HTU134:3.0)HTU135:2.0)HTU136:7.0)HTU137:2.0)HTU138:1.0)HTU139:3.0)HTU140:0.0)HTU141:3.0)HTU142:3.0)HTU143:0.0)HTU144:2.0)HTU145:3.0)HTU146:1.0)HTU147:4.0)HTU148:2.0)HTU149:2.0)HTU150:5.0)HTU151:2.0)HTU152:1.0)HTU153:3.0)HTU154:9.0)HTU155:0.0)HTU156:4.0)HTU157:2.0,((Adacnarca_nitens:1.0,((((Limopsis_marionensis:3.0,Limopsis_soboles_AU39:3.0)HTU182:1.0,(Limopsis_diegensis:6.0,Limopsis_tenisoni_AU29:7.0)HTU193:1.0)HTU178:1.0,(Limopsis_woodwardi_AU26:3.0,(Chama_sp_PR41:11.0,(Senilia_senilis_FMNH20:9.0,(((((Bentharca_nodulosa:6.0,Litharca_lithodomus:4.0)HTU175:2.0,((Barbatia_domingensis:6.0,Fugleria_illota:2.0)HTU195:3.0,(Barbatia_foliata:2.0,Barbatia_reeveana:2.0)HTU196:2.0)HTU190:1.0)HTU173:1.0,(Sheldonella_repenta_AU33:2.0,(Arcopsis_afra:2.0,Arcopsis_solida:2.0)HTU197:2.0)HTU189:8.0)HTU165:6.0,((Tucetona_pectunculus:3.0,(Glycymeris_holosericus_AU13:1.0,(Glycymeris_pilosa_FMNH06:4.0,Glycymeris_reevei:3.0)HTU185:1.0)HTU188:1.0)HTU183:12.0,((Cucullaea_labiata:2.0,Parallelodontinae:1.0)HTU187:5.0,(Scaphula_deltae_BMNH16:1.0,Scaphula_pinna_BM17:0.0)HTU194:2.0)HTU192:4.0)HTU170:1.0)HTU164:4.0,(Bathyarca_sp_A:6.0,((Lima_lima:0.0,Limaria_pellucida:0.0)HTU172:3.0,(Isognomon_radiatus_PR29:1.0,(Pinctada_mazatlantica_CR49:6.0,(Brachidontes_domingensis_PR26:5.0,Lithophaga_aristata:2.0)HTU186:6.0)HTU177:3.0)HTU174:4.0)HTU171:10.0)HTU167:1.0)HTU163:2.0)HTU166:0.0)HTU168:4.0)HTU191:1.0)HTU169:8.0,(Lissarca_notarcadensis_USNM14:1.0,Lissarca_rubrofusca_USNM17:6.0)HTU179:4.0)HTU176:4.0)HTU180:0.0,(Philobrya_setosa_USNM41:5.0,Philobrya_sublaevis_USNM27:2.0)HTU184:3.0)HTU181:2.0)HTU162:0.0)HTU198:0.0)HTU100[1207.0];
