Alentus,Amblypygid,Americhernus,Aportus,Artemia,Centruoides,Chanbria,Gea,Hadrurus,Hypochilus,Limulus,Mastigoproctus,Pauroctonus,Rhiphicephalus,Thelichoris,Thermobius,Vonones
"0.0","170.0","267.0","121.0","217.0","197.0","183.0","241.0","187.0","184.0","183.0","184.0","200.0","201.0","186.0","186.0","170.0"
"170.0","0.0","225.0","180.0","189.0","138.0","136.0","199.0","174.0","138.0","125.0","133.0","151.0","167.0","123.0","175.0","130.0"
"267.0","225.0","0.0","256.0","257.0","247.0","254.0","264.0","247.0","235.0","241.0","248.0","250.0","258.0","233.0","265.0","231.0"
"121.0","180.0","256.0","0.0","226.0","196.0","192.0","237.0","204.0","220.0","187.0","189.0","200.0","219.0","212.0","195.0","167.0"
"217.0","189.0","257.0","226.0","0.0","129.0","158.0","188.0","184.0","162.0","160.0","163.0","186.0","192.0","162.0","185.0","182.0"
"197.0","138.0","247.0","196.0","129.0","0.0","141.0","165.0","124.0","126.0","125.0","131.0","130.0","169.0","133.0","181.0","146.0"
"183.0","136.0","254.0","192.0","158.0","141.0","0.0","170.0","185.0","133.0","104.0","108.0","152.0","158.0","122.0","180.0","128.0"
"241.0","199.0","264.0","237.0","188.0","165.0","170.0","0.0","212.0","150.0","171.0","174.0","185.0","222.0","169.0","220.0","186.0"
"187.0","174.0","247.0","204.0","184.0","124.0","185.0","212.0","0.0","161.0","161.0","174.0","128.0","196.0","179.0","192.0","177.0"
"184.0","138.0","235.0","220.0","162.0","126.0","133.0","150.0","161.0","0.0","121.0","120.0","166.0","170.0","84.0","185.0","146.0"
"183.0","125.0","241.0","187.0","160.0","125.0","104.0","171.0","161.0","121.0","0.0","115.0","133.0","161.0","131.0","156.0","111.0"
"184.0","133.0","248.0","189.0","163.0","131.0","108.0","174.0","174.0","120.0","115.0","0.0","130.0","156.0","124.0","157.0","128.0"
"200.0","151.0","250.0","200.0","186.0","130.0","152.0","185.0","128.0","166.0","133.0","130.0","0.0","170.0","145.0","159.0","136.0"
"201.0","167.0","258.0","219.0","192.0","169.0","158.0","222.0","196.0","170.0","161.0","156.0","170.0","0.0","100.0","176.0","157.0"
"186.0","123.0","233.0","212.0","162.0","133.0","122.0","169.0","179.0","84.0","131.0","124.0","145.0","100.0","0.0","178.0","142.0"
"186.0","175.0","265.0","195.0","185.0","181.0","180.0","220.0","192.0","185.0","156.0","157.0","159.0","176.0","178.0","0.0","158.0"
"170.0","130.0","231.0","167.0","182.0","146.0","128.0","186.0","177.0","146.0","111.0","128.0","136.0","157.0","142.0","158.0","0.0"
