(AlbanianTosk:97.4,((Cornish:193.20000000000002,(Yiddish:85.64999999999999,(EasternFrisianSaterland:90.45,(Faroese:71.0,(Icelandic:83.1,(AncientIonicGreek:60.4,Assamese:41.7)HTU17:31.95)HTU18:45.1)HTU19:9.1)HTU20:22.2)HTU21:10.1)HTU22:44.9,(KolschColognian:31.7,(OldPrussian:119.0,(Scots:97.5,(SanskritVedic:40.55,(Manx:185.70000000000002,(Danish:80.05,(ArmenianWestern:35.95,Irish:201.1)HTU30:105.19999999999999)HTU29:6.6)HTU28:43.35)HTU27:16.6)HTU26:41.1)HTU25:36.7)HTU24:23.6)HTU23:79.9)HTU16[1681.3999999999999];
(AlbanianTosk:112.15,((Danish:37.85,(AncientIonicGreek:24.299999999999997,(Scots:84.25,Yiddish:99.6)HTU20:47.8)HTU18:25.299999999999997)HTU17:12.45,(ArmenianWestern:148.55,(KolschColognian:69.6,(EasternFrisianSaterland:100.1,(Faroese:78.85,(OldPrussian:92.35,(Manx:190.29999999999998,(SanskritVedic:27.05,(Icelandic:111.1,(Assamese:29.05,(Cornish:160.1,Irish:204.45)HTU30:50.3)HTU29:39.6)HTU28:20.6)HTU27:28.25)HTU26:47.1)HTU25:43.9)HTU24:21.1)HTU23:25.75)HTU22:39.699999999999996)HTU21:33.6)HTU19:85.65)HTU16[1673.4000000000003];
(AlbanianTosk:84.0,(Irish:195.29999999999998,(OldPrussian:89.9,(EasternFrisianSaterland:107.55,(Yiddish:112.30000000000001,(SanskritVedic:43.6,(ArmenianWestern:109.35000000000001,(Faroese:48.1,(Cornish:191.29999999999998,(AncientIonicGreek:21.1,((Assamese:52.7,(Icelandic:83.1,(KolschColognian:24.4,Scots:130.0)HTU17:19.1)HTU18:41.95)HTU19:38.1,(Danish:31.1,Manx:211.65)HTU29:30.95)HTU20:30.4)HTU21:24.650000000000002)HTU22:32.6)HTU23:29.6)HTU24:60.35)HTU25:9.6)HTU26:8.45)HTU27:69.9)HTU28:18.55)HTU30:54.0)HTU16[1466.2999999999997];
