(Antarctic_neomeniomorph:120.5,(Perotrochus_lucaya:44.0,(Nautilus:93.0,(Lottia_gigantea:86.5,((Lingula_anatina:207.0,(Venerupis_philippinarum:208.5,((Scaphopods:189.5,(Ilyanassa_obsoleta:193.5,(Crassostrea_virginica:228.5,(Lymnaea_stagnalis:194.0,(Aplysia_californica:80.0,Helobdella_robusta:207.0)HTU29:6.5)HTU28:11.0)HTU27:8.0)HTU26:50.0)HTU25:63.5,(Greenland_neomeniomorph:141.5,(Solemya:102.0,(Cerebratulus_lacteus:183.5,Mytilus_californianus:64.5)HTU32:20.5)HTU30:31.0)HTU31:50.5)HTU33:13.5)HTU34:9.0)HTU35:35.5,((Octopus:147.5,(Chaetopleura_apiculata:87.5,Siphonaria_pectinata:213.5)HTU41:22.0)HTU38:36.0,(Littorina_littorea:110.5,((Euprymna_scolopes:106.0,Yoldia_limatula:202.5)HTU37:55.0,(Nucula:100.5,Venerupis_decussatus:212.0)HTU43:74.0)HTU39:29.0)HTU42:11.0)HTU40:12.5)HTU36:15.0)HTU44:14.0)HTU45:24.0)HTU46:56.5)HTU24[1786.0];
(Antarctic_neomeniomorph:120.5,(Perotrochus_lucaya:43.5,(Nautilus:94.5,(Lottia_gigantea:90.0,((Lingula_anatina:207.5,(Venerupis_philippinarum:209.0,((Scaphopods:189.5,(Ilyanassa_obsoleta:193.5,(Crassostrea_virginica:228.5,(Lymnaea_stagnalis:194.0,(Aplysia_californica:79.5,Helobdella_robusta:207.0)HTU29:6.0)HTU28:10.5)HTU27:7.5)HTU26:50.0)HTU25:62.0,(Greenland_neomeniomorph:147.0,(Cerebratulus_lacteus:180.5,Mytilus_californianus:68.5)HTU31:30.0)HTU30:44.5)HTU32:12.0)HTU33:8.5)HTU34:33.5,((Octopus:147.5,(Chaetopleura_apiculata:87.0,Siphonaria_pectinata:213.5)HTU40:22.5)HTU37:36.0,(Littorina_littorea:112.0,((Euprymna_scolopes:104.5,Yoldia_limatula:202.5)HTU36:54.0,(Solemya:94.5,(Nucula:85.0,Venerupis_decussatus:212.0)HTU43:17.0)HTU42:92.0)HTU38:29.0)HTU41:11.5)HTU39:14.0)HTU35:15.5)HTU44:12.5)HTU45:21.5)HTU46:57.0)HTU24[1778.0];
(Antarctic_neomeniomorph:119.5,(Perotrochus_lucaya:47.5,(Nautilus:102.0,(Lottia_gigantea:85.5,((Lingula_anatina:208.0,(Venerupis_philippinarum:209.5,((Octopus:137.5,(Euprymna_scolopes:134.0,(Scaphopods:191.0,(Ilyanassa_obsoleta:192.0,(Crassostrea_virginica:227.0,(Lymnaea_stagnalis:192.5,(Aplysia_californica:81.0,Helobdella_robusta:205.5)HTU29:9.5)HTU28:14.0)HTU27:11.0)HTU26:50.5)HTU25:48.5)HTU30:28.0)HTU31:49.0,(Cerebratulus_lacteus:175.5,Mytilus_californianus:70.5)HTU32:37.0)HTU33:21.0)HTU34:17.5)HTU35:41.5,((Chaetopleura_apiculata:93.0,Siphonaria_pectinata:214.5)HTU40:37.5,(Littorina_littorea:95.5,((Greenland_neomeniomorph:113.0,Yoldia_limatula:202.0)HTU37:48.0,(Solemya:92.5,(Nucula:85.5,Venerupis_decussatus:211.5)HTU43:18.0)HTU42:75.5)HTU38:52.5)HTU41:31.0)HTU39:27.0)HTU36:18.0)HTU44:16.0)HTU45:25.0)HTU46:59.0)HTU24[1757.0];
(Antarctic_neomeniomorph:119.5,(Perotrochus_lucaya:55.0,(Nautilus:103.0,(Lottia_gigantea:66.5,((Lingula_anatina:208.5,(Venerupis_philippinarum:210.0,((Octopus:129.5,(Euprymna_scolopes:132.0,(Scaphopods:205.5,(Ilyanassa_obsoleta:196.5,(Crassostrea_virginica:231.5,(Lymnaea_stagnalis:197.0,(Aplysia_californica:120.5,(Chaetopleura_apiculata:78.5,Helobdella_robusta:201.5)HTU30:18.0)HTU29:15.0)HTU28:14.0)HTU27:11.0)HTU26:20.0)HTU25:37.0)HTU31:30.5)HTU32:47.0,(Cerebratulus_lacteus:176.5,Mytilus_californianus:69.0)HTU33:33.5)HTU34:19.0)HTU35:14.5)HTU36:42.5,(Siphonaria_pectinata:232.5,(Littorina_littorea:118.5,((Greenland_neomeniomorph:111.0,Yoldia_limatula:202.5)HTU38:49.0,(Solemya:91.5,(Nucula:85.5,Venerupis_decussatus:212.0)HTU43:18.5)HTU42:73.5)HTU39:37.0)HTU41:18.5)HTU40:22.0)HTU37:20.5)HTU44:25.5)HTU45:36.5)HTU46:58.0)HTU24[1727.0];
(Antarctic_neomeniomorph:119.5,(Perotrochus_lucaya:51.5,(Nautilus:101.0,(Lottia_gigantea:71.0,((Lingula_anatina:208.5,(Venerupis_philippinarum:210.0,(((Scaphopods:208.5,(Ilyanassa_obsoleta:196.5,(Crassostrea_virginica:231.5,(Lymnaea_stagnalis:197.0,(Aplysia_californica:120.0,(Helobdella_robusta:211.5,(Chaetopleura_apiculata:4.0)#HTU46:4.0)HTU30:7.5)HTU29:13.0)HTU28:11.5)HTU27:8.5)HTU26:18.5)HTU25:48.5,(Euprymna_scolopes:6.0)#HTU47:6.0)HTU31:26.0,(Cerebratulus_lacteus:171.0,Mytilus_californianus:74.5)HTU32:38.0)HTU33:15.5)HTU34:11.0)HTU35:40.5,((Octopus:104.5,(Siphonaria_pectinata:213.0,#HTU46:1.5)HTU42:20.0)HTU39:56.5,(Littorina_littorea:115.0,((Greenland_neomeniomorph:111.5,(Yoldia_limatula:201.5,#HTU47:1.5)HTU38:23.0)HTU37:48.0,(Solemya:91.0,(Nucula:85.5,Venerupis_decussatus:211.5)HTU45:19.0)HTU44:75.0)HTU40:38.5)HTU43:23.0)HTU41:26.0)HTU36:16.5)HTU48:20.0)HTU49:31.5)HTU50:58.0)HTU24[1725.0];
(Antarctic_neomeniomorph:119.5,(Perotrochus_lucaya:51.5,(Nautilus:101.0,(Lottia_gigantea:71.0,((Lingula_anatina:208.5,(Venerupis_philippinarum:210.0,((Euprymna_scolopes:138.5,(Scaphopods:208.5,(Ilyanassa_obsoleta:196.5,(Crassostrea_virginica:231.5,(Lymnaea_stagnalis:197.0,(Aplysia_californica:120.0,(Chaetopleura_apiculata:79.0,Helobdella_robusta:201.5)HTU30:17.5)HTU29:13.0)HTU28:11.5)HTU27:8.5)HTU26:18.5)HTU25:32.0)HTU31:42.5,(Cerebratulus_lacteus:171.0,Mytilus_californianus:74.5)HTU32:38.0)HTU33:15.5)HTU34:11.0)HTU35:40.5,((Octopus:104.5,Siphonaria_pectinata:213.0)HTU38:56.5,(Littorina_littorea:115.0,((Greenland_neomeniomorph:111.5,Yoldia_limatula:201.5)HTU37:48.0,(Solemya:91.0,(Nucula:85.5,Venerupis_decussatus:211.5)HTU43:19.0)HTU42:75.0)HTU39:38.5)HTU41:23.0)HTU40:26.0)HTU36:16.5)HTU44:20.0)HTU45:31.5)HTU46:58.0)HTU24[1725.0];
